Component: ARM Compiler 5.06 update 3 (build 300) Tool: armlink [4d35c9]

==============================================================================

Section Cross References

    main.o(i.RPA_config) refers to app_error.o(i.app_error_handler_bare) for app_error_handler_bare
    main.o(i.RPA_config) refers to main.o(.constdata) for .constdata
    main.o(i.RPA_generation) refers to main.o(i.nrf_delay_ms) for nrf_delay_ms
    main.o(i.RPA_generation) refers to segger_rtt_printf.o(i.SEGGER_RTT_printf) for SEGGER_RTT_printf
    main.o(i.RPA_generation) refers to main.o(i.generate_hash) for generate_hash
    main.o(i.RPA_generation) refers to memcpya.o(.text) for __aeabi_memcpy4
    main.o(i.RPA_generation) refers to app_error.o(i.app_error_handler_bare) for app_error_handler_bare
    main.o(i.RPA_generation) refers to main.o(.conststring) for .conststring
    main.o(i.RPA_generation) refers to main.o(.constdata) for .constdata
    main.o(i.aes_ecb_encryption) refers to memseta.o(.text) for __aeabi_memclr4
    main.o(i.aes_ecb_encryption) refers to memcpya.o(.text) for __aeabi_memcpy
    main.o(i.aes_ecb_encryption) refers to app_error.o(i.app_error_handler_bare) for app_error_handler_bare
    main.o(i.aes_ecb_encryption) refers to main.o(.constdata) for .constdata
    main.o(i.assert_nrf_callback) refers to app_error.o(i.app_error_handler) for app_error_handler
    main.o(i.ble_evt_dispatch) refers to ble_conn_state.o(i.ble_conn_state_on_ble_evt) for ble_conn_state_on_ble_evt
    main.o(i.ble_evt_dispatch) refers to peer_manager.o(i.pm_on_ble_evt) for pm_on_ble_evt
    main.o(i.ble_evt_dispatch) refers to ble_conn_params.o(i.ble_conn_params_on_ble_evt) for ble_conn_params_on_ble_evt
    main.o(i.ble_evt_dispatch) refers to bsp_btn_ble.o(i.bsp_btn_ble_on_ble_evt) for bsp_btn_ble_on_ble_evt
    main.o(i.ble_evt_dispatch) refers to main.o(i.on_ble_evt) for on_ble_evt
    main.o(i.ble_evt_dispatch) refers to ble_advertising.o(i.ble_advertising_on_ble_evt) for ble_advertising_on_ble_evt
    main.o(i.ble_stack_init) refers to softdevice_handler.o(i.softdevice_handler_init) for softdevice_handler_init
    main.o(i.ble_stack_init) refers to app_error.o(i.app_error_handler_bare) for app_error_handler_bare
    main.o(i.ble_stack_init) refers to softdevice_handler.o(i.softdevice_enable_get_default_config) for softdevice_enable_get_default_config
    main.o(i.ble_stack_init) refers to softdevice_handler.o(i.softdevice_enable) for softdevice_enable
    main.o(i.ble_stack_init) refers to softdevice_handler.o(i.softdevice_ble_evt_handler_set) for softdevice_ble_evt_handler_set
    main.o(i.ble_stack_init) refers to softdevice_handler.o(i.softdevice_sys_evt_handler_set) for softdevice_sys_evt_handler_set
    main.o(i.ble_stack_init) refers to main.o(.constdata) for .constdata
    main.o(i.ble_stack_init) refers to main.o(.bss) for .bss
    main.o(i.ble_stack_init) refers to main.o(i.ble_evt_dispatch) for ble_evt_dispatch
    main.o(i.ble_stack_init) refers to main.o(i.sys_evt_dispatch) for sys_evt_dispatch
    main.o(i.bsp_event_handler) refers to main.o(i.sleep_mode_enter) for sleep_mode_enter
    main.o(i.bsp_event_handler) refers to app_error.o(i.app_error_handler_bare) for app_error_handler_bare
    main.o(i.bsp_event_handler) refers to ble_advertising.o(i.ble_advertising_restart_without_whitelist) for ble_advertising_restart_without_whitelist
    main.o(i.bsp_event_handler) refers to main.o(.data) for .data
    main.o(i.cal_RPA_gen_time) refers to main.o(i.nrf_delay_ms) for nrf_delay_ms
    main.o(i.cal_RPA_gen_time) refers to segger_rtt_printf.o(i.SEGGER_RTT_printf) for SEGGER_RTT_printf
    main.o(i.cal_RPA_gen_time) refers to app_timer.o(i.app_timer_cnt_get) for app_timer_cnt_get
    main.o(i.cal_RPA_gen_time) refers to main.o(i.RPA_generation) for RPA_generation
    main.o(i.cal_RPA_gen_time) refers to app_timer.o(i.app_timer_cnt_diff_compute) for app_timer_cnt_diff_compute
    main.o(i.cal_RPA_gen_time) refers to app_error.o(i.app_error_handler_bare) for app_error_handler_bare
    main.o(i.cal_RPA_gen_time) refers to main.o(i.ticks_to_ms) for ticks_to_ms
    main.o(i.generate_hash) refers to memseta.o(.text) for __aeabi_memclr4
    main.o(i.main) refers to app_timer.o(i.app_timer_init) for app_timer_init
    main.o(i.main) refers to app_error.o(i.app_error_handler_bare) for app_error_handler_bare
    main.o(i.main) refers to app_timer.o(i.app_timer_create) for app_timer_create
    main.o(i.main) refers to segger_rtt_printf.o(i.SEGGER_RTT_printf) for SEGGER_RTT_printf
    main.o(i.main) refers to bsp.o(i.bsp_init) for bsp_init
    main.o(i.main) refers to bsp_btn_ble.o(i.bsp_btn_ble_init) for bsp_btn_ble_init
    main.o(i.main) refers to main.o(i.ble_stack_init) for ble_stack_init
    main.o(i.main) refers to timeslot.o(i.timeslot_sd_init) for timeslot_sd_init
    main.o(i.main) refers to main.o(i.peer_manager_init) for peer_manager_init
    main.o(i.main) refers to memseta.o(.text) for __aeabi_memclr4
[...]
    m_ble_evt_handler                        0x20002128   Data           4  softdevice_handler.o(.data)
    m_sys_evt_handler                        0x2000212c   Data           4  softdevice_handler.o(.data)
    .data                                    0x20002130   Section        4  system_nrf51.o(.data)
    __tagsym$$used                           0x20002130   Number         0  system_nrf51.o(.data)
    fs_data                                  0x20002134   Section       16  fds.o(fs_data)
    __tagsym$$used                           0x20002134   Number         0  fds.o(fs_data)
    fs_config                                0x20002134   Data          16  fds.o(fs_data)
    .bss                                     0x20002144   Section       32  main.o(.bss)
    m_app_timer_id_data                      0x20002144   Data          32  main.o(.bss)
    .bss                                     0x20002164   Section      192  main.o(.bss)
    APP_TIMER_BUF                            0x20002164   Data         120  main.o(.bss)
    BLE_EVT_BUFFER                           0x200021dc   Data          72  main.o(.bss)
    .bss                                     0x20002224   Section       16  timeslot.o(.bss)
    m_timeslot_request                       0x20002224   Data          16  timeslot.o(.bss)
    .bss                                     0x20002234   Section       32  bsp.o(.bss)
    m_leds_timer_id_data                     0x20002234   Data          32  bsp.o(.bss)
    .bss                                     0x20002254   Section       32  bsp.o(.bss)
    m_alert_timer_id_data                    0x20002254   Data          32  bsp.o(.bss)
    .bss                                     0x20002274   Section       12  bsp.o(.bss)
    m_events_list                            0x20002274   Data          12  bsp.o(.bss)
    .bss                                     0x20002280   Section       32  bsp.o(.bss)
    m_button_timer_id_data                   0x20002280   Data          32  bsp.o(.bss)
    .bss                                     0x200022a0   Section      359  ble_advertising.o(.bss)
    m_adv_modes_config                       0x200022a0   Data          32  ble_advertising.o(.bss)
    m_advdata                                0x200022c0   Data          56  ble_advertising.o(.bss)
    m_manuf_specific_data                    0x200022f8   Data          12  ble_advertising.o(.bss)
    m_manuf_data_array                       0x20002304   Data          31  ble_advertising.o(.bss)
    m_service_data                           0x20002324   Data          12  ble_advertising.o(.bss)
    m_service_data_array                     0x20002330   Data          31  ble_advertising.o(.bss)
    m_whitelist_addrs                        0x2000234f   Data          56  ble_advertising.o(.bss)
    m_whitelist_irks                         0x20002387   Data         128  ble_advertising.o(.bss)
    .bss                                     0x20002408   Section       32  ble_advertising.o(.bss)
    m_p_whitelist_addrs                      0x20002408   Data          32  ble_advertising.o(.bss)
    .bss                                     0x20002428   Section       32  ble_advertising.o(.bss)
    m_p_whitelist_irks                       0x20002428   Data          32  ble_advertising.o(.bss)
    .bss                                     0x20002448   Section       32  ble_conn_params.o(.bss)
    m_conn_params_timer_id_data              0x20002448   Data          32  ble_conn_params.o(.bss)
    .bss                                     0x20002468   Section       28  ble_conn_params.o(.bss)
    m_conn_params_config                     0x20002468   Data          28  ble_conn_params.o(.bss)
    .bss                                     0x20002484   Section       52  ble_conn_state.o(.bss)
    m_bcs                                    0x20002484   Data          52  ble_conn_state.o(.bss)
    .bss                                     0x200024b8   Section      112  id_manager.o(.bss)
    m_connections                            0x200024b8   Data          96  id_manager.o(.bss)
    m_wlisted_peers                          0x20002518   Data          16  id_manager.o(.bss)
    .bss                                     0x20002528   Section      816  peer_database.o(.bss)
    buffer_memory                            0x20002528   Data         640  peer_database.o(.bss)
    m_write_buffer                           0x200027a8   Data          16  peer_database.o(.bss)
    m_write_buffer_records                   0x200027b8   Data         160  peer_database.o(.bss)
    .bss                                     0x20002858   Section       64  peer_id.o(.bss)
    m_pi                                     0x20002858   Data          64  peer_id.o(.bss)
    .bss                                     0x20002898   Section       12  peer_manager.o(.bss)
    m_evt_handlers                           0x20002898   Data          12  peer_manager.o(.bss)
    .bss                                     0x200028a4   Section       64  security_dispatcher.o(.bss)
    m_peer_pk                                0x200028a4   Data          64  security_dispatcher.o(.bss)
    .bss                                     0x200028e4   Section       20  nrf_drv_clock.o(.bss)
    m_clock_cb                               0x200028e4   Data          20  nrf_drv_clock.o(.bss)
    .bss                                     0x200028f8   Section       72  nrf_drv_gpiote.o(.bss)
    m_cb                                     0x200028f8   Data          72  nrf_drv_gpiote.o(.bss)
    .bss                                     0x20002940   Section       28  nrf_drv_uart.o(.bss)
    m_cb                                     0x20002940   Data          28  nrf_drv_uart.o(.bss)
    .bss                                     0x2000295c   Section       32  app_button.o(.bss)
    m_detection_delay_timer_id_data          0x2000295c   Data          32  app_button.o(.bss)
    .bss                                     0x2000297c   Section      284  fds.o(.bss)
    desc                                     0x2000297c   Data          12  fds.o(.bss)
    m_cb_table                               0x20002988   Data          32  fds.o(.bss)
    m_op_queue                               0x200029a8   Data         120  fds.o(.bss)
    m_chunk_queue                            0x20002a20   Data          72  fds.o(.bss)
    m_pages                                  0x20002a68   Data          32  fds.o(.bss)
    m_gc                                     0x20002a88   Data          16  fds.o(.bss)
    .bss                                     0x20002a98   Section      104  fstorage.o(.bss)
    m_queue                                  0x20002a98   Data         104  fstorage.o(.bss)
    .bss                                     0x20002b00   Section     1160  segger_rtt.o(.bss)
    _acUpBuffer                              0x20002b00   Data        1024  segger_rtt.o(.bss)
    _acDownBuffer                            0x20002f00   Data          16  segger_rtt.o(.bss)
    STACK                                    0x20002f88   Section     2048  arm_startup_nrf51.o(STACK)

    Global Symbols

    Symbol Name                              Value     Ov Type        Size  Object(Section)

    BuildAttributes$$THM_ISAv3M$S$PE$A:L22$X:L11$S22$IEEE1$IW$USESV6$~STKCKD$USESV7$~SHL$OTIME$ROPI$IEEEJ$EBA8$MICROLIB$REQ8$PRES8$EABIv2 0x00000000   Number         0  anon$$obj.o ABSOLUTE
    __ARM_use_no_argv                        0x00000000   Number         0  main.o ABSOLUTE
    __cpp_initialize__aeabi_                  - Undefined Weak Reference
    __cxa_finalize                            - Undefined Weak Reference
    _clock_init                               - Undefined Weak Reference
    _microlib_exit                            - Undefined Weak Reference
    __Vectors_Size                           0x000000c0   Number         0  arm_startup_nrf51.o ABSOLUTE
    __Vectors                                0x0001b000   Data           4  arm_startup_nrf51.o(RESET)
    __Vectors_End                            0x0001b0c0   Data           0  arm_startup_nrf51.o(RESET)
    __main                                   0x0001b0c1   Thumb Code     0  entry.o(.ARM.Collect$$$$00000000)
    _main_stk                                0x0001b0c1   Thumb Code     0  entry2.o(.ARM.Collect$$$$00000001)
    _main_scatterload                        0x0001b0c5   Thumb Code     0  entry5.o(.ARM.Collect$$$$00000004)
    __main_after_scatterload                 0x0001b0c9   Thumb Code     0  entry5.o(.ARM.Collect$$$$00000004)
    _main_clock                              0x0001b0c9   Thumb Code     0  entry7b.o(.ARM.Collect$$$$00000008)
    _main_cpp_init                           0x0001b0c9   Thumb Code     0  entry8b.o(.ARM.Collect$$$$0000000A)
    _main_init                               0x0001b0c9   Thumb Code     0  entry9a.o(.ARM.Collect$$$$0000000B)
    __rt_final_cpp                           0x0001b0d1   Thumb Code     0  entry10a.o(.ARM.Collect$$$$0000000D)
    __rt_final_exit                          0x0001b0d1   Thumb Code     0  entry11a.o(.ARM.Collect$$$$0000000F)
    Reset_Handler                            0x0001b0d5   Thumb Code    26  arm_startup_nrf51.o(.text)
    NMI_Handler                              0x0001b0ef   Thumb Code     2  arm_startup_nrf51.o(.text)
    HardFault_Handler                        0x0001b0f1   Thumb Code     2  arm_startup_nrf51.o(.text)
    SVC_Handler                              0x0001b0f3   Thumb Code     2  arm_startup_nrf51.o(.text)
    PendSV_Handler                           0x0001b0f5   Thumb Code     2  arm_startup_nrf51.o(.text)
    SysTick_Handler                          0x0001b0f7   Thumb Code     2  arm_startup_nrf51.o(.text)
    ADC_IRQHandler                           0x0001b0f9   Thumb Code     0  arm_startup_nrf51.o(.text)
    CCM_AAR_IRQHandler                       0x0001b0f9   Thumb Code     0  arm_startup_nrf51.o(.text)
    ECB_IRQHandler                           0x0001b0f9   Thumb Code     0  arm_startup_nrf51.o(.text)
    LPCOMP_IRQHandler                        0x0001b0f9   Thumb Code     0  arm_startup_nrf51.o(.text)
    QDEC_IRQHandler                          0x0001b0f9   Thumb Code     0  arm_startup_nrf51.o(.text)
    RADIO_IRQHandler                         0x0001b0f9   Thumb Code     0  arm_startup_nrf51.o(.text)
    RNG_IRQHandler                           0x0001b0f9   Thumb Code     0  arm_startup_nrf51.o(.text)
    RTC0_IRQHandler                          0x0001b0f9   Thumb Code     0  arm_startup_nrf51.o(.text)
    SPI0_TWI0_IRQHandler                     0x0001b0f9   Thumb Code     0  arm_startup_nrf51.o(.text)
    SPI1_TWI1_IRQHandler                     0x0001b0f9   Thumb Code     0  arm_startup_nrf51.o(.text)
    SWI1_IRQHandler                          0x0001b0f9   Thumb Code     0  arm_startup_nrf51.o(.text)
    SWI3_IRQHandler                          0x0001b0f9   Thumb Code     0  arm_startup_nrf51.o(.text)
    SWI4_IRQHandler                          0x0001b0f9   Thumb Code     0  arm_startup_nrf51.o(.text)
    SWI5_IRQHandler                          0x0001b0f9   Thumb Code     0  arm_startup_nrf51.o(.text)
    TEMP_IRQHandler                          0x0001b0f9   Thumb Code     0  arm_startup_nrf51.o(.text)
    TIMER0_IRQHandler                        0x0001b0f9   Thumb Code     0  arm_startup_nrf51.o(.text)
    TIMER1_IRQHandler                        0x0001b0f9   Thumb Code     0  arm_startup_nrf51.o(.text)
    TIMER2_IRQHandler                        0x0001b0f9   Thumb Code     0  arm_startup_nrf51.o(.text)
    WDT_IRQHandler                           0x0001b0f9   Thumb Code     0  arm_startup_nrf51.o(.text)
    __aeabi_uidiv                            0x0001b10d   Thumb Code     0  uidiv.o(.text)
    __aeabi_uidivmod                         0x0001b10d   Thumb Code    44  uidiv.o(.text)
    __aeabi_idiv                             0x0001b139   Thumb Code     0  idiv.o(.text)
    __aeabi_idivmod                          0x0001b139   Thumb Code    40  idiv.o(.text)
    __aeabi_memcpy                           0x0001b161   Thumb Code    36  memcpya.o(.text)
    __aeabi_memcpy4                          0x0001b161   Thumb Code     0  memcpya.o(.text)
    __aeabi_memcpy8                          0x0001b161   Thumb Code     0  memcpya.o(.text)
    __aeabi_memset                           0x0001b185   Thumb Code    14  memseta.o(.text)
    __aeabi_memset4                          0x0001b185   Thumb Code     0  memseta.o(.text)
    __aeabi_memset8                          0x0001b185   Thumb Code     0  memseta.o(.text)
    __aeabi_memclr                           0x0001b193   Thumb Code     4  memseta.o(.text)
    __aeabi_memclr4                          0x0001b193   Thumb Code     0  memseta.o(.text)
    __aeabi_memclr8                          0x0001b193   Thumb Code     0  memseta.o(.text)
    _memset$wrapper                          0x0001b197   Thumb Code    18  memseta.o(.text)
    strcat                                   0x0001b1a9   Thumb Code    24  strcat.o(.text)
    memcmp                                   0x0001b1c1   Thumb Code    26  memcmp.o(.text)
    strcpy                                   0x0001b1db   Thumb Code    18  strcpy.o(.text)
    __aeabi_dmul                             0x0001b1ed   Thumb Code   202  dmul.o(.text)
    __ARM_scalbn                             0x0001b2bd   Thumb Code    44  dscalb.o(.text)
    scalbn                                   0x0001b2bd   Thumb Code     0  dscalb.o(.text)
    __aeabi_ui2d                             0x0001b2e9   Thumb Code    24  dfltui.o(.text)
    __aeabi_d2uiz                            0x0001b305   Thumb Code    50  dfixui.o(.text)
    __aeabi_llsr                             0x0001b341   Thumb Code    34  llushr.o(.text)
    _ll_ushift_r                             0x0001b341   Thumb Code     0  llushr.o(.text)
    __I$use$fp                               0x0001b363   Thumb Code     0  iusefp.o(.text)
    _double_round                            0x0001b363   Thumb Code    26  depilogue.o(.text)
    _double_epilogue                         0x0001b37d   Thumb Code   164  depilogue.o(.text)
    __aeabi_dadd                             0x0001b421   Thumb Code   328  dadd.o(.text)
    __aeabi_dsub                             0x0001b569   Thumb Code    12  dadd.o(.text)
    __aeabi_drsub                            0x0001b575   Thumb Code    12  dadd.o(.text)
    __aeabi_cdrcmple                         0x0001b585   Thumb Code    38  cdrcmple.o(.text)
    __scatterload                            0x0001b5ad   Thumb Code    28  init.o(.text)
    __scatterload_rt2                        0x0001b5ad   Thumb Code     0  init.o(.text)
    __aeabi_llsl                             0x0001b5d1   Thumb Code    32  llshl.o(.text)
    _ll_shift_l                              0x0001b5d1   Thumb Code     0  llshl.o(.text)
    __aeabi_lasr                             0x0001b5f1   Thumb Code    38  llsshr.o(.text)
    _ll_sshift_r                             0x0001b5f1   Thumb Code     0  llsshr.o(.text)
    __decompress                             0x0001b617   Thumb Code     0  __dczerorl2.o(.text)
    __decompress1                            0x0001b617   Thumb Code    86  __dczerorl2.o(.text)
    GPIOTE_IRQHandler                        0x0001b66d   Thumb Code   316  nrf_drv_gpiote.o(i.GPIOTE_IRQHandler)
    POWER_CLOCK_IRQHandler                   0x0001b801   Thumb Code    70  nrf_drv_clock.o(i.POWER_CLOCK_IRQHandler)
    RPA_generation                           0x0001b855   Thumb Code   236  main.o(i.RPA_generation)
    RTC1_IRQHandler                          0x0001b9d9   Thumb Code    28  app_timer.o(i.RTC1_IRQHandler)
    SEGGER_RTT_Write                         0x0001b9f9   Thumb Code    32  segger_rtt.o(i.SEGGER_RTT_Write)
    SEGGER_RTT_WriteNoLock                   0x0001ba1d   Thumb Code    86  segger_rtt.o(i.SEGGER_RTT_WriteNoLock)
    SEGGER_RTT_printf                        0x0001ba79   Thumb Code    24  segger_rtt_printf.o(i.SEGGER_RTT_printf)
    SEGGER_RTT_vprintf                       0x0001ba91   Thumb Code   404  segger_rtt_printf.o(i.SEGGER_RTT_vprintf)
    SWI0_IRQHandler                          0x0001bc25   Thumb Code     8  app_timer.o(i.SWI0_IRQHandler)
    SWI2_IRQHandler                          0x0001bc2d   Thumb Code    28  softdevice_handler.o(i.SWI2_IRQHandler)
    SystemInit                               0x0001bc4d   Thumb Code   130  system_nrf51.o(i.SystemInit)
    UART0_IRQHandler                         0x0001bced   Thumb Code    12  nrf_drv_uart.o(i.UART0_IRQHandler)
    __ARM_clz                                0x0001bfff   Thumb Code    46  depilogue.o(i.__ARM_clz)
    __ARM_common_switch8                     0x0001c02d   Thumb Code    26  main.o(i.__ARM_common_switch8)
    __scatterload_copy                       0x0001c047   Thumb Code    14  handlers.o(i.__scatterload_copy)
    __scatterload_null                       0x0001c055   Thumb Code     2  handlers.o(i.__scatterload_null)
    __scatterload_zeroinit                   0x0001c057   Thumb Code    14  handlers.o(i.__scatterload_zeroinit)
    addr_compare                             0x0001c081   Thumb Code    40  id_manager.o(i.addr_compare)
    adv_data_encode                          0x0001c0a9   Thumb Code   398  ble_advdata.o(i.adv_data_encode)
    aes_ecb_encryption                       0x0001c2dd   Thumb Code    62  main.o(i.aes_ecb_encryption)
    ah                                       0x0001c321   Thumb Code    78  id_manager.o(i.ah)
    app_button_enable                        0x0001c389   Thumb Code    32  app_button.o(i.app_button_enable)
    app_button_init                          0x0001c3ad   Thumb Code   100  app_button.o(i.app_button_init)
    app_error_fault_handler                  0x0001c421   Thumb Code    18  app_error_weak.o(i.app_error_fault_handler)
    app_error_handler_bare                   0x0001c43d   Thumb Code    20  app_error.o(i.app_error_handler_bare)
    app_timer_cnt_diff_compute               0x0001c455   Thumb Code    12  app_timer.o(i.app_timer_cnt_diff_compute)
    app_timer_cnt_get                        0x0001c461   Thumb Code     6  app_timer.o(i.app_timer_cnt_get)
    app_timer_create                         0x0001c46d   Thumb Code    40  app_timer.o(i.app_timer_create)
    app_timer_init                           0x0001c499   Thumb Code    98  app_timer.o(i.app_timer_init)
    app_timer_start                          0x0001c50d   Thumb Code   128  app_timer.o(i.app_timer_start)
    app_timer_stop                           0x0001c595   Thumb Code    36  app_timer.o(i.app_timer_stop)
    app_util_critical_region_enter           0x0001c5bd   Thumb Code    48  app_util_platform.o(i.app_util_critical_region_enter)
    app_util_critical_region_exit            0x0001c5f9   Thumb Code    36  app_util_platform.o(i.app_util_critical_region_exit)
    ble_advdata_set                          0x0001c6c5   Thumb Code   104  ble_advdata.o(i.ble_advdata_set)
    ble_advertising_init                     0x0001c72d   Thumb Code   340  ble_advertising.o(i.ble_advertising_init)
    ble_advertising_on_ble_evt               0x0001c889   Thumb Code    82  ble_advertising.o(i.ble_advertising_on_ble_evt)
    ble_advertising_on_sys_evt               0x0001c8e1   Thumb Code    42  ble_advertising.o(i.ble_advertising_on_sys_evt)
    ble_advertising_restart_without_whitelist 0x0001c911   Thumb Code    50  ble_advertising.o(i.ble_advertising_restart_without_whitelist)
    ble_advertising_start                    0x0001c94d   Thumb Code   256  ble_advertising.o(i.ble_advertising_start)
    ble_conn_params_on_ble_evt               0x0001ca55   Thumb Code   130  ble_conn_params.o(i.ble_conn_params_on_ble_evt)
    ble_conn_state_conn_handles              0x0001cae5   Thumb Code    14  ble_conn_state.o(i.ble_conn_state_conn_handles)
    ble_conn_state_encrypted                 0x0001caf9   Thumb Code    16  ble_conn_state.o(i.ble_conn_state_encrypted)
    ble_conn_state_mitm_protected            0x0001cb0d   Thumb Code    16  ble_conn_state.o(i.ble_conn_state_mitm_protected)
    ble_conn_state_on_ble_evt                0x0001cb21   Thumb Code   238  ble_conn_state.o(i.ble_conn_state_on_ble_evt)
    ble_conn_state_role                      0x0001cc19   Thumb Code    46  ble_conn_state.o(i.ble_conn_state_role)
    ble_conn_state_user_flag_acquire         0x0001cc4d   Thumb Code    42  ble_conn_state.o(i.ble_conn_state_user_flag_acquire)
    ble_conn_state_user_flag_collection      0x0001cc7d   Thumb Code    20  ble_conn_state.o(i.ble_conn_state_user_flag_collection)
    ble_conn_state_user_flag_get             0x0001cc95   Thumb Code    32  ble_conn_state.o(i.ble_conn_state_user_flag_get)
    ble_conn_state_user_flag_set             0x0001ccb9   Thumb Code    36  ble_conn_state.o(i.ble_conn_state_user_flag_set)
    ble_srv_is_notification_enabled          0x0001cd67   Thumb Code    14  ble_srv_common.o(i.ble_srv_is_notification_enabled)
    bsp_btn_ble_init                         0x0001cde5   Thumb Code    80  bsp_btn_ble.o(i.bsp_btn_ble_init)
    bsp_btn_ble_on_ble_evt                   0x0001ce39   Thumb Code   114  bsp_btn_ble.o(i.bsp_btn_ble_on_ble_evt)
    bsp_btn_ble_sleep_mode_prepare           0x0001ceb1   Thumb Code    20  bsp_btn_ble.o(i.bsp_btn_ble_sleep_mode_prepare)
    bsp_button_is_pressed                    0x0001cf65   Thumb Code    34  bsp.o(i.bsp_button_is_pressed)
    bsp_event_to_button_action_assign        0x0001cfd5   Thumb Code    66  bsp.o(i.bsp_event_to_button_action_assign)
    bsp_indication_set                       0x0001d01d   Thumb Code    22  bsp.o(i.bsp_indication_set)
    bsp_init                                 0x0001d039   Thumb Code   134  bsp.o(i.bsp_init)
    bsp_wakeup_buttons_set                   0x0001d2d1   Thumb Code    50  bsp.o(i.bsp_wakeup_buttons_set)
    cal_RPA_gen_time                         0x0001d319   Thumb Code    76  main.o(i.cal_RPA_gen_time)
    ceil                                     0x0001d399   Thumb Code   180  ceil.o(i.ceil)
    chunk_queue_next                         0x0001d4f5   Thumb Code    20  fds.o(i.chunk_queue_next)
    configure_next_event_earliest            0x0001d619   Thumb Code    26  timeslot.o(i.configure_next_event_earliest)
    configure_next_event_normal              0x0001d645   Thumb Code    26  timeslot.o(i.configure_next_event_normal)
    fds_file_delete                          0x0001db29   Thumb Code    66  fds.o(i.fds_file_delete)
    fds_gc                                   0x0001db75   Thumb Code    62  fds.o(i.fds_gc)
    fds_init                                 0x0001dbbd   Thumb Code   134  fds.o(i.fds_init)
    fds_record_close                         0x0001dc49   Thumb Code    60  fds.o(i.fds_record_close)
    fds_record_find                          0x0001dc89   Thumb Code    14  fds.o(i.fds_record_find)
    fds_record_find_by_key                   0x0001dc97   Thumb Code    16  fds.o(i.fds_record_find_by_key)
    fds_record_find_in_file                  0x0001dca7   Thumb Code    16  fds.o(i.fds_record_find_in_file)
    fds_record_id_from_desc                  0x0001dcb7   Thumb Code    20  fds.o(i.fds_record_id_from_desc)
    fds_record_open                          0x0001dccd   Thumb Code    64  fds.o(i.fds_record_open)
    fds_record_update                        0x0001dd11   Thumb Code    20  fds.o(i.fds_record_update)
    fds_record_write                         0x0001dd25   Thumb Code    12  fds.o(i.fds_record_write)
    fds_record_write_reserved                0x0001dd31   Thumb Code    18  fds.o(i.fds_record_write_reserved)
    fds_register                             0x0001dd45   Thumb Code    28  fds.o(i.fds_register)
    fds_reserve                              0x0001dd69   Thumb Code    48  fds.o(i.fds_reserve)
    fds_reserve_cancel                       0x0001dd9d   Thumb Code    62  fds.o(i.fds_reserve_cancel)
    fs_erase                                 0x0001dea9   Thumb Code   118  fstorage.o(i.fs_erase)
    fs_init                                  0x0001df31   Thumb Code   154  fstorage.o(i.fs_init)
    fs_queued_op_count_get                   0x0001dfdd   Thumb Code    18  fstorage.o(i.fs_queued_op_count_get)
    fs_store                                 0x0001dff5   Thumb Code   128  fstorage.o(i.fs_store)
    fs_sys_event_handler                     0x0001e079   Thumb Code    94  fstorage.o(i.fs_sys_event_handler)
    gcm_ble_evt_handler                      0x0001e2b5   Thumb Code   232  gatt_cache_manager.o(i.gcm_ble_evt_handler)
    gcm_gscm_evt_handler                     0x0001e3a5   Thumb Code    96  gatt_cache_manager.o(i.gcm_gscm_evt_handler)
    gcm_im_evt_handler                       0x0001e40d   Thumb Code    40  gatt_cache_manager.o(i.gcm_im_evt_handler)
    gcm_init                                 0x0001e439   Thumb Code    66  gatt_cache_manager.o(i.gcm_init)
    gcm_local_database_has_changed           0x0001e481   Thumb Code    66  gatt_cache_manager.o(i.gcm_local_database_has_changed)
    gcm_smd_evt_handler                      0x0001e4cd   Thumb Code    16  gatt_cache_manager.o(i.gcm_smd_evt_handler)
    generate_hash                            0x0001e4dd   Thumb Code    78  main.o(i.generate_hash)
    get_connection_by_conn_handle            0x0001e52d   Thumb Code    48  id_manager.o(i.get_connection_by_conn_handle)
    get_free_connection                      0x0001e565   Thumb Code    40  id_manager.o(i.get_free_connection)
    gscm_db_change_notification_done         0x0001e5e5   Thumb Code    22  gatts_cache_manager.o(i.gscm_db_change_notification_done)
    gscm_init                                0x0001e601   Thumb Code    16  gatts_cache_manager.o(i.gscm_init)
    gscm_local_database_has_changed          0x0001e615   Thumb Code    18  gatts_cache_manager.o(i.gscm_local_database_has_changed)
    gscm_local_db_cache_apply                0x0001e631   Thumb Code   104  gatts_cache_manager.o(i.gscm_local_db_cache_apply)
    gscm_local_db_cache_update               0x0001e69d   Thumb Code   124  gatts_cache_manager.o(i.gscm_local_db_cache_update)
    gscm_pdb_evt_handler                     0x0001e721   Thumb Code    68  gatts_cache_manager.o(i.gscm_pdb_evt_handler)
    gscm_service_changed_ind_needed          0x0001e76d   Thumb Code    28  gatts_cache_manager.o(i.gscm_service_changed_ind_needed)
    gscm_service_changed_ind_send            0x0001e789   Thumb Code    32  gatts_cache_manager.o(i.gscm_service_changed_ind_send)
    im_address_resolve                       0x0001e7d1   Thumb Code    64  id_manager.o(i.im_address_resolve)
    im_ble_addr_get                          0x0001e811   Thumb Code    38  id_manager.o(i.im_ble_addr_get)
    im_ble_evt_handler                       0x0001e83d   Thumb Code   162  id_manager.o(i.im_ble_evt_handler)
    im_conn_handle_get                       0x0001e8e5   Thumb Code    34  id_manager.o(i.im_conn_handle_get)
    im_init                                  0x0001e911   Thumb Code    60  id_manager.o(i.im_init)
    im_is_duplicate_bonding_data             0x0001e959   Thumb Code    56  id_manager.o(i.im_is_duplicate_bonding_data)
    im_master_id_is_valid                    0x0001e991   Thumb Code    28  id_manager.o(i.im_master_id_is_valid)
    im_master_ids_compare                    0x0001e9ad   Thumb Code    44  id_manager.o(i.im_master_ids_compare)
    im_new_peer_id                           0x0001e9d9   Thumb Code     8  id_manager.o(i.im_new_peer_id)
    im_pdb_evt_handler                       0x0001e9e1   Thumb Code   110  id_manager.o(i.im_pdb_evt_handler)
    im_peer_free                             0x0001ea51   Thumb Code    38  id_manager.o(i.im_peer_free)
    im_peer_id_get_by_conn_handle            0x0001ea7d   Thumb Code    24  id_manager.o(i.im_peer_id_get_by_conn_handle)
    im_peer_id_get_by_master_id              0x0001ea9d   Thumb Code    62  id_manager.o(i.im_peer_id_get_by_master_id)
    intern_softdevice_events_execute         0x0001eba1   Thumb Code   122  softdevice_handler.o(i.intern_softdevice_events_execute)
    is_valid_irk                             0x0001ec85   Thumb Code    22  id_manager.o(i.is_valid_irk)
    main                                     0x0001f259   Thumb Code   302  main.o(i.main)
    manu_data_set                            0x0001f3d1   Thumb Code    74  main.o(i.manu_data_set)
    new_connection                           0x0001f529   Thumb Code    80  id_manager.o(i.new_connection)
    next_id_get                              0x0001f585   Thumb Code    48  peer_id.o(i.next_id_get)
    nrf_drv_clock_init                       0x0001f62d   Thumb Code    50  nrf_drv_clock.o(i.nrf_drv_clock_init)
    nrf_drv_clock_on_sd_enable               0x0001f669   Thumb Code    46  nrf_drv_clock.o(i.nrf_drv_clock_on_sd_enable)
    nrf_drv_clock_on_soc_event               0x0001f69d   Thumb Code    12  nrf_drv_clock.o(i.nrf_drv_clock_on_soc_event)
    nrf_drv_common_irq_enable                0x0001f6a9   Thumb Code    78  nrf_drv_common.o(i.nrf_drv_common_irq_enable)
    nrf_drv_gpiote_in_event_enable           0x0001f709   Thumb Code   134  nrf_drv_gpiote.o(i.nrf_drv_gpiote_in_event_enable)
    nrf_drv_gpiote_in_init                   0x0001f7a1   Thumb Code   146  nrf_drv_gpiote.o(i.nrf_drv_gpiote_in_init)
    nrf_drv_gpiote_in_is_set                 0x0001f845   Thumb Code    16  nrf_drv_gpiote.o(i.nrf_drv_gpiote_in_is_set)
    nrf_drv_gpiote_init                      0x0001f859   Thumb Code    84  nrf_drv_gpiote.o(i.nrf_drv_gpiote_init)
    nrf_drv_gpiote_is_init                   0x0001f8b5   Thumb Code    12  nrf_drv_gpiote.o(i.nrf_drv_gpiote_is_init)
    nrf_evt_signal_handler                   0x0001f8c5   Thumb Code    22  timeslot.o(i.nrf_evt_signal_handler)
    pdb_init                                 0x0001fd51   Thumb Code    62  peer_database.o(i.pdb_init)
    pdb_next_deleted_peer_id_get             0x0001fd9d   Thumb Code     8  peer_database.o(i.pdb_next_deleted_peer_id_get)
    pdb_next_peer_id_get                     0x0001fda5   Thumb Code     8  peer_database.o(i.pdb_next_peer_id_get)
    pdb_pds_evt_handler                      0x0001fdad   Thumb Code   300  peer_database.o(i.pdb_pds_evt_handler)
    pdb_peer_allocate                        0x0001fee1   Thumb Code     8  peer_database.o(i.pdb_peer_allocate)
    pdb_peer_data_load                       0x0001fee9   Thumb Code    16  peer_database.o(i.pdb_peer_data_load)
    pdb_peer_data_ptr_get                    0x0001fef9   Thumb Code    10  peer_database.o(i.pdb_peer_data_ptr_get)
    pdb_peer_free                            0x0001ff03   Thumb Code    74  peer_database.o(i.pdb_peer_free)
    pdb_raw_store                            0x0001ff4d   Thumb Code    12  peer_database.o(i.pdb_raw_store)
    pdb_write_buf_get                        0x0001ff59   Thumb Code   256  peer_database.o(i.pdb_write_buf_get)
    pdb_write_buf_release                    0x00020061   Thumb Code    42  peer_database.o(i.pdb_write_buf_release)
    pdb_write_buf_store                      0x0002008d   Thumb Code   190  peer_database.o(i.pdb_write_buf_store)
    pdb_write_buf_store_prepare              0x00020155   Thumb Code    98  peer_database.o(i.pdb_write_buf_store_prepare)
    pds_init                                 0x000201c9   Thumb Code   100  peer_data_storage.o(i.pds_init)
    pds_next_deleted_peer_id_get             0x00020239   Thumb Code     8  peer_data_storage.o(i.pds_next_deleted_peer_id_get)
    pds_next_peer_id_get                     0x00020241   Thumb Code     8  peer_data_storage.o(i.pds_next_peer_id_get)
    pds_peer_data_iterate                    0x00020249   Thumb Code    80  peer_data_storage.o(i.pds_peer_data_iterate)
    pds_peer_data_iterate_prepare            0x0002029d   Thumb Code    10  peer_data_storage.o(i.pds_peer_data_iterate_prepare)
    pds_peer_data_read                       0x000202ad   Thumb Code   112  peer_data_storage.o(i.pds_peer_data_read)
    pds_peer_data_store                      0x0002031d   Thumb Code   170  peer_data_storage.o(i.pds_peer_data_store)
    pds_peer_id_allocate                     0x000203c9   Thumb Code    10  peer_data_storage.o(i.pds_peer_id_allocate)
    pds_peer_id_free                         0x000203d9   Thumb Code    22  peer_data_storage.o(i.pds_peer_id_free)
    pds_peer_id_is_allocated                 0x000203ef   Thumb Code     8  peer_data_storage.o(i.pds_peer_id_is_allocated)
    pds_space_reserve                        0x000203f7   Thumb Code    48  peer_data_storage.o(i.pds_space_reserve)
    pds_space_reserve_cancel                 0x00020427   Thumb Code    16  peer_data_storage.o(i.pds_space_reserve_cancel)
    peer_id_allocate                         0x00020525   Thumb Code    10  peer_id.o(i.peer_id_allocate)
    peer_id_delete                           0x00020535   Thumb Code    30  peer_id.o(i.peer_id_delete)
    peer_id_free                             0x0002055d   Thumb Code    22  peer_id.o(i.peer_id_free)
    peer_id_get_next_deleted                 0x00020579   Thumb Code    10  peer_id.o(i.peer_id_get_next_deleted)
    peer_id_get_next_used                    0x00020589   Thumb Code    42  peer_id.o(i.peer_id_get_next_used)
    peer_id_init                             0x000205bd   Thumb Code    34  peer_id.o(i.peer_id_init)
    peer_id_is_allocated                     0x000205e5   Thumb Code    20  peer_id.o(i.peer_id_is_allocated)
    peer_id_is_deleted                       0x000205fd   Thumb Code    20  peer_id.o(i.peer_id_is_deleted)
    pm_buffer_block_acquire                  0x000206e5   Thumb Code    94  pm_buffer.o(i.pm_buffer_block_acquire)
    pm_buffer_init                           0x00020743   Thumb Code    66  pm_buffer.o(i.pm_buffer_init)
    pm_buffer_ptr_get                        0x00020785   Thumb Code    46  pm_buffer.o(i.pm_buffer_ptr_get)
    pm_buffer_release                        0x000207b3   Thumb Code    42  pm_buffer.o(i.pm_buffer_release)
    pm_conn_sec_config_reply                 0x000207dd   Thumb Code     8  peer_manager.o(i.pm_conn_sec_config_reply)
    pm_conn_secure                           0x000207e5   Thumb Code    20  peer_manager.o(i.pm_conn_secure)
    pm_gcm_evt_handler                       0x00020879   Thumb Code   128  peer_manager.o(i.pm_gcm_evt_handler)
    pm_im_evt_handler                        0x000208f9   Thumb Code    74  peer_manager.o(i.pm_im_evt_handler)
    pm_init                                  0x00020949   Thumb Code   108  peer_manager.o(i.pm_init)
    pm_local_database_has_changed            0x000209b9   Thumb Code    16  peer_manager.o(i.pm_local_database_has_changed)
    pm_mutex_init                            0x000209cd   Thumb Code    16  pm_mutex.o(i.pm_mutex_init)
    pm_mutex_lock                            0x000209dd   Thumb Code    28  pm_mutex.o(i.pm_mutex_lock)
    pm_mutex_lock_first_available            0x000209f9   Thumb Code    52  pm_mutex.o(i.pm_mutex_lock_first_available)
    pm_mutex_lock_status_get                 0x00020a2d   Thumb Code    24  pm_mutex.o(i.pm_mutex_lock_status_get)
    pm_mutex_unlock                          0x00020a45   Thumb Code    54  pm_mutex.o(i.pm_mutex_unlock)
    pm_on_ble_evt                            0x00020a7d   Thumb Code    32  peer_manager.o(i.pm_on_ble_evt)
    pm_pdb_evt_handler                       0x00020aa1   Thumb Code   306  peer_manager.o(i.pm_pdb_evt_handler)
    pm_peer_delete                           0x00020bdd   Thumb Code    20  peer_manager.o(i.pm_peer_delete)
    pm_peer_rank_highest                     0x00020bf5   Thumb Code   182  peer_manager.o(i.pm_peer_rank_highest)
    pm_peer_ranks_get                        0x00020cb5   Thumb Code   164  peer_manager.o(i.pm_peer_ranks_get)
    pm_peers_delete                          0x00020d65   Thumb Code    52  peer_manager.o(i.pm_peers_delete)
    pm_register                              0x00020da1   Thumb Code    38  peer_manager.o(i.pm_register)
    pm_sec_params_set                        0x00020dd1   Thumb Code    20  peer_manager.o(i.pm_sec_params_set)
    pm_sm_evt_handler                        0x00020de9   Thumb Code   324  peer_manager.o(i.pm_sm_evt_handler)
    radio_callback                           0x000210f5   Thumb Code    98  timeslot.o(i.radio_callback)
    request_next_event_earliest              0x000213a1   Thumb Code    28  timeslot.o(i.request_next_event_earliest)
    sdk_mapped_flags_bulk_update_by_key      0x000214d1   Thumb Code    70  sdk_mapped_flags.o(i.sdk_mapped_flags_bulk_update_by_key)
    sdk_mapped_flags_first_key_index_get     0x00021519   Thumb Code    34  sdk_mapped_flags.o(i.sdk_mapped_flags_first_key_index_get)
    sdk_mapped_flags_get_by_key              0x00021551   Thumb Code    38  sdk_mapped_flags.o(i.sdk_mapped_flags_get_by_key)
    sdk_mapped_flags_key_list_get            0x00021577   Thumb Code    70  sdk_mapped_flags.o(i.sdk_mapped_flags_key_list_get)
    sdk_mapped_flags_update_by_key           0x000215bd   Thumb Code    14  sdk_mapped_flags.o(i.sdk_mapped_flags_update_by_key)
    sm_ble_evt_handler                       0x00021a41   Thumb Code    16  security_manager.o(i.sm_ble_evt_handler)
    sm_conn_sec_config_reply                 0x00021a55   Thumb Code    24  security_manager.o(i.sm_conn_sec_config_reply)
    sm_init                                  0x00021a71   Thumb Code    76  security_manager.o(i.sm_init)
    sm_link_secure                           0x00021ac1   Thumb Code    14  security_manager.o(i.sm_link_secure)
    sm_pdb_evt_handler                       0x00021ad1   Thumb Code    48  security_manager.o(i.sm_pdb_evt_handler)
    sm_sec_params_set                        0x00021b05   Thumb Code    44  security_manager.o(i.sm_sec_params_set)
    sm_smd_evt_handler                       0x00021b35   Thumb Code   118  security_manager.o(i.sm_smd_evt_handler)
    smd_ble_evt_handler                      0x00021bb1   Thumb Code   214  security_dispatcher.o(i.smd_ble_evt_handler)
    smd_init                                 0x00021c95   Thumb Code    56  security_dispatcher.o(i.smd_init)
    smd_link_secure                          0x00021cd1   Thumb Code    44  security_dispatcher.o(i.smd_link_secure)
    smd_params_reply                         0x00021d01   Thumb Code   260  security_dispatcher.o(i.smd_params_reply)
    smd_pdb_evt_handler                      0x00021e99   Thumb Code    46  security_dispatcher.o(i.smd_pdb_evt_handler)
    softdevice_ble_evt_handler_set           0x00021ecd   Thumb Code    16  softdevice_handler.o(i.softdevice_ble_evt_handler_set)
    softdevice_enable                        0x00021ee1   Thumb Code    14  softdevice_handler.o(i.softdevice_enable)
    softdevice_enable_get_default_config     0x00021ef5   Thumb Code    40  softdevice_handler.o(i.softdevice_enable_get_default_config)
    softdevice_fault_handler                 0x00021f1d   Thumb Code     8  softdevice_handler.o(i.softdevice_fault_handler)
    softdevice_handler_init                  0x00021f25   Thumb Code    74  softdevice_handler.o(i.softdevice_handler_init)
    softdevice_handler_is_enabled            0x00021f7d   Thumb Code     6  softdevice_handler.o(i.softdevice_handler_is_enabled)
    softdevice_sys_evt_handler_set           0x00021f89   Thumb Code    16  softdevice_handler.o(i.softdevice_sys_evt_handler_set)
    ticks_to_ms                              0x00021fb5   Thumb Code    32  main.o(i.ticks_to_ms)
    timeslot_sd_init                         0x00022195   Thumb Code    24  timeslot.o(i.timeslot_sd_init)
    Region$$Table$$Base                      0x00022964   Number         0  anon$$obj.o(Region$$Table)
    Region$$Table$$Limit                     0x00022984   Number         0  anon$$obj.o(Region$$Table)
    Image$$RW_IRAM1$$Base                    0x20001fe8   Number         0  anon$$obj.o ABSOLUTE
    nrf_nvic_state                           0x200020f8   Data           8  app_util_platform.o(.data)
    SystemCoreClock                          0x20002130   Data           4  system_nrf51.o(.data)
    fs_data$$Base                            0x20002134   Number         0  fds.o(fs_data)
    fs_data$$Limit                           0x20002144   Number         0  fds.o(fs_data)
    _SEGGER_RTT                              0x20002f10   Data         120  segger_rtt.o(.bss)
    __initial_sp                             0x20003788   Data           0  arm_startup_nrf51.o(STACK)



==============================================================================

Memory Map of the image

  Image Entry point : 0x0001b0c1

  Load Region LR_IROM1 (Base: 0x0001b000, Size: 0x00007ae0, Max: 0x00025000, ABSOLUTE, COMPRESSED[0x000079b0])

    Execution Region ER_IROM1 (Base: 0x0001b000, Size: 0x00007984, Max: 0x00025000, ABSOLUTE)

    Base Addr    Size         Type   Attr      Idx    E Section Name        Object

    0x0001b000   0x000000c0   Data   RO         4276    RESET               arm_startup_nrf51.o
    0x0001b0c0   0x00000000   Code   RO         4322  * .ARM.Collect$$$$00000000  mc_p.l(entry.o)
    0x0001b0c0   0x00000004   Code   RO         4392    .ARM.Collect$$$$00000001  mc_p.l(entry2.o)
    0x0001b0c4   0x00000004   Code   RO         4395    .ARM.Collect$$$$00000004  mc_p.l(entry5.o)
    0x0001b0c8   0x00000000   Code   RO         4397    .ARM.Collect$$$$00000008  mc_p.l(entry7b.o)
    0x0001b0c8   0x00000000   Code   RO         4399    .ARM.Collect$$$$0000000A  mc_p.l(entry8b.o)
    0x0001b0c8   0x00000008   Code   RO         4400    .ARM.Collect$$$$0000000B  mc_p.l(entry9a.o)
    0x0001b0d0   0x00000000   Code   RO         4402    .ARM.Collect$$$$0000000D  mc_p.l(entry10a.o)
    0x0001b0d0   0x00000000   Code   RO         4404    .ARM.Collect$$$$0000000F  mc_p.l(entry11a.o)
    0x0001b0d0   0x00000004   Code   RO         4393    .ARM.Collect$$$$00002712  mc_p.l(entry2.o)
    0x0001b0d4   0x00000038   Code   RO         4277    .text               arm_startup_nrf51.o
    0x0001b10c   0x0000002c   Code   RO         4330    .text               mc_p.l(uidiv.o)
    0x0001b138   0x00000028   Code   RO         4332    .text               mc_p.l(idiv.o)
    0x0001b160   0x00000024   Code   RO         4334    .text               mc_p.l(memcpya.o)
    0x0001b184   0x00000024   Code   RO         4336    .text               mc_p.l(memseta.o)
    0x0001b1a8   0x00000018   Code   RO         4338    .text               mc_p.l(strcat.o)
    0x0001b1c0   0x0000001a   Code   RO         4344    .text               mc_p.l(memcmp.o)
    0x0001b1da   0x00000012   Code   RO         4346    .text               mc_p.l(strcpy.o)
    0x0001b1ec   0x000000d0   Code   RO         4380    .text               mf_p.l(dmul.o)
    0x0001b2bc   0x0000002c   Code   RO         4382    .text               mf_p.l(dscalb.o)
    0x0001b2e8   0x0000001c   Code   RO         4386    .text               mf_p.l(dfltui.o)
    0x0001b304   0x0000003c   Code   RO         4390    .text               mf_p.l(dfixui.o)
    0x0001b340   0x00000022   Code   RO         4407    .text               mc_p.l(llushr.o)
    0x0001b362   0x00000000   Code   RO         4411    .text               mc_p.l(iusefp.o)
    0x0001b362   0x000000be   Code   RO         4415    .text               mf_p.l(depilogue.o)
    0x0001b420   0x00000164   Code   RO         4419    .text               mf_p.l(dadd.o)
    0x0001b584   0x00000028   Code   RO         4421    .text               mf_p.l(cdrcmple.o)
    0x0001b5ac   0x00000024   Code   RO         4423    .text               mc_p.l(init.o)
    0x0001b5d0   0x00000020   Code   RO         4425    .text               mc_p.l(llshl.o)
    0x0001b5f0   0x00000026   Code   RO         4427    .text               mc_p.l(llsshr.o)
    0x0001b616   0x00000056   Code   RO         4437    .text               mc_p.l(__dczerorl2.o)
    0x0001b66c   0x00000150   Code   RO         2600    i.GPIOTE_IRQHandler  nrf_drv_gpiote.o
    0x0001b7bc   0x00000044   Code   RO         3157    i.NVIC_SetPriority  app_timer.o
    0x0001b800   0x00000054   Code   RO         2423    i.POWER_CLOCK_IRQHandler  nrf_drv_clock.o
    0x0001b854   0x00000184   Code   RO            4    i.RPA_generation    main.o
    0x0001b9d8   0x00000020   Code   RO         3158    i.RTC1_IRQHandler   app_timer.o
    0x0001b9f8   0x00000024   Code   RO         3985    i.SEGGER_RTT_Write  segger_rtt.o
    0x0001ba1c   0x0000005c   Code   RO         3986    i.SEGGER_RTT_WriteNoLock  segger_rtt.o
    0x0001ba78   0x00000018   Code   RO         4110    i.SEGGER_RTT_printf  segger_rtt_printf.o
    0x0001ba90   0x00000194   Code   RO         4111    i.SEGGER_RTT_vprintf  segger_rtt_printf.o
    0x0001bc24   0x00000008   Code   RO         3159    i.SWI0_IRQHandler   app_timer.o
    0x0001bc2c   0x00000020   Code   RO         4149    i.SWI2_IRQHandler   softdevice_handler.o
    0x0001bc4c   0x000000a0   Code   RO         4284    i.SystemInit        system_nrf51.o
    0x0001bcec   0x00000014   Code   RO         2801    i.UART0_IRQHandler  nrf_drv_uart.o
    0x0001bd00   0x0000006c   Code   RO         3989    i._DoInit           segger_rtt.o
    0x0001bd6c   0x00000016   Code   RO         3990    i._GetAvailWriteSpace  segger_rtt.o
    0x0001bd82   0x000000c8   Code   RO         4112    i._PrintInt         segger_rtt_printf.o
    0x0001be4a   0x00000002   PAD
    0x0001be4c   0x000000d8   Code   RO         4113    i._PrintUnsigned    segger_rtt_printf.o
    0x0001bf24   0x0000003e   Code   RO         4114    i._StoreChar        segger_rtt_printf.o
    0x0001bf62   0x00000060   Code   RO         3992    i._WriteBlocking    segger_rtt.o
    0x0001bfc2   0x0000003c   Code   RO         3993    i._WriteNoCheck     segger_rtt.o
    0x0001bffe   0x0000002e   Code   RO         4417    i.__ARM_clz         mf_p.l(depilogue.o)
    0x0001c02c   0x0000001a   Code   RO          149    i.__ARM_common_switch8  main.o
    0x0001c046   0x0000000e   Code   RO         4431    i.__scatterload_copy  mc_p.l(handlers.o)
    0x0001c054   0x00000002   Code   RO         4432    i.__scatterload_null  mc_p.l(handlers.o)
    0x0001c056   0x0000000e   Code   RO         4433    i.__scatterload_zeroinit  mc_p.l(handlers.o)
    0x0001c064   0x0000001c   Code   RO         4150    i.__sd_nvic_app_accessible_irq  softdevice_handler.o
    0x0001c080   0x00000028   Code   RO         1222    i.addr_compare      id_manager.o
    0x0001c0a8   0x0000018e   Code   RO          624    i.adv_data_encode   ble_advdata.o
    0x0001c236   0x00000002   PAD
    0x0001c238   0x00000068   Code   RO          700    i.adv_mode_next_avail_get  ble_advertising.o
    0x0001c2a0   0x0000003c   Code   RO          585    i.advertising_buttons_configure  bsp_btn_ble.o
    0x0001c2dc   0x00000044   Code   RO            5    i.aes_ecb_encryption  main.o
    0x0001c320   0x0000004e   Code   RO         1224    i.ah                id_manager.o
    0x0001c36e   0x00000002   PAD
    0x0001c370   0x00000018   Code   RO          476    i.alert_timer_handler  bsp.o
    0x0001c388   0x00000024   Code   RO         2966    i.app_button_enable  app_button.o
    0x0001c3ac   0x00000074   Code   RO         2967    i.app_button_init   app_button.o
    0x0001c420   0x0000001c   Code   RO         3062    i.app_error_fault_handler  app_error_weak.o
    0x0001c43c   0x00000018   Code   RO         3027    i.app_error_handler_bare  app_error.o
    0x0001c454   0x0000000c   Code   RO         3160    i.app_timer_cnt_diff_compute  app_timer.o
    0x0001c460   0x0000000c   Code   RO         3161    i.app_timer_cnt_get  app_timer.o
    0x0001c46c   0x0000002c   Code   RO         3162    i.app_timer_create  app_timer.o
    0x0001c498   0x00000074   Code   RO         3163    i.app_timer_init    app_timer.o
    0x0001c50c   0x00000088   Code   RO         3164    i.app_timer_start   app_timer.o
    0x0001c594   0x00000028   Code   RO         3165    i.app_timer_stop    app_timer.o
    0x0001c5bc   0x0000003c   Code   RO         3302    i.app_util_critical_region_enter  app_util_platform.o
    0x0001c5f8   0x0000002c   Code   RO         3303    i.app_util_critical_region_exit  app_util_platform.o
    0x0001c624   0x000000a0   Code   RO         2190    i.auth_status_success_process  security_dispatcher.o
    0x0001c6c4   0x00000068   Code   RO          625    i.ble_advdata_set   ble_advdata.o
    0x0001c72c   0x0000015c   Code   RO          701    i.ble_advertising_init  ble_advertising.o
    0x0001c888   0x00000058   Code   RO          702    i.ble_advertising_on_ble_evt  ble_advertising.o
    0x0001c8e0   0x00000030   Code   RO          703    i.ble_advertising_on_sys_evt  ble_advertising.o
    0x0001c910   0x0000003c   Code   RO          705    i.ble_advertising_restart_without_whitelist  ble_advertising.o
    0x0001c94c   0x00000108   Code   RO          706    i.ble_advertising_start  ble_advertising.o
    0x0001ca54   0x00000090   Code   RO          789    i.ble_conn_params_on_ble_evt  ble_conn_params.o
    0x0001cae4   0x00000014   Code   RO          854    i.ble_conn_state_conn_handles  ble_conn_state.o
    0x0001caf8   0x00000014   Code   RO          855    i.ble_conn_state_encrypted  ble_conn_state.o
    0x0001cb0c   0x00000014   Code   RO          857    i.ble_conn_state_mitm_protected  ble_conn_state.o
    0x0001cb20   0x000000f8   Code   RO          861    i.ble_conn_state_on_ble_evt  ble_conn_state.o
    0x0001cc18   0x00000034   Code   RO          863    i.ble_conn_state_role  ble_conn_state.o
    0x0001cc4c   0x00000030   Code   RO          865    i.ble_conn_state_user_flag_acquire  ble_conn_state.o
    0x0001cc7c   0x00000018   Code   RO          866    i.ble_conn_state_user_flag_collection  ble_conn_state.o
    0x0001cc94   0x00000024   Code   RO          867    i.ble_conn_state_user_flag_get  ble_conn_state.o
    0x0001ccb8   0x00000028   Code   RO          868    i.ble_conn_state_user_flag_set  ble_conn_state.o
    0x0001cce0   0x0000005e   Code   RO          626    i.ble_device_addr_encode  ble_advdata.o
    0x0001cd3e   0x00000028   Code   RO            7    i.ble_evt_dispatch  main.o
    0x0001cd66   0x0000000e   Code   RO          983    i.ble_srv_is_notification_enabled  ble_srv_common.o
    0x0001cd74   0x00000070   Code   RO            8    i.ble_stack_init    main.o
    0x0001cde4   0x00000054   Code   RO          586    i.bsp_btn_ble_init  bsp_btn_ble.o
    0x0001ce38   0x00000078   Code   RO          587    i.bsp_btn_ble_on_ble_evt  bsp_btn_ble.o
    0x0001ceb0   0x00000014   Code   RO          588    i.bsp_btn_ble_sleep_mode_prepare  bsp_btn_ble.o
    0x0001cec4   0x000000a0   Code   RO          477    i.bsp_button_event_handler  bsp.o
    0x0001cf64   0x0000002c   Code   RO          478    i.bsp_button_is_pressed  bsp.o
    0x0001cf90   0x00000044   Code   RO            9    i.bsp_event_handler  main.o
    0x0001cfd4   0x00000048   Code   RO          482    i.bsp_event_to_button_action_assign  bsp.o
    0x0001d01c   0x0000001c   Code   RO          483    i.bsp_indication_set  bsp.o
    0x0001d038   0x000000a0   Code   RO          485    i.bsp_init          bsp.o
    0x0001d0d8   0x000001f8   Code   RO          486    i.bsp_led_indication  bsp.o
    0x0001d2d0   0x0000003c   Code   RO          487    i.bsp_wakeup_buttons_set  bsp.o
    0x0001d30c   0x0000000c   Code   RO          489    i.button_timer_handler  bsp.o
    0x0001d318   0x00000080   Code   RO           10    i.cal_RPA_gen_time  main.o
    0x0001d398   0x000000c8   Code   RO         4319    i.ceil              m_ps.l(ceil.o)
    0x0001d460   0x0000001c   Code   RO         2601    i.channel_free      nrf_drv_gpiote.o
    0x0001d47c   0x00000048   Code   RO         2602    i.channel_port_alloc  nrf_drv_gpiote.o
    0x0001d4c4   0x00000010   Code   RO         2603    i.channel_port_get  nrf_drv_gpiote.o
    0x0001d4d4   0x00000020   Code   RO         3666    i.check_config      fstorage.o
    0x0001d4f4   0x00000018   Code   RO         3364    i.chunk_queue_next  fds.o
    0x0001d50c   0x0000003c   Code   RO         1759    i.claim             peer_id.o
    0x0001d548   0x00000028   Code   RO         2424    i.clock_clk_started_notify  nrf_drv_clock.o
    0x0001d570   0x000000a8   Code   RO         3167    i.compare_reg_update  app_timer.o
    0x0001d618   0x0000002c   Code   RO          407    i.configure_next_event_earliest  timeslot.o
    0x0001d644   0x0000002c   Code   RO          408    i.configure_next_event_normal  timeslot.o
    0x0001d670   0x00000088   Code   RO          627    i.conn_int_encode   ble_advdata.o
    0x0001d6f8   0x00000068   Code   RO          791    i.conn_params_negotiation  ble_conn_params.o
    0x0001d760   0x000000a4   Code   RO         3365    i.delete_execute    fds.o
    0x0001d804   0x00000060   Code   RO         2969    i.detection_delay_timeout_handler  app_button.o
    0x0001d864   0x00000040   Code   RO         3168    i.elapsed_ticks_acquire  app_timer.o
    0x0001d8a4   0x00000030   Code   RO         2191    i.encryption_failure  security_dispatcher.o
    0x0001d8d4   0x0000006a   Code   RO         3366    i.event_prepare     fds.o
    0x0001d93e   0x00000002   PAD
    0x0001d940   0x00000020   Code   RO         3367    i.event_send        fds.o
    0x0001d960   0x00000032   Code   RO         2301    i.events_send_from_err_code  security_manager.o
    0x0001d992   0x00000002   PAD
    0x0001d994   0x0000000c   Code   RO         1036    i.evt_send          gatt_cache_manager.o
    0x0001d9a0   0x0000001c   Code   RO         1225    i.evt_send          id_manager.o
    0x0001d9bc   0x00000028   Code   RO         1845    i.evt_send          peer_manager.o
    0x0001d9e4   0x0000001c   Code   RO         2192    i.evt_send          security_dispatcher.o
    0x0001da00   0x0000000c   Code   RO         2302    i.evt_send          security_manager.o
    0x0001da0c   0x0000011c   Code   RO         1445    i.fds_evt_handler   peer_data_storage.o
    0x0001db28   0x0000004c   Code   RO         3369    i.fds_file_delete   fds.o
    0x0001db74   0x00000048   Code   RO         3370    i.fds_gc            fds.o
    0x0001dbbc   0x0000008c   Code   RO         3371    i.fds_init          fds.o
    0x0001dc48   0x00000040   Code   RO         3372    i.fds_record_close  fds.o
    0x0001dc88   0x0000000e   Code   RO         3374    i.fds_record_find   fds.o
    0x0001dc96   0x00000010   Code   RO         3375    i.fds_record_find_by_key  fds.o
    0x0001dca6   0x00000010   Code   RO         3376    i.fds_record_find_in_file  fds.o
    0x0001dcb6   0x00000014   Code   RO         3377    i.fds_record_id_from_desc  fds.o
    0x0001dcca   0x00000002   PAD
    0x0001dccc   0x00000044   Code   RO         3379    i.fds_record_open   fds.o
    0x0001dd10   0x00000014   Code   RO         3380    i.fds_record_update  fds.o
    0x0001dd24   0x0000000c   Code   RO         3381    i.fds_record_write  fds.o
    0x0001dd30   0x00000012   Code   RO         3382    i.fds_record_write_reserved  fds.o
    0x0001dd42   0x00000002   PAD
    0x0001dd44   0x00000024   Code   RO         3383    i.fds_register      fds.o
    0x0001dd68   0x00000034   Code   RO         3384    i.fds_reserve       fds.o
    0x0001dd9c   0x00000048   Code   RO         3385    i.fds_reserve_cancel  fds.o
    0x0001dde4   0x0000000a   Code   RO         1446    i.file_id_to_peer_id  peer_data_storage.o
    0x0001ddee   0x00000002   PAD
    0x0001ddf0   0x00000018   Code   RO         1447    i.file_id_within_pm_range  peer_data_storage.o
    0x0001de08   0x00000010   Code   RO         3387    i.flag_clear        fds.o
    0x0001de18   0x00000012   Code   RO         2193    i.flag_id_init      security_dispatcher.o
    0x0001de2a   0x00000012   Code   RO         2303    i.flag_id_init      security_manager.o
    0x0001de3c   0x00000010   Code   RO         3388    i.flag_set          fds.o
    0x0001de4c   0x0000005c   Code   RO         2304    i.flags_set_from_err_code  security_manager.o
    0x0001dea8   0x0000007c   Code   RO         3667    i.fs_erase          fstorage.o
    0x0001df24   0x0000000a   Code   RO         3389    i.fs_event_handler  fds.o
    0x0001df2e   0x00000002   PAD
    0x0001df30   0x000000ac   Code   RO         3669    i.fs_init           fstorage.o
    0x0001dfdc   0x00000018   Code   RO         3670    i.fs_queued_op_count_get  fstorage.o
    0x0001dff4   0x00000084   Code   RO         3671    i.fs_store          fstorage.o
    0x0001e078   0x00000068   Code   RO         3672    i.fs_sys_event_handler  fstorage.o
    0x0001e0e0   0x00000068   Code   RO         3390    i.gc_execute        fds.o
    0x0001e148   0x0000004c   Code   RO         3391    i.gc_next_page      fds.o
    0x0001e194   0x0000004c   Code   RO         3392    i.gc_page_erase     fds.o
    0x0001e1e0   0x00000034   Code   RO         3393    i.gc_record_copy    fds.o
    0x0001e214   0x00000020   Code   RO         3394    i.gc_record_find_next  fds.o
    0x0001e234   0x00000080   Code   RO         3395    i.gc_state_advance  fds.o
    0x0001e2b4   0x000000f0   Code   RO         1037    i.gcm_ble_evt_handler  gatt_cache_manager.o
    0x0001e3a4   0x00000068   Code   RO         1038    i.gcm_gscm_evt_handler  gatt_cache_manager.o
    0x0001e40c   0x0000002c   Code   RO         1039    i.gcm_im_evt_handler  gatt_cache_manager.o
    0x0001e438   0x00000048   Code   RO         1040    i.gcm_init          gatt_cache_manager.o
    0x0001e480   0x0000004c   Code   RO         1041    i.gcm_local_database_has_changed  gatt_cache_manager.o
    0x0001e4cc   0x00000010   Code   RO         1044    i.gcm_smd_evt_handler  gatt_cache_manager.o
    0x0001e4dc   0x0000004e   Code   RO           11    i.generate_hash     main.o
    0x0001e52a   0x00000002   PAD
    0x0001e52c   0x00000038   Code   RO         1226    i.get_connection_by_conn_handle  id_manager.o
    0x0001e564   0x00000030   Code   RO         1227    i.get_free_connection  id_manager.o
    0x0001e594   0x00000050   Code   RO         2970    i.gpiote_event_handler  app_button.o
    0x0001e5e4   0x0000001c   Code   RO         1141    i.gscm_db_change_notification_done  gatts_cache_manager.o
    0x0001e600   0x00000014   Code   RO         1142    i.gscm_init         gatts_cache_manager.o
    0x0001e614   0x0000001c   Code   RO         1143    i.gscm_local_database_has_changed  gatts_cache_manager.o
    0x0001e630   0x0000006c   Code   RO         1144    i.gscm_local_db_cache_apply  gatts_cache_manager.o
    0x0001e69c   0x00000084   Code   RO         1146    i.gscm_local_db_cache_update  gatts_cache_manager.o
    0x0001e720   0x0000004c   Code   RO         1147    i.gscm_pdb_evt_handler  gatts_cache_manager.o
    0x0001e76c   0x0000001c   Code   RO         1148    i.gscm_service_changed_ind_needed  gatts_cache_manager.o
    0x0001e788   0x0000002c   Code   RO         1149    i.gscm_service_changed_ind_send  gatts_cache_manager.o
    0x0001e7b4   0x0000001c   Code   RO         3396    i.header_is_valid   fds.o
    0x0001e7d0   0x00000040   Code   RO         1228    i.im_address_resolve  id_manager.o
    0x0001e810   0x0000002c   Code   RO         1229    i.im_ble_addr_get   id_manager.o
    0x0001e83c   0x000000a8   Code   RO         1230    i.im_ble_evt_handler  id_manager.o
    0x0001e8e4   0x0000002c   Code   RO         1231    i.im_conn_handle_get  id_manager.o
    0x0001e910   0x00000048   Code   RO         1235    i.im_init           id_manager.o
    0x0001e958   0x00000038   Code   RO         1236    i.im_is_duplicate_bonding_data  id_manager.o
    0x0001e990   0x0000001c   Code   RO         1237    i.im_master_id_is_valid  id_manager.o
    0x0001e9ac   0x0000002c   Code   RO         1238    i.im_master_ids_compare  id_manager.o
    0x0001e9d8   0x00000008   Code   RO         1239    i.im_new_peer_id    id_manager.o
    0x0001e9e0   0x0000006e   Code   RO         1240    i.im_pdb_evt_handler  id_manager.o
    0x0001ea4e   0x00000002   PAD
    0x0001ea50   0x0000002c   Code   RO         1241    i.im_peer_free      id_manager.o
    0x0001ea7c   0x00000020   Code   RO         1242    i.im_peer_id_get_by_conn_handle  id_manager.o
    0x0001ea9c   0x00000044   Code   RO         1243    i.im_peer_id_get_by_master_id  id_manager.o
    0x0001eae0   0x000000c0   Code   RO         3397    i.init_execute      fds.o
    0x0001eba0   0x00000080   Code   RO         4151    i.intern_softdevice_events_execute  softdevice_handler.o
    0x0001ec20   0x0000001c   Code   RO          792    i.is_conn_params_ok  ble_conn_params.o
    0x0001ec3c   0x00000048   Code   RO         4285    i.is_manual_peripheral_setup_needed  system_nrf51.o
    0x0001ec84   0x00000016   Code   RO         1248    i.is_valid_irk      id_manager.o
    0x0001ec9a   0x0000000c   Code   RO         3398    i.is_word_aligned   fds.o
    0x0001eca6   0x00000002   PAD
    0x0001eca8   0x00000018   Code   RO          490    i.leds_timer_handler  bsp.o
    0x0001ecc0   0x0000009c   Code   RO         2305    i.link_secure       security_manager.o
    0x0001ed5c   0x00000088   Code   RO         2194    i.link_secure_central  security_dispatcher.o
    0x0001ede4   0x000000c6   Code   RO         2195    i.link_secure_central_existing_peer  security_dispatcher.o
    0x0001eeaa   0x00000002   PAD
    0x0001eeac   0x00000074   Code   RO         2196    i.link_secure_central_new_peer  security_dispatcher.o
    0x0001ef20   0x00000050   Code   RO         2197    i.link_secure_failure  security_dispatcher.o
    0x0001ef70   0x0000005c   Code   RO         2306    i.link_secure_pending_process  security_manager.o
    0x0001efcc   0x000000ac   Code   RO         3169    i.list_deletions_handler  app_timer.o
    0x0001f078   0x000000bc   Code   RO         3170    i.list_insertions_handler  app_timer.o
    0x0001f134   0x00000078   Code   RO         1045    i.local_db_apply_in_evt  gatt_cache_manager.o
    0x0001f1ac   0x00000078   Code   RO         1046    i.local_db_update_in_evt  gatt_cache_manager.o
    0x0001f224   0x00000032   Code   RO         2141    i.lock_by_mask      pm_mutex.o
    0x0001f256   0x00000002   PAD
    0x0001f258   0x00000178   Code   RO           12    i.main              main.o
    0x0001f3d0   0x00000050   Code   RO           13    i.manu_data_set     main.o
    0x0001f420   0x00000068   Code   RO          628    i.manuf_specific_data_encode  ble_advdata.o
    0x0001f488   0x0000009e   Code   RO          629    i.name_encode       ble_advdata.o
    0x0001f526   0x00000002   PAD
    0x0001f528   0x0000005c   Code   RO         1249    i.new_connection    id_manager.o
    0x0001f584   0x00000034   Code   RO         1760    i.next_id_get       peer_id.o
    0x0001f5b8   0x00000010   Code   RO         2428    i.nrf_clock_event_check  nrf_drv_clock.o
    0x0001f5c8   0x00000034   Code   RO           14    i.nrf_delay_ms      main.o
    0x0001f5fc   0x00000030   Code   RO         3171    i.nrf_delay_us      app_timer.o
    0x0001f62c   0x0000003c   Code   RO         2435    i.nrf_drv_clock_init  nrf_drv_clock.o
    0x0001f668   0x00000034   Code   RO         2441    i.nrf_drv_clock_on_sd_enable  nrf_drv_clock.o
    0x0001f69c   0x0000000c   Code   RO         2442    i.nrf_drv_clock_on_soc_event  nrf_drv_clock.o
    0x0001f6a8   0x00000060   Code   RO         2574    i.nrf_drv_common_irq_enable  nrf_drv_common.o
    0x0001f708   0x00000098   Code   RO         2606    i.nrf_drv_gpiote_in_event_enable  nrf_drv_gpiote.o
    0x0001f7a0   0x000000a4   Code   RO         2607    i.nrf_drv_gpiote_in_init  nrf_drv_gpiote.o
    0x0001f844   0x00000014   Code   RO         2608    i.nrf_drv_gpiote_in_is_set  nrf_drv_gpiote.o
    0x0001f858   0x0000005c   Code   RO         2610    i.nrf_drv_gpiote_init  nrf_drv_gpiote.o
    0x0001f8b4   0x00000010   Code   RO         2611    i.nrf_drv_gpiote_is_init  nrf_drv_gpiote.o
    0x0001f8c4   0x00000016   Code   RO          409    i.nrf_evt_signal_handler  timeslot.o
    0x0001f8da   0x00000002   PAD
    0x0001f8dc   0x00000024   Code   RO         2623    i.nrf_gpio_cfg      nrf_drv_gpiote.o
    0x0001f900   0x00000020   Code   RO         2625    i.nrf_gpio_cfg_sense_set  nrf_drv_gpiote.o
    0x0001f920   0x00000010   Code   RO         2626    i.nrf_gpiote_event_clear  nrf_drv_gpiote.o
    0x0001f930   0x00000014   Code   RO         2627    i.nrf_gpiote_event_is_set  nrf_drv_gpiote.o
    0x0001f944   0x0000000a   Code   RO         2818    i.nrf_uart_event_check  nrf_drv_uart.o
    0x0001f94e   0x00000010   Code   RO         2819    i.nrf_uart_int_enable_check  nrf_drv_uart.o
    0x0001f95e   0x00000020   Code   RO           15    i.on_adv_evt        main.o
    0x0001f97e   0x00000002   PAD
    0x0001f980   0x000000a4   Code   RO           16    i.on_ble_evt        main.o
    0x0001fa24   0x00000054   Code   RO         3673    i.on_operation_success  fstorage.o
    0x0001fa78   0x00000078   Code   RO         3399    i.op_enqueue        fds.o
    0x0001faf0   0x00000012   Code   RO         3400    i.page_offsets_update  fds.o
    0x0001fb02   0x00000002   PAD
    0x0001fb04   0x00000058   Code   RO         3401    i.page_scan         fds.o
    0x0001fb5c   0x0000001c   Code   RO         3402    i.page_tag_write_data  fds.o
    0x0001fb78   0x00000024   Code   RO         3403    i.page_tag_write_swap  fds.o
    0x0001fb9c   0x000000f0   Code   RO         3404    i.pages_init        fds.o
    0x0001fc8c   0x0000006c   Code   RO         2198    i.pairing_failure   security_dispatcher.o
    0x0001fcf8   0x0000003c   Code   RO         2307    i.params_reply_pending_process  security_manager.o
    0x0001fd34   0x0000001c   Code   RO         1600    i.pdb_evt_send      peer_database.o
    0x0001fd50   0x0000004c   Code   RO         1601    i.pdb_init          peer_database.o
    0x0001fd9c   0x00000008   Code   RO         1603    i.pdb_next_deleted_peer_id_get  peer_database.o
    0x0001fda4   0x00000008   Code   RO         1604    i.pdb_next_peer_id_get  peer_database.o
    0x0001fdac   0x00000134   Code   RO         1605    i.pdb_pds_evt_handler  peer_database.o
    0x0001fee0   0x00000008   Code   RO         1606    i.pdb_peer_allocate  peer_database.o
    0x0001fee8   0x00000010   Code   RO         1607    i.pdb_peer_data_load  peer_database.o
    0x0001fef8   0x0000000a   Code   RO         1608    i.pdb_peer_data_ptr_get  peer_database.o
    0x0001ff02   0x0000004a   Code   RO         1609    i.pdb_peer_free     peer_database.o
    0x0001ff4c   0x0000000c   Code   RO         1610    i.pdb_raw_store     peer_database.o
    0x0001ff58   0x00000108   Code   RO         1611    i.pdb_write_buf_get  peer_database.o
    0x00020060   0x0000002a   Code   RO         1612    i.pdb_write_buf_release  peer_database.o
    0x0002008a   0x00000002   PAD
    0x0002008c   0x000000c8   Code   RO         1613    i.pdb_write_buf_store  peer_database.o
    0x00020154   0x00000068   Code   RO         1614    i.pdb_write_buf_store_prepare  peer_database.o
    0x000201bc   0x0000000c   Code   RO         1448    i.pds_evt_send      peer_data_storage.o
    0x000201c8   0x00000070   Code   RO         1449    i.pds_init          peer_data_storage.o
    0x00020238   0x00000008   Code   RO         1450    i.pds_next_deleted_peer_id_get  peer_data_storage.o
    0x00020240   0x00000008   Code   RO         1451    i.pds_next_peer_id_get  peer_data_storage.o
    0x00020248   0x00000054   Code   RO         1454    i.pds_peer_data_iterate  peer_data_storage.o
    0x0002029c   0x00000010   Code   RO         1455    i.pds_peer_data_iterate_prepare  peer_data_storage.o
    0x000202ac   0x00000070   Code   RO         1456    i.pds_peer_data_read  peer_data_storage.o
    0x0002031c   0x000000aa   Code   RO         1457    i.pds_peer_data_store  peer_data_storage.o
    0x000203c6   0x00000002   PAD
    0x000203c8   0x00000010   Code   RO         1458    i.pds_peer_id_allocate  peer_data_storage.o
    0x000203d8   0x00000016   Code   RO         1459    i.pds_peer_id_free  peer_data_storage.o
    0x000203ee   0x00000008   Code   RO         1460    i.pds_peer_id_is_allocated  peer_data_storage.o
    0x000203f6   0x00000030   Code   RO         1461    i.pds_space_reserve  peer_data_storage.o
    0x00020426   0x00000010   Code   RO         1462    i.pds_space_reserve_cancel  peer_data_storage.o
    0x00020436   0x0000000a   Code   RO         1615    i.peer_data_const_point_to_buffer  peer_database.o
    0x00020440   0x00000080   Code   RO         1463    i.peer_data_delete  peer_data_storage.o
    0x000204c0   0x00000030   Code   RO         1464    i.peer_data_find    peer_data_storage.o
    0x000204f0   0x00000020   Code   RO         1465    i.peer_data_id_is_valid  peer_data_storage.o
    0x00020510   0x00000014   Code   RO         1616    i.peer_data_point_to_buffer  peer_database.o
    0x00020524   0x00000010   Code   RO         1761    i.peer_id_allocate  peer_id.o
    0x00020534   0x00000028   Code   RO         1762    i.peer_id_delete    peer_id.o
    0x0002055c   0x0000001c   Code   RO         1763    i.peer_id_free      peer_id.o
    0x00020578   0x00000010   Code   RO         1764    i.peer_id_get_next_deleted  peer_id.o
    0x00020588   0x00000034   Code   RO         1765    i.peer_id_get_next_used  peer_id.o
    0x000205bc   0x00000028   Code   RO         1766    i.peer_id_init      peer_id.o
    0x000205e4   0x00000018   Code   RO         1767    i.peer_id_is_allocated  peer_id.o
    0x000205fc   0x00000018   Code   RO         1768    i.peer_id_is_deleted  peer_id.o
    0x00020614   0x0000001c   Code   RO         1250    i.peer_id_set       id_manager.o
    0x00020630   0x0000000a   Code   RO         1466    i.peer_id_to_file_id  peer_data_storage.o
    0x0002063a   0x00000002   PAD
    0x0002063c   0x00000078   Code   RO           17    i.peer_manager_init  main.o
    0x000206b4   0x00000018   Code   RO         2628    i.pin_in_use_by_port  nrf_drv_gpiote.o
    0x000206cc   0x00000018   Code   RO         2629    i.pin_in_use_by_te  nrf_drv_gpiote.o
    0x000206e4   0x0000005e   Code   RO         2109    i.pm_buffer_block_acquire  pm_buffer.o
    0x00020742   0x00000042   Code   RO         2110    i.pm_buffer_init    pm_buffer.o
    0x00020784   0x0000002e   Code   RO         2111    i.pm_buffer_ptr_get  pm_buffer.o
    0x000207b2   0x0000002a   Code   RO         2112    i.pm_buffer_release  pm_buffer.o
    0x000207dc   0x00000008   Code   RO         1847    i.pm_conn_sec_config_reply  peer_manager.o
    0x000207e4   0x00000018   Code   RO         1849    i.pm_conn_secure    peer_manager.o
    0x000207fc   0x0000007c   Code   RO           18    i.pm_evt_handler    main.o
    0x00020878   0x00000080   Code   RO         1851    i.pm_gcm_evt_handler  peer_manager.o
    0x000208f8   0x00000050   Code   RO         1854    i.pm_im_evt_handler  peer_manager.o
    0x00020948   0x00000070   Code   RO         1855    i.pm_init           peer_manager.o
    0x000209b8   0x00000014   Code   RO         1857    i.pm_local_database_has_changed  peer_manager.o
    0x000209cc   0x00000010   Code   RO         2142    i.pm_mutex_init     pm_mutex.o
    0x000209dc   0x0000001c   Code   RO         2143    i.pm_mutex_lock     pm_mutex.o
    0x000209f8   0x00000034   Code   RO         2144    i.pm_mutex_lock_first_available  pm_mutex.o
    0x00020a2c   0x00000018   Code   RO         2145    i.pm_mutex_lock_status_get  pm_mutex.o
    0x00020a44   0x00000036   Code   RO         2146    i.pm_mutex_unlock   pm_mutex.o
    0x00020a7a   0x00000002   PAD
    0x00020a7c   0x00000024   Code   RO         1859    i.pm_on_ble_evt     peer_manager.o
    0x00020aa0   0x0000013c   Code   RO         1860    i.pm_pdb_evt_handler  peer_manager.o
    0x00020bdc   0x00000018   Code   RO         1871    i.pm_peer_delete    peer_manager.o
    0x00020bf4   0x000000c0   Code   RO         1874    i.pm_peer_rank_highest  peer_manager.o
    0x00020cb4   0x000000b0   Code   RO         1875    i.pm_peer_ranks_get  peer_manager.o
    0x00020d64   0x0000003c   Code   RO         1876    i.pm_peers_delete   peer_manager.o
    0x00020da0   0x00000030   Code   RO         1879    i.pm_register       peer_manager.o
    0x00020dd0   0x00000018   Code   RO         1881    i.pm_sec_params_set  peer_manager.o
    0x00020de8   0x0000014c   Code   RO         1882    i.pm_sm_evt_handler  peer_manager.o
    0x00020f34   0x0000002c   Code   RO         3674    i.queue_advance     fstorage.o
    0x00020f60   0x00000038   Code   RO         3675    i.queue_get_next_free  fstorage.o
    0x00020f98   0x000000b8   Code   RO         3405    i.queue_process     fds.o
    0x00021050   0x0000006c   Code   RO         3676    i.queue_process     fstorage.o
    0x000210bc   0x0000001c   Code   RO         3406    i.queue_start       fds.o
    0x000210d8   0x0000001c   Code   RO         3677    i.queue_start       fstorage.o
    0x000210f4   0x0000007c   Code   RO          410    i.radio_callback    timeslot.o
    0x00021170   0x00000084   Code   RO         3407    i.record_find       fds.o
    0x000211f4   0x000000a0   Code   RO         3408    i.record_find_by_desc  fds.o
    0x00021294   0x00000054   Code   RO         3409    i.record_find_next  fds.o
    0x000212e8   0x00000024   Code   RO         3410    i.record_header_flag_dirty  fds.o
    0x0002130c   0x0000000a   Code   RO         1467    i.record_key_to_peer_data_id  peer_data_storage.o
    0x00021316   0x00000002   PAD
    0x00021318   0x00000018   Code   RO         1468    i.record_key_within_pm_range  peer_data_storage.o
    0x00021330   0x0000005c   Code   RO         3411    i.record_write_chunk  fds.o
    0x0002138c   0x00000012   Code   RO         1770    i.release           peer_id.o
    0x0002139e   0x00000002   PAD
    0x000213a0   0x0000002c   Code   RO          411    i.request_next_event_earliest  timeslot.o
    0x000213cc   0x00000044   Code   RO         3172    i.rtc1_stop         app_timer.o
    0x00021410   0x00000026   Code   RO         2820    i.rx_byte           nrf_drv_uart.o
    0x00021436   0x00000014   Code   RO         2821    i.rx_done_event     nrf_drv_uart.o
    0x0002144a   0x00000002   PAD
    0x0002144c   0x00000084   Code   RO         4153    i.sd_nvic_EnableIRQ  softdevice_handler.o
    0x000214d0   0x00000046   Code   RO         3787    i.sdk_mapped_flags_bulk_update_by_key  sdk_mapped_flags.o
    0x00021516   0x00000002   PAD
    0x00021518   0x00000028   Code   RO         3788    i.sdk_mapped_flags_first_key_index_get  sdk_mapped_flags.o
    0x00021540   0x00000010   Code   RO         3789    i.sdk_mapped_flags_get_by_index  sdk_mapped_flags.o
    0x00021550   0x00000026   Code   RO         3790    i.sdk_mapped_flags_get_by_key  sdk_mapped_flags.o
    0x00021576   0x00000046   Code   RO         3791    i.sdk_mapped_flags_key_list_get  sdk_mapped_flags.o
    0x000215bc   0x0000000e   Code   RO         3793    i.sdk_mapped_flags_update_by_key  sdk_mapped_flags.o
    0x000215ca   0x00000002   PAD
    0x000215cc   0x000000b4   Code   RO         2199    i.sec_info_request_process  security_dispatcher.o
    0x00021680   0x00000076   Code   RO         2308    i.sec_params_verify  security_manager.o
    0x000216f6   0x00000002   PAD
    0x000216f8   0x0000004c   Code   RO         2200    i.sec_proc_start    security_dispatcher.o
    0x00021744   0x0000001c   Code   RO         2201    i.sec_start_send    security_dispatcher.o
    0x00021760   0x00000048   Code   RO         3678    i.send_event        fstorage.o
    0x000217a8   0x00000058   Code   RO         1047    i.service_changed_pending_flags_check  gatt_cache_manager.o
    0x00021800   0x00000044   Code   RO         1150    i.service_changed_pending_set  gatts_cache_manager.o
    0x00021844   0x00000098   Code   RO         1048    i.service_changed_send_in_evt  gatt_cache_manager.o
    0x000218dc   0x0000008e   Code   RO          630    i.service_data_encode  ble_advdata.o
    0x0002196a   0x00000002   PAD
    0x0002196c   0x00000058   Code   RO          708    i.set_adv_mode_fast  ble_advertising.o
    0x000219c4   0x00000054   Code   RO          709    i.set_adv_mode_slow  ble_advertising.o
    0x00021a18   0x00000028   Code   RO           21    i.sleep_mode_enter  main.o
    0x00021a40   0x00000014   Code   RO         2309    i.sm_ble_evt_handler  security_manager.o
    0x00021a54   0x0000001c   Code   RO         2310    i.sm_conn_sec_config_reply  security_manager.o
    0x00021a70   0x00000050   Code   RO         2311    i.sm_init           security_manager.o
    0x00021ac0   0x0000000e   Code   RO         2313    i.sm_link_secure    security_manager.o
    0x00021ace   0x00000002   PAD
    0x00021ad0   0x00000034   Code   RO         2314    i.sm_pdb_evt_handler  security_manager.o
    0x00021b04   0x00000030   Code   RO         2316    i.sm_sec_params_set  security_manager.o
    0x00021b34   0x0000007c   Code   RO         2317    i.sm_smd_evt_handler  security_manager.o
    0x00021bb0   0x000000e4   Code   RO         2202    i.smd_ble_evt_handler  security_dispatcher.o
    0x00021c94   0x0000003c   Code   RO         2203    i.smd_init          security_dispatcher.o
    0x00021cd0   0x00000030   Code   RO         2204    i.smd_link_secure   security_dispatcher.o
    0x00021d00   0x00000110   Code   RO         2205    i.smd_params_reply  security_dispatcher.o
    0x00021e10   0x00000088   Code   RO         2318    i.smd_params_reply_perform  security_manager.o
    0x00021e98   0x00000034   Code   RO         2206    i.smd_pdb_evt_handler  security_dispatcher.o
    0x00021ecc   0x00000014   Code   RO         4154    i.softdevice_ble_evt_handler_set  softdevice_handler.o
    0x00021ee0   0x00000014   Code   RO         4155    i.softdevice_enable  softdevice_handler.o
    0x00021ef4   0x00000028   Code   RO         4156    i.softdevice_enable_get_default_config  softdevice_handler.o
    0x00021f1c   0x00000008   Code   RO         4157    i.softdevice_fault_handler  softdevice_handler.o
    0x00021f24   0x00000058   Code   RO         4158    i.softdevice_handler_init  softdevice_handler.o
    0x00021f7c   0x0000000c   Code   RO         4159    i.softdevice_handler_is_enabled  softdevice_handler.o
    0x00021f88   0x00000014   Code   RO         4164    i.softdevice_sys_evt_handler_set  softdevice_handler.o
    0x00021f9c   0x00000016   Code   RO           22    i.sys_evt_dispatch  main.o
    0x00021fb2   0x00000002   PAD
    0x00021fb4   0x00000024   Code   RO           23    i.ticks_to_ms       main.o
    0x00021fd8   0x00000084   Code   RO         3173    i.timer_list_handler  app_timer.o
    0x0002205c   0x00000010   Code   RO         3174    i.timer_list_handler_sched  app_timer.o
    0x0002206c   0x00000040   Code   RO         3175    i.timer_list_insert  app_timer.o
    0x000220ac   0x00000048   Code   RO         3176    i.timer_stop_op_schedule  app_timer.o
    0x000220f4   0x00000020   Code   RO           25    i.timer_timeout_handler  main.o
    0x00022114   0x00000080   Code   RO         3177    i.timer_timeouts_check  app_timer.o
    0x00022194   0x0000001c   Code   RO          412    i.timeslot_sd_init  timeslot.o
    0x000221b0   0x0000001e   Code   RO         2823    i.tx_byte           nrf_drv_uart.o
    0x000221ce   0x00000018   Code   RO         2824    i.tx_done_event     nrf_drv_uart.o
    0x000221e6   0x00000128   Code   RO         2825    i.uart_irq_handler  nrf_drv_uart.o
    0x0002230e   0x0000000a   Code   RO          631    i.uint16_encode     ble_advdata.o
    0x00022318   0x00000018   Code   RO          870    i.user_flag_is_acquired  ble_conn_state.o
    0x00022330   0x0000002c   Code   RO         3178    i.user_op_alloc     app_timer.o
    0x0002235c   0x00000030   Code   RO          632    i.uuid_list_encode  ble_advdata.o
    0x0002238c   0x000000ae   Code   RO          633    i.uuid_list_sized_encode  ble_advdata.o
    0x0002243a   0x00000002   PAD
    0x0002243c   0x00000018   Code   RO          710    i.whitelist_has_entries  ble_advertising.o
    0x00022454   0x00000024   Code   RO         1617    i.write_buf_length_words_set  peer_database.o
    0x00022478   0x00000024   Code   RO         1618    i.write_buffer_record_find  peer_database.o
    0x0002249c   0x00000028   Code   RO         1619    i.write_buffer_record_find_next  peer_database.o
    0x000224c4   0x00000022   Code   RO         1620    i.write_buffer_record_invalidate  peer_database.o
    0x000224e6   0x00000002   PAD
    0x000224e8   0x00000028   Code   RO         1621    i.write_buffer_record_release  peer_database.o
    0x00022510   0x00000118   Code   RO         3412    i.write_enqueue     fds.o
    0x00022628   0x000000ec   Code   RO         3413    i.write_execute     fds.o
    0x00022714   0x00000014   Code   RO         3414    i.write_space_free  fds.o
    0x00022728   0x0000004c   Code   RO         3415    i.write_space_reserve  fds.o
    0x00022774   0x0000009c   Data   RO           28    .constdata          main.o
    0x00022810   0x0000003c   Data   RO          495    .constdata          bsp.o
    0x0002284c   0x00000004   Data   RO          796    .constdata          ble_conn_params.o
    0x00022850   0x00000004   Data   RO         1151    .constdata          gatts_cache_manager.o
    0x00022854   0x00000010   Data   RO         1152    .constdata          gatts_cache_manager.o
    0x00022864   0x00000004   Data   RO         1153    .constdata          gatts_cache_manager.o
    0x00022868   0x00000008   Data   RO         1253    .constdata          id_manager.o
    0x00022870   0x00000004   Data   RO         1469    .constdata          peer_data_storage.o
    0x00022874   0x00000014   Data   RO         1623    .constdata          peer_database.o
    0x00022888   0x00000010   Data   RO         1886    .constdata          peer_manager.o
    0x00022898   0x00000044   Data   RO         2208    .constdata          security_dispatcher.o
    0x000228dc   0x00000004   Data   RO         2319    .constdata          security_manager.o
    0x000228e0   0x00000008   Data   RO         2972    .constdata          app_button.o
    0x000228e8   0x00000014   Data   RO         3417    .constdata          fds.o
    0x000228fc   0x00000010   Data   RO         4115    .constdata          segger_rtt_printf.o
    0x0002290c   0x00000057   Data   RO           29    .conststring        main.o
    0x00022963   0x00000001   PAD
    0x00022964   0x00000020   Data   RO         4429    Region$$Table       anon$$obj.o


    Execution Region RW_IRAM1 (Base: 0x20001fe8, Size: 0x000017a0, Max: 0x00006018, ABSOLUTE, COMPRESSED[0x0000002c])

    Base Addr    Size         Type   Attr      Idx    E Section Name        Object

    0x20001fe8   0x00000002   Data   RW           30    .data               main.o
    0x20001fea   0x00000002   PAD
    0x20001fec   0x0000000c   Data   RW          414    .data               timeslot.o
    0x20001ff8   0x00000018   Data   RW          496    .data               bsp.o
    0x20002010   0x00000008   Data   RW          589    .data               bsp_btn_ble.o
    0x20002018   0x00000030   Data   RW          714    .data               ble_advertising.o
    0x20002048   0x00000014   Data   RW          797    .data               ble_conn_params.o
    0x2000205c   0x0000000c   Data   RW         1049    .data               gatt_cache_manager.o
    0x20002068   0x0000000c   Data   RW         1154    .data               gatts_cache_manager.o
    0x20002074   0x0000000a   Data   RW         1254    .data               id_manager.o
    0x2000207e   0x00000002   PAD
    0x20002080   0x0000000c   Data   RW         1470    .data               peer_data_storage.o
    0x2000208c   0x00000008   Data   RW         1624    .data               peer_database.o
    0x20002094   0x00000010   Data   RW         1887    .data               peer_manager.o
    0x200020a4   0x00000004   Data   RW         2209    .data               security_dispatcher.o
    0x200020a8   0x00000015   Data   RW         2320    .data               security_manager.o
    0x200020bd   0x00000003   PAD
    0x200020c0   0x00000014   Data   RW         2973    .data               app_button.o
    0x200020d4   0x00000020   Data   RW         3179    .data               app_timer.o
    0x200020f4   0x0000000c   Data   RW         3306    .data               app_util_platform.o
    0x20002100   0x00000018   Data   RW         3418    .data               fds.o
    0x20002118   0x00000002   Data   RW         3680    .data               fstorage.o
    0x2000211a   0x00000002   PAD
    0x2000211c   0x00000014   Data   RW         4165    .data               softdevice_handler.o
    0x20002130   0x00000004   Data   RW         4286    .data               system_nrf51.o
    0x20002134   0x00000010   Data   RW         3419    fs_data             fds.o
    0x20002144   0x00000020   Zero   RW           26    .bss                main.o
    0x20002164   0x000000c0   Zero   RW           27    .bss                main.o
    0x20002224   0x00000010   Zero   RW          413    .bss                timeslot.o
    0x20002234   0x00000020   Zero   RW          491    .bss                bsp.o
    0x20002254   0x00000020   Zero   RW          492    .bss                bsp.o
    0x20002274   0x0000000c   Zero   RW          493    .bss                bsp.o
    0x20002280   0x00000020   Zero   RW          494    .bss                bsp.o
    0x200022a0   0x00000167   Zero   RW          711    .bss                ble_advertising.o
    0x20002407   0x00000001   PAD
    0x20002408   0x00000020   Zero   RW          712    .bss                ble_advertising.o
    0x20002428   0x00000020   Zero   RW          713    .bss                ble_advertising.o
    0x20002448   0x00000020   Zero   RW          794    .bss                ble_conn_params.o
    0x20002468   0x0000001c   Zero   RW          795    .bss                ble_conn_params.o
    0x20002484   0x00000034   Zero   RW          871    .bss                ble_conn_state.o
    0x200024b8   0x00000070   Zero   RW         1252    .bss                id_manager.o
    0x20002528   0x00000330   Zero   RW         1622    .bss                peer_database.o
    0x20002858   0x00000040   Zero   RW         1771    .bss                peer_id.o
    0x20002898   0x0000000c   Zero   RW         1885    .bss                peer_manager.o
    0x200028a4   0x00000040   Zero   RW         2207    .bss                security_dispatcher.o
    0x200028e4   0x00000014   Zero   RW         2444    .bss                nrf_drv_clock.o
    0x200028f8   0x00000048   Zero   RW         2630    .bss                nrf_drv_gpiote.o
    0x20002940   0x0000001c   Zero   RW         2826    .bss                nrf_drv_uart.o
    0x2000295c   0x00000020   Zero   RW         2971    .bss                app_button.o
    0x2000297c   0x0000011c   Zero   RW         3416    .bss                fds.o
    0x20002a98   0x00000068   Zero   RW         3679    .bss                fstorage.o
    0x20002b00   0x00000488   Zero   RW         3994    .bss                segger_rtt.o
    0x20002f88   0x00000800   Zero   RW         4274    STACK               arm_startup_nrf51.o


==============================================================================

Image component sizes


      Code (inc. data)   RO Data    RW Data    ZI Data      Debug   Object Name

       328         34          8         20         32       8774   app_button.o
        24          4          0          0          0       2157   app_error.o
        28         10          0          0          0       7070   app_error_weak.o
      1632        164          0         32          0      31984   app_timer.o
       104         20          0         12          0       6274   app_util_platform.o
        56         18        192          0       2048        688   arm_startup_nrf51.o
      1368          6          0          0          0      18388   ble_advdata.o
      1108         78          0         48        423      10405   ble_advertising.o
       276         30          4         20         60       3909   ble_conn_params.o
       532         52          0          0         52       9221   ble_conn_state.o
        14          0          0          0          0       1362   ble_srv_common.o
      1088        118         60         24        108       9653   bsp.o
       284         10          0          8          0       4521   bsp_btn_ble.o
      3622        376         20         40        284      43650   fds.o
       980         82          0          2        104      12219   fstorage.o
      1044         80          0         12          0      14384   gatt_cache_manager.o
       532         66         24         12          0       8863   gatts_cache_manager.o
      1174         92          8         10        112      19601   id_manager.o
      1986        386        243          2        224     122517   main.o
       264         36          0          0         20       9608   nrf_drv_clock.o
        96         18          0          0          0       8632   nrf_drv_common.o
      1048        120          0          0         72      22436   nrf_drv_gpiote.o
       454          8          0          0         28      15157   nrf_drv_uart.o
      1202         64          4         12          0      17940   peer_data_storage.o
      1374         72         20          8        816      23308   peer_database.o
       370         60          0          0         64       8479   peer_id.o
      1620        138         16         16         12      17884   peer_manager.o
       248          0          0          0          0       4151   pm_buffer.o
       224          0          0          0          0       5017   pm_mutex.o
       248          6          0          0          0       5928   sdk_mapped_flags.o
      1836        104         68          4         64      19644   security_dispatcher.o
      1100         82          4         21          0      16537   security_manager.o
       414         44          0          0       1160       8448   segger_rtt.o
       906          6         16          0          0       7205   segger_rtt_printf.o
       528         70          0         20          0      20084   softdevice_handler.o
       232         36          0          4          0       2255   system_nrf51.o
       306         88          0         12         16      13873   timeslot.o

    ----------------------------------------------------------------------
     28716       2578        720        348       5700     562226   Object Totals
         0          0         32          0          0          0   (incl. Generated)
        66          0          1          9          1          0   (incl. Padding)

    ----------------------------------------------------------------------

      Code (inc. data)   RO Data    RW Data    ZI Data      Debug   Library Member Name

       200         20          0          0          0         76   ceil.o
        86          0          0          0          0          0   __dczerorl2.o
         0          0          0          0          0          0   entry.o
         0          0          0          0          0          0   entry10a.o
         0          0          0          0          0          0   entry11a.o
         8          4          0          0          0          0   entry2.o
         4          0          0          0          0          0   entry5.o
         0          0          0          0          0          0   entry7b.o
         0          0          0          0          0          0   entry8b.o
         8          4          0          0          0          0   entry9a.o
        30          0          0          0          0          0   handlers.o
        40          0          0          0          0         72   idiv.o
        36          8          0          0          0         68   init.o
         0          0          0          0          0          0   iusefp.o
        32          0          0          0          0         68   llshl.o
        38          0          0          0          0         68   llsshr.o
        34          0          0          0          0         68   llushr.o
        26          0          0          0          0         72   memcmp.o
        36          0          0          0          0         60   memcpya.o
        36          0          0          0          0        100   memseta.o
        24          0          0          0          0         60   strcat.o
        18          0          0          0          0         60   strcpy.o
        44          0          0          0          0         72   uidiv.o
        40          2          0          0          0         68   cdrcmple.o
       356          4          0          0          0        140   dadd.o
       236          0          0          0          0        216   depilogue.o
        60         10          0          0          0         68   dfixui.o
        28          4          0          0          0         68   dfltui.o
       208          6          0          0          0         88   dmul.o
        44          0          0          0          0         72   dscalb.o

    ----------------------------------------------------------------------
      1672         62          0          0          0       1564   Library Totals
         0          0          0          0          0          0   (incl. Padding)

    ----------------------------------------------------------------------

      Code (inc. data)   RO Data    RW Data    ZI Data      Debug   Library Name

       200         20          0          0          0         76   m_ps.l
       500         16          0          0          0        768   mc_p.l
       972         26          0          0          0        720   mf_p.l

    ----------------------------------------------------------------------
      1672         62          0          0          0       1564   Library Totals

    ----------------------------------------------------------------------

==============================================================================


      Code (inc. data)   RO Data    RW Data    ZI Data      Debug   

     30388       2640        720        348       5700     546846   Grand Totals
     30388       2640        720         44       5700     546846   ELF Image Totals (compressed)
     30388       2640        720         44          0          0   ROM Totals

==============================================================================

    Total RO  Size (Code + RO Data)                31108 (  30.38kB)
    Total RW  Size (RW Data + ZI Data)              6048 (   5.91kB)
    Total ROM Size (Code + RO Data + RW Data)      31152 (  30.42kB)

==============================================================================

