Component: ARM Compiler 5.06 update 3 (build 300) Tool: armlink [4d35c9]

==============================================================================

Section Cross References

    main.o(i.RPA_config) refers to app_error.o(i.app_error_handler_bare) for app_error_handler_bare
    main.o(i.RPA_config) refers to main.o(.constdata) for .constdata
    main.o(i.RPA_generation) refers to segger_rtt_printf.o(i.SEGGER_RTT_printf) for SEGGER_RTT_printf
    main.o(i.RPA_generation) refers to main.o(i.generate_hash) for generate_hash
    main.o(i.RPA_generation) refers to memcpya.o(.text) for __aeabi_memcpy4
    main.o(i.RPA_generation) refers to system_nrf51.o(.data) for SystemCoreClock
    main.o(i.RPA_generation) refers to main.o(.conststring) for .conststring
    main.o(i.RPA_generation) refers to main.o(.constdata) for .constdata
    main.o(i.aes_ecb_encryption) refers to memseta.o(.text) for __aeabi_memclr4
    main.o(i.aes_ecb_encryption) refers to memcpya.o(.text) for __aeabi_memcpy
    main.o(i.aes_ecb_encryption) refers to main.o(i.print_uint8_arr_hex) for print_uint8_arr_hex
    main.o(i.aes_ecb_encryption) refers to main.o(i.print_uint8_arr_str) for print_uint8_arr_str
    main.o(i.aes_ecb_encryption) refers to app_error.o(i.app_error_handler_bare) for app_error_handler_bare
    main.o(i.aes_ecb_encryption) refers to main.o(.constdata) for .constdata
    main.o(i.assert_nrf_callback) refers to app_error.o(i.app_error_handler) for app_error_handler
    main.o(i.ble_evt_dispatch) refers to ble_conn_state.o(i.ble_conn_state_on_ble_evt) for ble_conn_state_on_ble_evt
    main.o(i.ble_evt_dispatch) refers to peer_manager.o(i.pm_on_ble_evt) for pm_on_ble_evt
    main.o(i.ble_evt_dispatch) refers to ble_conn_params.o(i.ble_conn_params_on_ble_evt) for ble_conn_params_on_ble_evt
    main.o(i.ble_evt_dispatch) refers to bsp_btn_ble.o(i.bsp_btn_ble_on_ble_evt) for bsp_btn_ble_on_ble_evt
    main.o(i.ble_evt_dispatch) refers to main.o(i.on_ble_evt) for on_ble_evt
    main.o(i.ble_evt_dispatch) refers to ble_advertising.o(i.ble_advertising_on_ble_evt) for ble_advertising_on_ble_evt
    main.o(i.ble_stack_init) refers to softdevice_handler.o(i.softdevice_handler_init) for softdevice_handler_init
    main.o(i.ble_stack_init) refers to app_error.o(i.app_error_handler_bare) for app_error_handler_bare
    main.o(i.ble_stack_init) refers to softdevice_handler.o(i.softdevice_enable_get_default_config) for softdevice_enable_get_default_config
    main.o(i.ble_stack_init) refers to softdevice_handler.o(i.softdevice_enable) for softdevice_enable
    main.o(i.ble_stack_init) refers to softdevice_handler.o(i.softdevice_ble_evt_handler_set) for softdevice_ble_evt_handler_set
    main.o(i.ble_stack_init) refers to softdevice_handler.o(i.softdevice_sys_evt_handler_set) for softdevice_sys_evt_handler_set
    main.o(i.ble_stack_init) refers to main.o(.constdata) for .constdata
    main.o(i.ble_stack_init) refers to main.o(.bss) for .bss
    main.o(i.ble_stack_init) refers to main.o(i.ble_evt_dispatch) for ble_evt_dispatch
    main.o(i.ble_stack_init) refers to main.o(i.sys_evt_dispatch) for sys_evt_dispatch
    main.o(i.bsp_event_handler) refers to main.o(i.sleep_mode_enter) for sleep_mode_enter
    main.o(i.bsp_event_handler) refers to app_error.o(i.app_error_handler_bare) for app_error_handler_bare
    main.o(i.bsp_event_handler) refers to ble_advertising.o(i.ble_advertising_restart_without_whitelist) for ble_advertising_restart_without_whitelist
    main.o(i.bsp_event_handler) refers to main.o(.data) for .data
    main.o(i.generate_hash) refers to memseta.o(.text) for __aeabi_memclr4
    main.o(i.main) refers to app_timer.o(i.app_timer_init) for app_timer_init
    main.o(i.main) refers to app_error.o(i.app_error_handler_bare) for app_error_handler_bare
    main.o(i.main) refers to bsp.o(i.bsp_init) for bsp_init
    main.o(i.main) refers to bsp_btn_ble.o(i.bsp_btn_ble_init) for bsp_btn_ble_init
    main.o(i.main) refers to main.o(i.ble_stack_init) for ble_stack_init
    main.o(i.main) refers to timeslot.o(i.timeslot_sd_init) for timeslot_sd_init
    main.o(i.main) refers to main.o(i.peer_manager_init) for peer_manager_init
    main.o(i.main) refers to main.o(i.RPA_config) for RPA_config
    main.o(i.main) refers to memseta.o(.text) for __aeabi_memclr4
    main.o(i.main) refers to main.o(i.manu_data_set) for manu_data_set
    main.o(i.main) refers to ble_advertising.o(i.ble_advertising_init) for ble_advertising_init
    main.o(i.main) refers to main.o(i.RPA_generation) for RPA_generation
    main.o(i.main) refers to ble_advertising.o(i.ble_advertising_start) for ble_advertising_start
    main.o(i.main) refers to main.o(.bss) for .bss
    main.o(i.main) refers to main.o(i.bsp_event_handler) for bsp_event_handler
    main.o(i.main) refers to main.o(i.on_adv_evt) for on_adv_evt
    main.o(i.manu_data_set) refers to main.o(i.aes_ecb_encryption) for aes_ecb_encryption
[...]
    m_sec_params                             0x200020b8   Data           5  security_manager.o(.data)
    .data                                    0x200020c0   Section       20  app_button.o(.data)
    m_button_count                           0x200020c0   Data           1  app_button.o(.data)
    mp_buttons                               0x200020c4   Data           4  app_button.o(.data)
    m_detection_delay                        0x200020c8   Data           4  app_button.o(.data)
    m_pin_state                              0x200020cc   Data           4  app_button.o(.data)
    m_pin_transition                         0x200020d0   Data           4  app_button.o(.data)
    .data                                    0x200020d4   Section       32  app_timer.o(.data)
    m_ticks_elapsed_q_read_ind               0x200020d4   Data           1  app_timer.o(.data)
    m_ticks_elapsed_q_write_ind              0x200020d5   Data           1  app_timer.o(.data)
    m_rtc1_running                           0x200020d6   Data           1  app_timer.o(.data)
    m_rtc1_reset                             0x200020d7   Data           1  app_timer.o(.data)
    mp_timer_id_head                         0x200020d8   Data           4  app_timer.o(.data)
    m_ticks_latest                           0x200020dc   Data           4  app_timer.o(.data)
    m_evt_schedule_func                      0x200020e0   Data           4  app_timer.o(.data)
    m_op_queue                               0x200020e4   Data           8  app_timer.o(.data)
    m_ticks_elapsed                          0x200020ec   Data           8  app_timer.o(.data)
    .data                                    0x200020f4   Section       12  app_util_platform.o(.data)
    m_in_critical_region                     0x200020f4   Data           4  app_util_platform.o(.data)
    .data                                    0x20002100   Section       24  fds.o(.data)
    m_flags                                  0x20002100   Data           1  fds.o(.data)
    m_users                                  0x20002101   Data           1  fds.o(.data)
    m_latest_rec_id                          0x20002104   Data           4  fds.o(.data)
    tok                                      0x20002108   Data           8  fds.o(.data)
    m_swap_page                              0x20002110   Data           8  fds.o(.data)
    .data                                    0x20002118   Section        2  fstorage.o(.data)
    m_flags                                  0x20002118   Data           1  fstorage.o(.data)
    m_retry_count                            0x20002119   Data           1  fstorage.o(.data)
    .data                                    0x2000211c   Section       20  softdevice_handler.o(.data)
    m_softdevice_enabled                     0x2000211c   Data           1  softdevice_handler.o(.data)
    m_suspended                              0x2000211d   Data           1  softdevice_handler.o(.data)
    m_ble_evt_buffer_size                    0x2000211e   Data           2  softdevice_handler.o(.data)
    m_evt_schedule_func                      0x20002120   Data           4  softdevice_handler.o(.data)
    mp_ble_evt_buffer                        0x20002124   Data           4  softdevice_handler.o(.data)
    m_ble_evt_handler                        0x20002128   Data           4  softdevice_handler.o(.data)
    m_sys_evt_handler                        0x2000212c   Data           4  softdevice_handler.o(.data)
    .data                                    0x20002130   Section        4  system_nrf51.o(.data)
    __tagsym$$used                           0x20002130   Number         0  system_nrf51.o(.data)
    .data                                    0x20002134   Section        4  mvars.o(.data)
    .data                                    0x20002138   Section        4  mvars.o(.data)
    fs_data                                  0x2000213c   Section       16  fds.o(fs_data)
    __tagsym$$used                           0x2000213c   Number         0  fds.o(fs_data)
    fs_config                                0x2000213c   Data          16  fds.o(fs_data)
    .bss                                     0x2000214c   Section      192  main.o(.bss)
    APP_TIMER_BUF                            0x2000214c   Data         120  main.o(.bss)
    BLE_EVT_BUFFER                           0x200021c4   Data          72  main.o(.bss)
    .bss                                     0x2000220c   Section       16  timeslot.o(.bss)
    m_timeslot_request                       0x2000220c   Data          16  timeslot.o(.bss)
    .bss                                     0x2000221c   Section       32  bsp.o(.bss)
    m_leds_timer_id_data                     0x2000221c   Data          32  bsp.o(.bss)
    .bss                                     0x2000223c   Section       32  bsp.o(.bss)
    m_alert_timer_id_data                    0x2000223c   Data          32  bsp.o(.bss)
    .bss                                     0x2000225c   Section       12  bsp.o(.bss)
    m_events_list                            0x2000225c   Data          12  bsp.o(.bss)
    .bss                                     0x20002268   Section       32  bsp.o(.bss)
    m_button_timer_id_data                   0x20002268   Data          32  bsp.o(.bss)
    .bss                                     0x20002288   Section      359  ble_advertising.o(.bss)
    m_adv_modes_config                       0x20002288   Data          32  ble_advertising.o(.bss)
    m_advdata                                0x200022a8   Data          56  ble_advertising.o(.bss)
    m_manuf_specific_data                    0x200022e0   Data          12  ble_advertising.o(.bss)
    m_manuf_data_array                       0x200022ec   Data          31  ble_advertising.o(.bss)
    m_service_data                           0x2000230c   Data          12  ble_advertising.o(.bss)
    m_service_data_array                     0x20002318   Data          31  ble_advertising.o(.bss)
    m_whitelist_addrs                        0x20002337   Data          56  ble_advertising.o(.bss)
    m_whitelist_irks                         0x2000236f   Data         128  ble_advertising.o(.bss)
    .bss                                     0x200023f0   Section       32  ble_advertising.o(.bss)
    m_p_whitelist_addrs                      0x200023f0   Data          32  ble_advertising.o(.bss)
    .bss                                     0x20002410   Section       32  ble_advertising.o(.bss)
    m_p_whitelist_irks                       0x20002410   Data          32  ble_advertising.o(.bss)
    .bss                                     0x20002430   Section       32  ble_conn_params.o(.bss)
    m_conn_params_timer_id_data              0x20002430   Data          32  ble_conn_params.o(.bss)
    .bss                                     0x20002450   Section       28  ble_conn_params.o(.bss)
    m_conn_params_config                     0x20002450   Data          28  ble_conn_params.o(.bss)
    .bss                                     0x2000246c   Section       52  ble_conn_state.o(.bss)
    m_bcs                                    0x2000246c   Data          52  ble_conn_state.o(.bss)
    .bss                                     0x200024a0   Section      112  id_manager.o(.bss)
    m_connections                            0x200024a0   Data          96  id_manager.o(.bss)
    m_wlisted_peers                          0x20002500   Data          16  id_manager.o(.bss)
    .bss                                     0x20002510   Section      816  peer_database.o(.bss)
    buffer_memory                            0x20002510   Data         640  peer_database.o(.bss)
    m_write_buffer                           0x20002790   Data          16  peer_database.o(.bss)
    m_write_buffer_records                   0x200027a0   Data         160  peer_database.o(.bss)
    .bss                                     0x20002840   Section       64  peer_id.o(.bss)
    m_pi                                     0x20002840   Data          64  peer_id.o(.bss)
    .bss                                     0x20002880   Section       12  peer_manager.o(.bss)
    m_evt_handlers                           0x20002880   Data          12  peer_manager.o(.bss)
    .bss                                     0x2000288c   Section       64  security_dispatcher.o(.bss)
    m_peer_pk                                0x2000288c   Data          64  security_dispatcher.o(.bss)
    .bss                                     0x200028cc   Section       20  nrf_drv_clock.o(.bss)
    m_clock_cb                               0x200028cc   Data          20  nrf_drv_clock.o(.bss)
    .bss                                     0x200028e0   Section       72  nrf_drv_gpiote.o(.bss)
    m_cb                                     0x200028e0   Data          72  nrf_drv_gpiote.o(.bss)
    .bss                                     0x20002928   Section       28  nrf_drv_uart.o(.bss)
    m_cb                                     0x20002928   Data          28  nrf_drv_uart.o(.bss)
    .bss                                     0x20002944   Section       32  app_button.o(.bss)
    m_detection_delay_timer_id_data          0x20002944   Data          32  app_button.o(.bss)
    .bss                                     0x20002964   Section      284  fds.o(.bss)
    desc                                     0x20002964   Data          12  fds.o(.bss)
    m_cb_table                               0x20002970   Data          32  fds.o(.bss)
    m_op_queue                               0x20002990   Data         120  fds.o(.bss)
    m_chunk_queue                            0x20002a08   Data          72  fds.o(.bss)
    m_pages                                  0x20002a50   Data          32  fds.o(.bss)
    m_gc                                     0x20002a70   Data          16  fds.o(.bss)
    .bss                                     0x20002a80   Section      104  fstorage.o(.bss)
    m_queue                                  0x20002a80   Data         104  fstorage.o(.bss)
    .bss                                     0x20002ae8   Section     1160  segger_rtt.o(.bss)
    _acUpBuffer                              0x20002ae8   Data        1024  segger_rtt.o(.bss)
    _acDownBuffer                            0x20002ee8   Data          16  segger_rtt.o(.bss)
    HEAP                                     0x20002f70   Section     2048  arm_startup_nrf51.o(HEAP)
    STACK                                    0x20003770   Section     2048  arm_startup_nrf51.o(STACK)

    Global Symbols

    Symbol Name                              Value     Ov Type        Size  Object(Section)

    BuildAttributes$$THM_ISAv3M$S$PE$A:L22$X:L11$S22$IEEE1$IW$USESV6$~STKCKD$USESV7$~SHL$OSPACE$EBA8$MICROLIB$REQ8$PRES8$EABIv2 0x00000000   Number         0  anon$$obj.o ABSOLUTE
    __ARM_use_no_argv                        0x00000000   Number         0  main.o ABSOLUTE
    __cpp_initialize__aeabi_                  - Undefined Weak Reference
    __cxa_finalize                            - Undefined Weak Reference
    _clock_init                               - Undefined Weak Reference
    _microlib_exit                            - Undefined Weak Reference
    __Vectors_Size                           0x000000c0   Number         0  arm_startup_nrf51.o ABSOLUTE
    __Vectors                                0x0001b000   Data           4  arm_startup_nrf51.o(RESET)
    __Vectors_End                            0x0001b0c0   Data           0  arm_startup_nrf51.o(RESET)
    __main                                   0x0001b0c1   Thumb Code     0  entry.o(.ARM.Collect$$$$00000000)
    _main_stk                                0x0001b0c1   Thumb Code     0  entry2.o(.ARM.Collect$$$$00000001)
    _main_scatterload                        0x0001b0c5   Thumb Code     0  entry5.o(.ARM.Collect$$$$00000004)
    __main_after_scatterload                 0x0001b0c9   Thumb Code     0  entry5.o(.ARM.Collect$$$$00000004)
    _main_clock                              0x0001b0c9   Thumb Code     0  entry7b.o(.ARM.Collect$$$$00000008)
    _main_cpp_init                           0x0001b0c9   Thumb Code     0  entry8b.o(.ARM.Collect$$$$0000000A)
    _main_init                               0x0001b0c9   Thumb Code     0  entry9a.o(.ARM.Collect$$$$0000000B)
    __rt_final_cpp                           0x0001b0d1   Thumb Code     0  entry10a.o(.ARM.Collect$$$$0000000D)
    __rt_final_exit                          0x0001b0d1   Thumb Code     0  entry11a.o(.ARM.Collect$$$$0000000F)
    Reset_Handler                            0x0001b0d5   Thumb Code    26  arm_startup_nrf51.o(.text)
    NMI_Handler                              0x0001b0ef   Thumb Code     2  arm_startup_nrf51.o(.text)
    HardFault_Handler                        0x0001b0f1   Thumb Code     2  arm_startup_nrf51.o(.text)
    SVC_Handler                              0x0001b0f3   Thumb Code     2  arm_startup_nrf51.o(.text)
    PendSV_Handler                           0x0001b0f5   Thumb Code     2  arm_startup_nrf51.o(.text)
    SysTick_Handler                          0x0001b0f7   Thumb Code     2  arm_startup_nrf51.o(.text)
    ADC_IRQHandler                           0x0001b0f9   Thumb Code     0  arm_startup_nrf51.o(.text)
    CCM_AAR_IRQHandler                       0x0001b0f9   Thumb Code     0  arm_startup_nrf51.o(.text)
    ECB_IRQHandler                           0x0001b0f9   Thumb Code     0  arm_startup_nrf51.o(.text)
    LPCOMP_IRQHandler                        0x0001b0f9   Thumb Code     0  arm_startup_nrf51.o(.text)
    QDEC_IRQHandler                          0x0001b0f9   Thumb Code     0  arm_startup_nrf51.o(.text)
    RADIO_IRQHandler                         0x0001b0f9   Thumb Code     0  arm_startup_nrf51.o(.text)
    RNG_IRQHandler                           0x0001b0f9   Thumb Code     0  arm_startup_nrf51.o(.text)
    RTC0_IRQHandler                          0x0001b0f9   Thumb Code     0  arm_startup_nrf51.o(.text)
    SPI0_TWI0_IRQHandler                     0x0001b0f9   Thumb Code     0  arm_startup_nrf51.o(.text)
    SPI1_TWI1_IRQHandler                     0x0001b0f9   Thumb Code     0  arm_startup_nrf51.o(.text)
    SWI1_IRQHandler                          0x0001b0f9   Thumb Code     0  arm_startup_nrf51.o(.text)
    SWI3_IRQHandler                          0x0001b0f9   Thumb Code     0  arm_startup_nrf51.o(.text)
    SWI4_IRQHandler                          0x0001b0f9   Thumb Code     0  arm_startup_nrf51.o(.text)
    SWI5_IRQHandler                          0x0001b0f9   Thumb Code     0  arm_startup_nrf51.o(.text)
    TEMP_IRQHandler                          0x0001b0f9   Thumb Code     0  arm_startup_nrf51.o(.text)
    TIMER0_IRQHandler                        0x0001b0f9   Thumb Code     0  arm_startup_nrf51.o(.text)
    TIMER1_IRQHandler                        0x0001b0f9   Thumb Code     0  arm_startup_nrf51.o(.text)
    TIMER2_IRQHandler                        0x0001b0f9   Thumb Code     0  arm_startup_nrf51.o(.text)
    WDT_IRQHandler                           0x0001b0f9   Thumb Code     0  arm_startup_nrf51.o(.text)
    __aeabi_uidiv                            0x0001b10d   Thumb Code     0  uidiv.o(.text)
    __aeabi_uidivmod                         0x0001b10d   Thumb Code    44  uidiv.o(.text)
    __aeabi_idiv                             0x0001b139   Thumb Code     0  idiv.o(.text)
    __aeabi_idivmod                          0x0001b139   Thumb Code    40  idiv.o(.text)
    __aeabi_memcpy                           0x0001b161   Thumb Code    36  memcpya.o(.text)
    __aeabi_memcpy4                          0x0001b161   Thumb Code     0  memcpya.o(.text)
    __aeabi_memcpy8                          0x0001b161   Thumb Code     0  memcpya.o(.text)
    __aeabi_memset                           0x0001b185   Thumb Code    14  memseta.o(.text)
    __aeabi_memset4                          0x0001b185   Thumb Code     0  memseta.o(.text)
    __aeabi_memset8                          0x0001b185   Thumb Code     0  memseta.o(.text)
    __aeabi_memclr                           0x0001b193   Thumb Code     4  memseta.o(.text)
    __aeabi_memclr4                          0x0001b193   Thumb Code     0  memseta.o(.text)
    __aeabi_memclr8                          0x0001b193   Thumb Code     0  memseta.o(.text)
    _memset$wrapper                          0x0001b197   Thumb Code    18  memseta.o(.text)
    strcat                                   0x0001b1a9   Thumb Code    24  strcat.o(.text)
    memcmp                                   0x0001b1c1   Thumb Code    26  memcmp.o(.text)
    strcpy                                   0x0001b1db   Thumb Code    18  strcpy.o(.text)
    __scatterload                            0x0001b1ed   Thumb Code    28  init.o(.text)
    __scatterload_rt2                        0x0001b1ed   Thumb Code     0  init.o(.text)
    __decompress                             0x0001b211   Thumb Code     0  __dczerorl2.o(.text)
    __decompress1                            0x0001b211   Thumb Code    86  __dczerorl2.o(.text)
    GPIOTE_IRQHandler                        0x0001b269   Thumb Code   316  nrf_drv_gpiote.o(i.GPIOTE_IRQHandler)
    POWER_CLOCK_IRQHandler                   0x0001b3fd   Thumb Code    70  nrf_drv_clock.o(i.POWER_CLOCK_IRQHandler)
    RPA_config                               0x0001b451   Thumb Code    58  main.o(i.RPA_config)
    RPA_generation                           0x0001b491   Thumb Code   284  main.o(i.RPA_generation)
    RTC1_IRQHandler                          0x0001b68d   Thumb Code    28  app_timer.o(i.RTC1_IRQHandler)
    SEGGER_RTT_Write                         0x0001b6ad   Thumb Code    32  segger_rtt.o(i.SEGGER_RTT_Write)
    SEGGER_RTT_WriteNoLock                   0x0001b6d1   Thumb Code    86  segger_rtt.o(i.SEGGER_RTT_WriteNoLock)
    SEGGER_RTT_printf                        0x0001b72d   Thumb Code    24  segger_rtt_printf.o(i.SEGGER_RTT_printf)
    SEGGER_RTT_vprintf                       0x0001b745   Thumb Code   404  segger_rtt_printf.o(i.SEGGER_RTT_vprintf)
    SWI0_IRQHandler                          0x0001b8d9   Thumb Code     8  app_timer.o(i.SWI0_IRQHandler)
    SWI2_IRQHandler                          0x0001b8e1   Thumb Code    28  softdevice_handler.o(i.SWI2_IRQHandler)
    SystemInit                               0x0001b901   Thumb Code   130  system_nrf51.o(i.SystemInit)
    UART0_IRQHandler                         0x0001b9a1   Thumb Code    12  nrf_drv_uart.o(i.UART0_IRQHandler)
    __ARM_common_switch8                     0x0001bcb3   Thumb Code    26  main.o(i.__ARM_common_switch8)
    __scatterload_copy                       0x0001bccd   Thumb Code    14  handlers.o(i.__scatterload_copy)
    __scatterload_null                       0x0001bcdb   Thumb Code     2  handlers.o(i.__scatterload_null)
    __scatterload_zeroinit                   0x0001bcdd   Thumb Code    14  handlers.o(i.__scatterload_zeroinit)
    addr_compare                             0x0001bd09   Thumb Code    40  id_manager.o(i.addr_compare)
    adv_data_encode                          0x0001bd31   Thumb Code   398  ble_advdata.o(i.adv_data_encode)
    aes_ecb_encryption                       0x0001bf65   Thumb Code   106  main.o(i.aes_ecb_encryption)
    ah                                       0x0001c031   Thumb Code    78  id_manager.o(i.ah)
    app_button_enable                        0x0001c099   Thumb Code    32  app_button.o(i.app_button_enable)
    app_button_init                          0x0001c0bd   Thumb Code   100  app_button.o(i.app_button_init)
    app_error_fault_handler                  0x0001c131   Thumb Code    18  app_error_weak.o(i.app_error_fault_handler)
    app_error_handler_bare                   0x0001c14d   Thumb Code    20  app_error.o(i.app_error_handler_bare)
    app_timer_create                         0x0001c165   Thumb Code    40  app_timer.o(i.app_timer_create)
    app_timer_init                           0x0001c191   Thumb Code    98  app_timer.o(i.app_timer_init)
    app_timer_start                          0x0001c205   Thumb Code   128  app_timer.o(i.app_timer_start)
    app_timer_stop                           0x0001c28d   Thumb Code    36  app_timer.o(i.app_timer_stop)
    app_util_critical_region_enter           0x0001c2b5   Thumb Code    48  app_util_platform.o(i.app_util_critical_region_enter)
    app_util_critical_region_exit            0x0001c2f1   Thumb Code    36  app_util_platform.o(i.app_util_critical_region_exit)
    ble_advdata_set                          0x0001c3bd   Thumb Code   104  ble_advdata.o(i.ble_advdata_set)
    ble_advertising_init                     0x0001c425   Thumb Code   340  ble_advertising.o(i.ble_advertising_init)
    ble_advertising_on_ble_evt               0x0001c581   Thumb Code    82  ble_advertising.o(i.ble_advertising_on_ble_evt)
    ble_advertising_on_sys_evt               0x0001c5d9   Thumb Code    42  ble_advertising.o(i.ble_advertising_on_sys_evt)
    ble_advertising_restart_without_whitelist 0x0001c609   Thumb Code    50  ble_advertising.o(i.ble_advertising_restart_without_whitelist)
    ble_advertising_start                    0x0001c645   Thumb Code   256  ble_advertising.o(i.ble_advertising_start)
    ble_conn_params_on_ble_evt               0x0001c74d   Thumb Code   130  ble_conn_params.o(i.ble_conn_params_on_ble_evt)
    ble_conn_state_conn_handles              0x0001c7dd   Thumb Code    14  ble_conn_state.o(i.ble_conn_state_conn_handles)
    ble_conn_state_encrypted                 0x0001c7f1   Thumb Code    16  ble_conn_state.o(i.ble_conn_state_encrypted)
    ble_conn_state_mitm_protected            0x0001c805   Thumb Code    16  ble_conn_state.o(i.ble_conn_state_mitm_protected)
    ble_conn_state_on_ble_evt                0x0001c819   Thumb Code   238  ble_conn_state.o(i.ble_conn_state_on_ble_evt)
    ble_conn_state_role                      0x0001c911   Thumb Code    46  ble_conn_state.o(i.ble_conn_state_role)
    ble_conn_state_user_flag_acquire         0x0001c945   Thumb Code    42  ble_conn_state.o(i.ble_conn_state_user_flag_acquire)
    ble_conn_state_user_flag_collection      0x0001c975   Thumb Code    20  ble_conn_state.o(i.ble_conn_state_user_flag_collection)
    ble_conn_state_user_flag_get             0x0001c98d   Thumb Code    32  ble_conn_state.o(i.ble_conn_state_user_flag_get)
    ble_conn_state_user_flag_set             0x0001c9b1   Thumb Code    36  ble_conn_state.o(i.ble_conn_state_user_flag_set)
    ble_srv_is_notification_enabled          0x0001ca5f   Thumb Code    14  ble_srv_common.o(i.ble_srv_is_notification_enabled)
    bsp_btn_ble_init                         0x0001cadd   Thumb Code    80  bsp_btn_ble.o(i.bsp_btn_ble_init)
    bsp_btn_ble_on_ble_evt                   0x0001cb31   Thumb Code   114  bsp_btn_ble.o(i.bsp_btn_ble_on_ble_evt)
    bsp_btn_ble_sleep_mode_prepare           0x0001cba9   Thumb Code    20  bsp_btn_ble.o(i.bsp_btn_ble_sleep_mode_prepare)
    bsp_button_is_pressed                    0x0001cc5d   Thumb Code    34  bsp.o(i.bsp_button_is_pressed)
    bsp_event_to_button_action_assign        0x0001cccd   Thumb Code    66  bsp.o(i.bsp_event_to_button_action_assign)
    bsp_indication_set                       0x0001cd15   Thumb Code    22  bsp.o(i.bsp_indication_set)
    bsp_init                                 0x0001cd31   Thumb Code   134  bsp.o(i.bsp_init)
    bsp_wakeup_buttons_set                   0x0001cfc9   Thumb Code    50  bsp.o(i.bsp_wakeup_buttons_set)
    chunk_queue_next                         0x0001d0a5   Thumb Code    20  fds.o(i.chunk_queue_next)
    configure_next_event_earliest            0x0001d1c9   Thumb Code    26  timeslot.o(i.configure_next_event_earliest)
    configure_next_event_normal              0x0001d1f5   Thumb Code    26  timeslot.o(i.configure_next_event_normal)
    fds_file_delete                          0x0001d6d9   Thumb Code    66  fds.o(i.fds_file_delete)
    fds_gc                                   0x0001d725   Thumb Code    62  fds.o(i.fds_gc)
    fds_init                                 0x0001d76d   Thumb Code   134  fds.o(i.fds_init)
    fds_record_close                         0x0001d7f9   Thumb Code    60  fds.o(i.fds_record_close)
    fds_record_find                          0x0001d839   Thumb Code    14  fds.o(i.fds_record_find)
    fds_record_find_by_key                   0x0001d847   Thumb Code    16  fds.o(i.fds_record_find_by_key)
    fds_record_find_in_file                  0x0001d857   Thumb Code    16  fds.o(i.fds_record_find_in_file)
    fds_record_id_from_desc                  0x0001d867   Thumb Code    20  fds.o(i.fds_record_id_from_desc)
    fds_record_open                          0x0001d87d   Thumb Code    64  fds.o(i.fds_record_open)
    fds_record_update                        0x0001d8c1   Thumb Code    20  fds.o(i.fds_record_update)
    fds_record_write                         0x0001d8d5   Thumb Code    12  fds.o(i.fds_record_write)
    fds_record_write_reserved                0x0001d8e1   Thumb Code    18  fds.o(i.fds_record_write_reserved)
    fds_register                             0x0001d8f5   Thumb Code    28  fds.o(i.fds_register)
    fds_reserve                              0x0001d919   Thumb Code    48  fds.o(i.fds_reserve)
    fds_reserve_cancel                       0x0001d94d   Thumb Code    62  fds.o(i.fds_reserve_cancel)
    free                                     0x0001da59   Thumb Code    80  malloc.o(i.free)
    fs_erase                                 0x0001daad   Thumb Code   118  fstorage.o(i.fs_erase)
    fs_init                                  0x0001db35   Thumb Code   154  fstorage.o(i.fs_init)
    fs_queued_op_count_get                   0x0001dbe1   Thumb Code    18  fstorage.o(i.fs_queued_op_count_get)
    fs_store                                 0x0001dbf9   Thumb Code   128  fstorage.o(i.fs_store)
    fs_sys_event_handler                     0x0001dc7d   Thumb Code    94  fstorage.o(i.fs_sys_event_handler)
    gcm_ble_evt_handler                      0x0001deb9   Thumb Code   232  gatt_cache_manager.o(i.gcm_ble_evt_handler)
    gcm_gscm_evt_handler                     0x0001dfa9   Thumb Code    96  gatt_cache_manager.o(i.gcm_gscm_evt_handler)
    gcm_im_evt_handler                       0x0001e011   Thumb Code    40  gatt_cache_manager.o(i.gcm_im_evt_handler)
    gcm_init                                 0x0001e03d   Thumb Code    66  gatt_cache_manager.o(i.gcm_init)
    gcm_local_database_has_changed           0x0001e085   Thumb Code    66  gatt_cache_manager.o(i.gcm_local_database_has_changed)
    gcm_smd_evt_handler                      0x0001e0d1   Thumb Code    16  gatt_cache_manager.o(i.gcm_smd_evt_handler)
    generate_hash                            0x0001e0e1   Thumb Code    78  main.o(i.generate_hash)
    get_connection_by_conn_handle            0x0001e131   Thumb Code    48  id_manager.o(i.get_connection_by_conn_handle)
    get_free_connection                      0x0001e169   Thumb Code    40  id_manager.o(i.get_free_connection)
    gscm_db_change_notification_done         0x0001e1e9   Thumb Code    22  gatts_cache_manager.o(i.gscm_db_change_notification_done)
    gscm_init                                0x0001e205   Thumb Code    16  gatts_cache_manager.o(i.gscm_init)
    gscm_local_database_has_changed          0x0001e219   Thumb Code    18  gatts_cache_manager.o(i.gscm_local_database_has_changed)
    gscm_local_db_cache_apply                0x0001e235   Thumb Code   104  gatts_cache_manager.o(i.gscm_local_db_cache_apply)
    gscm_local_db_cache_update               0x0001e2a1   Thumb Code   124  gatts_cache_manager.o(i.gscm_local_db_cache_update)
    gscm_pdb_evt_handler                     0x0001e325   Thumb Code    68  gatts_cache_manager.o(i.gscm_pdb_evt_handler)
    gscm_service_changed_ind_needed          0x0001e371   Thumb Code    28  gatts_cache_manager.o(i.gscm_service_changed_ind_needed)
    gscm_service_changed_ind_send            0x0001e38d   Thumb Code    32  gatts_cache_manager.o(i.gscm_service_changed_ind_send)
    im_address_resolve                       0x0001e3d5   Thumb Code    64  id_manager.o(i.im_address_resolve)
    im_ble_addr_get                          0x0001e415   Thumb Code    38  id_manager.o(i.im_ble_addr_get)
    im_ble_evt_handler                       0x0001e441   Thumb Code   162  id_manager.o(i.im_ble_evt_handler)
    im_conn_handle_get                       0x0001e4e9   Thumb Code    34  id_manager.o(i.im_conn_handle_get)
    im_init                                  0x0001e515   Thumb Code    60  id_manager.o(i.im_init)
    im_is_duplicate_bonding_data             0x0001e55d   Thumb Code    56  id_manager.o(i.im_is_duplicate_bonding_data)
    im_master_id_is_valid                    0x0001e595   Thumb Code    28  id_manager.o(i.im_master_id_is_valid)
    im_master_ids_compare                    0x0001e5b1   Thumb Code    44  id_manager.o(i.im_master_ids_compare)
    im_new_peer_id                           0x0001e5dd   Thumb Code     8  id_manager.o(i.im_new_peer_id)
    im_pdb_evt_handler                       0x0001e5e5   Thumb Code   110  id_manager.o(i.im_pdb_evt_handler)
    im_peer_free                             0x0001e655   Thumb Code    38  id_manager.o(i.im_peer_free)
    im_peer_id_get_by_conn_handle            0x0001e681   Thumb Code    24  id_manager.o(i.im_peer_id_get_by_conn_handle)
    im_peer_id_get_by_master_id              0x0001e6a1   Thumb Code    62  id_manager.o(i.im_peer_id_get_by_master_id)
    intern_softdevice_events_execute         0x0001e7a5   Thumb Code   122  softdevice_handler.o(i.intern_softdevice_events_execute)
    is_valid_irk                             0x0001e889   Thumb Code    22  id_manager.o(i.is_valid_irk)
    main                                     0x0001ee5d   Thumb Code   242  main.o(i.main)
    malloc                                   0x0001ef75   Thumb Code    92  malloc.o(i.malloc)
    manu_data_set                            0x0001efe1   Thumb Code    74  main.o(i.manu_data_set)
    new_connection                           0x0001f139   Thumb Code    80  id_manager.o(i.new_connection)
    next_id_get                              0x0001f195   Thumb Code    48  peer_id.o(i.next_id_get)
    nrf_drv_clock_init                       0x0001f209   Thumb Code    50  nrf_drv_clock.o(i.nrf_drv_clock_init)
    nrf_drv_clock_on_sd_enable               0x0001f245   Thumb Code    46  nrf_drv_clock.o(i.nrf_drv_clock_on_sd_enable)
    nrf_drv_clock_on_soc_event               0x0001f279   Thumb Code    12  nrf_drv_clock.o(i.nrf_drv_clock_on_soc_event)
    nrf_drv_common_irq_enable                0x0001f285   Thumb Code    78  nrf_drv_common.o(i.nrf_drv_common_irq_enable)
    nrf_drv_gpiote_in_event_enable           0x0001f2e5   Thumb Code   134  nrf_drv_gpiote.o(i.nrf_drv_gpiote_in_event_enable)
    nrf_drv_gpiote_in_init                   0x0001f37d   Thumb Code   146  nrf_drv_gpiote.o(i.nrf_drv_gpiote_in_init)
    nrf_drv_gpiote_in_is_set                 0x0001f421   Thumb Code    16  nrf_drv_gpiote.o(i.nrf_drv_gpiote_in_is_set)
    nrf_drv_gpiote_init                      0x0001f435   Thumb Code    84  nrf_drv_gpiote.o(i.nrf_drv_gpiote_init)
    nrf_drv_gpiote_is_init                   0x0001f491   Thumb Code    12  nrf_drv_gpiote.o(i.nrf_drv_gpiote_is_init)
    nrf_evt_signal_handler                   0x0001f4a1   Thumb Code    22  timeslot.o(i.nrf_evt_signal_handler)
    pdb_init                                 0x0001f92d   Thumb Code    62  peer_database.o(i.pdb_init)
    pdb_next_deleted_peer_id_get             0x0001f979   Thumb Code     8  peer_database.o(i.pdb_next_deleted_peer_id_get)
    pdb_next_peer_id_get                     0x0001f981   Thumb Code     8  peer_database.o(i.pdb_next_peer_id_get)
    pdb_pds_evt_handler                      0x0001f989   Thumb Code   300  peer_database.o(i.pdb_pds_evt_handler)
    pdb_peer_allocate                        0x0001fabd   Thumb Code     8  peer_database.o(i.pdb_peer_allocate)
    pdb_peer_data_load                       0x0001fac5   Thumb Code    16  peer_database.o(i.pdb_peer_data_load)
    pdb_peer_data_ptr_get                    0x0001fad5   Thumb Code    10  peer_database.o(i.pdb_peer_data_ptr_get)
    pdb_peer_free                            0x0001fadf   Thumb Code    74  peer_database.o(i.pdb_peer_free)
    pdb_raw_store                            0x0001fb29   Thumb Code    12  peer_database.o(i.pdb_raw_store)
    pdb_write_buf_get                        0x0001fb35   Thumb Code   256  peer_database.o(i.pdb_write_buf_get)
    pdb_write_buf_release                    0x0001fc3d   Thumb Code    42  peer_database.o(i.pdb_write_buf_release)
    pdb_write_buf_store                      0x0001fc69   Thumb Code   190  peer_database.o(i.pdb_write_buf_store)
    pdb_write_buf_store_prepare              0x0001fd31   Thumb Code    98  peer_database.o(i.pdb_write_buf_store_prepare)
    pds_init                                 0x0001fda5   Thumb Code   100  peer_data_storage.o(i.pds_init)
    pds_next_deleted_peer_id_get             0x0001fe15   Thumb Code     8  peer_data_storage.o(i.pds_next_deleted_peer_id_get)
    pds_next_peer_id_get                     0x0001fe1d   Thumb Code     8  peer_data_storage.o(i.pds_next_peer_id_get)
    pds_peer_data_iterate                    0x0001fe25   Thumb Code    80  peer_data_storage.o(i.pds_peer_data_iterate)
    pds_peer_data_iterate_prepare            0x0001fe79   Thumb Code    10  peer_data_storage.o(i.pds_peer_data_iterate_prepare)
    pds_peer_data_read                       0x0001fe89   Thumb Code   112  peer_data_storage.o(i.pds_peer_data_read)
    pds_peer_data_store                      0x0001fef9   Thumb Code   170  peer_data_storage.o(i.pds_peer_data_store)
    pds_peer_id_allocate                     0x0001ffa5   Thumb Code    10  peer_data_storage.o(i.pds_peer_id_allocate)
    pds_peer_id_free                         0x0001ffb5   Thumb Code    22  peer_data_storage.o(i.pds_peer_id_free)
    pds_peer_id_is_allocated                 0x0001ffcb   Thumb Code     8  peer_data_storage.o(i.pds_peer_id_is_allocated)
    pds_space_reserve                        0x0001ffd3   Thumb Code    48  peer_data_storage.o(i.pds_space_reserve)
    pds_space_reserve_cancel                 0x00020003   Thumb Code    16  peer_data_storage.o(i.pds_space_reserve_cancel)
    peer_id_allocate                         0x00020101   Thumb Code    10  peer_id.o(i.peer_id_allocate)
    peer_id_delete                           0x00020111   Thumb Code    30  peer_id.o(i.peer_id_delete)
    peer_id_free                             0x00020139   Thumb Code    22  peer_id.o(i.peer_id_free)
    peer_id_get_next_deleted                 0x00020155   Thumb Code    10  peer_id.o(i.peer_id_get_next_deleted)
    peer_id_get_next_used                    0x00020165   Thumb Code    42  peer_id.o(i.peer_id_get_next_used)
    peer_id_init                             0x00020199   Thumb Code    34  peer_id.o(i.peer_id_init)
    peer_id_is_allocated                     0x000201c1   Thumb Code    20  peer_id.o(i.peer_id_is_allocated)
    peer_id_is_deleted                       0x000201d9   Thumb Code    20  peer_id.o(i.peer_id_is_deleted)
    pm_buffer_block_acquire                  0x000202c1   Thumb Code    94  pm_buffer.o(i.pm_buffer_block_acquire)
    pm_buffer_init                           0x0002031f   Thumb Code    66  pm_buffer.o(i.pm_buffer_init)
    pm_buffer_ptr_get                        0x00020361   Thumb Code    46  pm_buffer.o(i.pm_buffer_ptr_get)
    pm_buffer_release                        0x0002038f   Thumb Code    42  pm_buffer.o(i.pm_buffer_release)
    pm_conn_sec_config_reply                 0x000203b9   Thumb Code     8  peer_manager.o(i.pm_conn_sec_config_reply)
    pm_conn_secure                           0x000203c1   Thumb Code    20  peer_manager.o(i.pm_conn_secure)
    pm_gcm_evt_handler                       0x00020455   Thumb Code   128  peer_manager.o(i.pm_gcm_evt_handler)
    pm_im_evt_handler                        0x000204d5   Thumb Code    74  peer_manager.o(i.pm_im_evt_handler)
    pm_init                                  0x00020525   Thumb Code   108  peer_manager.o(i.pm_init)
    pm_local_database_has_changed            0x00020595   Thumb Code    16  peer_manager.o(i.pm_local_database_has_changed)
    pm_mutex_init                            0x000205a9   Thumb Code    16  pm_mutex.o(i.pm_mutex_init)
    pm_mutex_lock                            0x000205b9   Thumb Code    28  pm_mutex.o(i.pm_mutex_lock)
    pm_mutex_lock_first_available            0x000205d5   Thumb Code    52  pm_mutex.o(i.pm_mutex_lock_first_available)
    pm_mutex_lock_status_get                 0x00020609   Thumb Code    24  pm_mutex.o(i.pm_mutex_lock_status_get)
    pm_mutex_unlock                          0x00020621   Thumb Code    54  pm_mutex.o(i.pm_mutex_unlock)
    pm_on_ble_evt                            0x00020659   Thumb Code    32  peer_manager.o(i.pm_on_ble_evt)
    pm_pdb_evt_handler                       0x0002067d   Thumb Code   306  peer_manager.o(i.pm_pdb_evt_handler)
    pm_peer_delete                           0x000207b9   Thumb Code    20  peer_manager.o(i.pm_peer_delete)
    pm_peer_rank_highest                     0x000207d1   Thumb Code   182  peer_manager.o(i.pm_peer_rank_highest)
    pm_peer_ranks_get                        0x00020891   Thumb Code   164  peer_manager.o(i.pm_peer_ranks_get)
    pm_peers_delete                          0x00020941   Thumb Code    52  peer_manager.o(i.pm_peers_delete)
    pm_register                              0x0002097d   Thumb Code    38  peer_manager.o(i.pm_register)
    pm_sec_params_set                        0x000209ad   Thumb Code    20  peer_manager.o(i.pm_sec_params_set)
    pm_sm_evt_handler                        0x000209c5   Thumb Code   324  peer_manager.o(i.pm_sm_evt_handler)
    print_uint8_arr_hex                      0x00020b11   Thumb Code    46  main.o(i.print_uint8_arr_hex)
    print_uint8_arr_str                      0x00020b51   Thumb Code    46  main.o(i.print_uint8_arr_str)
    radio_callback                           0x00020d49   Thumb Code    98  timeslot.o(i.radio_callback)
    request_next_event_earliest              0x00020ff5   Thumb Code    28  timeslot.o(i.request_next_event_earliest)
    sdk_mapped_flags_bulk_update_by_key      0x00021125   Thumb Code    70  sdk_mapped_flags.o(i.sdk_mapped_flags_bulk_update_by_key)
    sdk_mapped_flags_first_key_index_get     0x0002116d   Thumb Code    34  sdk_mapped_flags.o(i.sdk_mapped_flags_first_key_index_get)
    sdk_mapped_flags_get_by_key              0x000211a5   Thumb Code    38  sdk_mapped_flags.o(i.sdk_mapped_flags_get_by_key)
    sdk_mapped_flags_key_list_get            0x000211cb   Thumb Code    70  sdk_mapped_flags.o(i.sdk_mapped_flags_key_list_get)
    sdk_mapped_flags_update_by_key           0x00021211   Thumb Code    14  sdk_mapped_flags.o(i.sdk_mapped_flags_update_by_key)
    sm_ble_evt_handler                       0x00021695   Thumb Code    16  security_manager.o(i.sm_ble_evt_handler)
    sm_conn_sec_config_reply                 0x000216a9   Thumb Code    24  security_manager.o(i.sm_conn_sec_config_reply)
    sm_init                                  0x000216c5   Thumb Code    76  security_manager.o(i.sm_init)
    sm_link_secure                           0x00021715   Thumb Code    14  security_manager.o(i.sm_link_secure)
    sm_pdb_evt_handler                       0x00021725   Thumb Code    48  security_manager.o(i.sm_pdb_evt_handler)
    sm_sec_params_set                        0x00021759   Thumb Code    44  security_manager.o(i.sm_sec_params_set)
    sm_smd_evt_handler                       0x00021789   Thumb Code   118  security_manager.o(i.sm_smd_evt_handler)
    smd_ble_evt_handler                      0x00021805   Thumb Code   214  security_dispatcher.o(i.smd_ble_evt_handler)
    smd_init                                 0x000218e9   Thumb Code    56  security_dispatcher.o(i.smd_init)
    smd_link_secure                          0x00021925   Thumb Code    44  security_dispatcher.o(i.smd_link_secure)
    smd_params_reply                         0x00021955   Thumb Code   260  security_dispatcher.o(i.smd_params_reply)
    smd_pdb_evt_handler                      0x00021aed   Thumb Code    46  security_dispatcher.o(i.smd_pdb_evt_handler)
    softdevice_ble_evt_handler_set           0x00021b21   Thumb Code    16  softdevice_handler.o(i.softdevice_ble_evt_handler_set)
    softdevice_enable                        0x00021b35   Thumb Code    14  softdevice_handler.o(i.softdevice_enable)
    softdevice_enable_get_default_config     0x00021b49   Thumb Code    40  softdevice_handler.o(i.softdevice_enable_get_default_config)
    softdevice_fault_handler                 0x00021b71   Thumb Code     8  softdevice_handler.o(i.softdevice_fault_handler)
    softdevice_handler_init                  0x00021b79   Thumb Code    74  softdevice_handler.o(i.softdevice_handler_init)
    softdevice_handler_is_enabled            0x00021bd1   Thumb Code     6  softdevice_handler.o(i.softdevice_handler_is_enabled)
    softdevice_sys_evt_handler_set           0x00021bdd   Thumb Code    16  softdevice_handler.o(i.softdevice_sys_evt_handler_set)
    timeslot_sd_init                         0x00021da5   Thumb Code    24  timeslot.o(i.timeslot_sd_init)
    Region$$Table$$Base                      0x00022568   Number         0  anon$$obj.o(Region$$Table)
    Region$$Table$$Limit                     0x00022588   Number         0  anon$$obj.o(Region$$Table)
    Image$$RW_IRAM1$$Base                    0x20001fe8   Number         0  anon$$obj.o ABSOLUTE
    nrf_nvic_state                           0x200020f8   Data           8  app_util_platform.o(.data)
    SystemCoreClock                          0x20002130   Data           4  system_nrf51.o(.data)
    __microlib_freelist                      0x20002134   Data           4  mvars.o(.data)
    __microlib_freelist_initialised          0x20002138   Data           4  mvars.o(.data)
    fs_data$$Base                            0x2000213c   Number         0  fds.o(fs_data)
    fs_data$$Limit                           0x2000214c   Number         0  fds.o(fs_data)
    _SEGGER_RTT                              0x20002ef8   Data         120  segger_rtt.o(.bss)
    __heap_base                              0x20002f70   Data           0  arm_startup_nrf51.o(HEAP)
    __heap_limit                             0x20003770   Data           0  arm_startup_nrf51.o(HEAP)
    __initial_sp                             0x20003f70   Data           0  arm_startup_nrf51.o(STACK)



==============================================================================

Memory Map of the image

  Image Entry point : 0x0001b0c1

  Load Region LR_IROM1 (Base: 0x0001b000, Size: 0x000076ec, Max: 0x00025000, ABSOLUTE, COMPRESSED[0x000075b4])

    Execution Region ER_IROM1 (Base: 0x0001b000, Size: 0x00007588, Max: 0x00025000, ABSOLUTE)

    Base Addr    Size         Type   Attr      Idx    E Section Name        Object

    0x0001b000   0x000000c0   Data   RO         4243    RESET               arm_startup_nrf51.o
    0x0001b0c0   0x00000000   Code   RO         4285  * .ARM.Collect$$$$00000000  mc_p.l(entry.o)
    0x0001b0c0   0x00000004   Code   RO         4341    .ARM.Collect$$$$00000001  mc_p.l(entry2.o)
    0x0001b0c4   0x00000004   Code   RO         4344    .ARM.Collect$$$$00000004  mc_p.l(entry5.o)
    0x0001b0c8   0x00000000   Code   RO         4346    .ARM.Collect$$$$00000008  mc_p.l(entry7b.o)
    0x0001b0c8   0x00000000   Code   RO         4348    .ARM.Collect$$$$0000000A  mc_p.l(entry8b.o)
    0x0001b0c8   0x00000008   Code   RO         4349    .ARM.Collect$$$$0000000B  mc_p.l(entry9a.o)
    0x0001b0d0   0x00000000   Code   RO         4351    .ARM.Collect$$$$0000000D  mc_p.l(entry10a.o)
    0x0001b0d0   0x00000000   Code   RO         4353    .ARM.Collect$$$$0000000F  mc_p.l(entry11a.o)
    0x0001b0d0   0x00000004   Code   RO         4342    .ARM.Collect$$$$00002712  mc_p.l(entry2.o)
    0x0001b0d4   0x00000038   Code   RO         4244    .text               arm_startup_nrf51.o
    0x0001b10c   0x0000002c   Code   RO         4293    .text               mc_p.l(uidiv.o)
    0x0001b138   0x00000028   Code   RO         4295    .text               mc_p.l(idiv.o)
    0x0001b160   0x00000024   Code   RO         4297    .text               mc_p.l(memcpya.o)
    0x0001b184   0x00000024   Code   RO         4299    .text               mc_p.l(memseta.o)
    0x0001b1a8   0x00000018   Code   RO         4301    .text               mc_p.l(strcat.o)
    0x0001b1c0   0x0000001a   Code   RO         4307    .text               mc_p.l(memcmp.o)
    0x0001b1da   0x00000012   Code   RO         4309    .text               mc_p.l(strcpy.o)
    0x0001b1ec   0x00000024   Code   RO         4359    .text               mc_p.l(init.o)
    0x0001b210   0x00000056   Code   RO         4369    .text               mc_p.l(__dczerorl2.o)
    0x0001b266   0x00000002   PAD
    0x0001b268   0x00000150   Code   RO         2567    i.GPIOTE_IRQHandler  nrf_drv_gpiote.o
    0x0001b3b8   0x00000044   Code   RO         3124    i.NVIC_SetPriority  app_timer.o
    0x0001b3fc   0x00000054   Code   RO         2390    i.POWER_CLOCK_IRQHandler  nrf_drv_clock.o
    0x0001b450   0x00000040   Code   RO            3    i.RPA_config        main.o
    0x0001b490   0x000001fc   Code   RO            4    i.RPA_generation    main.o
    0x0001b68c   0x00000020   Code   RO         3125    i.RTC1_IRQHandler   app_timer.o
    0x0001b6ac   0x00000024   Code   RO         3952    i.SEGGER_RTT_Write  segger_rtt.o
    0x0001b6d0   0x0000005c   Code   RO         3953    i.SEGGER_RTT_WriteNoLock  segger_rtt.o
    0x0001b72c   0x00000018   Code   RO         4077    i.SEGGER_RTT_printf  segger_rtt_printf.o
    0x0001b744   0x00000194   Code   RO         4078    i.SEGGER_RTT_vprintf  segger_rtt_printf.o
    0x0001b8d8   0x00000008   Code   RO         3126    i.SWI0_IRQHandler   app_timer.o
    0x0001b8e0   0x00000020   Code   RO         4116    i.SWI2_IRQHandler   softdevice_handler.o
    0x0001b900   0x000000a0   Code   RO         4251    i.SystemInit        system_nrf51.o
    0x0001b9a0   0x00000014   Code   RO         2768    i.UART0_IRQHandler  nrf_drv_uart.o
    0x0001b9b4   0x0000006c   Code   RO         3956    i._DoInit           segger_rtt.o
    0x0001ba20   0x00000016   Code   RO         3957    i._GetAvailWriteSpace  segger_rtt.o
    0x0001ba36   0x000000c8   Code   RO         4079    i._PrintInt         segger_rtt_printf.o
    0x0001bafe   0x00000002   PAD
    0x0001bb00   0x000000d8   Code   RO         4080    i._PrintUnsigned    segger_rtt_printf.o
    0x0001bbd8   0x0000003e   Code   RO         4081    i._StoreChar        segger_rtt_printf.o
    0x0001bc16   0x00000060   Code   RO         3959    i._WriteBlocking    segger_rtt.o
    0x0001bc76   0x0000003c   Code   RO         3960    i._WriteNoCheck     segger_rtt.o
    0x0001bcb2   0x0000001a   Code   RO          120    i.__ARM_common_switch8  main.o
    0x0001bccc   0x0000000e   Code   RO         4363    i.__scatterload_copy  mc_p.l(handlers.o)
    0x0001bcda   0x00000002   Code   RO         4364    i.__scatterload_null  mc_p.l(handlers.o)
    0x0001bcdc   0x0000000e   Code   RO         4365    i.__scatterload_zeroinit  mc_p.l(handlers.o)
    0x0001bcea   0x00000002   PAD
    0x0001bcec   0x0000001c   Code   RO         4117    i.__sd_nvic_app_accessible_irq  softdevice_handler.o
    0x0001bd08   0x00000028   Code   RO         1189    i.addr_compare      id_manager.o
    0x0001bd30   0x0000018e   Code   RO          591    i.adv_data_encode   ble_advdata.o
    0x0001bebe   0x00000002   PAD
    0x0001bec0   0x00000068   Code   RO          667    i.adv_mode_next_avail_get  ble_advertising.o
    0x0001bf28   0x0000003c   Code   RO          552    i.advertising_buttons_configure  bsp_btn_ble.o
    0x0001bf64   0x000000cc   Code   RO            5    i.aes_ecb_encryption  main.o
    0x0001c030   0x0000004e   Code   RO         1191    i.ah                id_manager.o
    0x0001c07e   0x00000002   PAD
    0x0001c080   0x00000018   Code   RO          443    i.alert_timer_handler  bsp.o
    0x0001c098   0x00000024   Code   RO         2933    i.app_button_enable  app_button.o
    0x0001c0bc   0x00000074   Code   RO         2934    i.app_button_init   app_button.o
    0x0001c130   0x0000001c   Code   RO         3029    i.app_error_fault_handler  app_error_weak.o
    0x0001c14c   0x00000018   Code   RO         2994    i.app_error_handler_bare  app_error.o
    0x0001c164   0x0000002c   Code   RO         3129    i.app_timer_create  app_timer.o
    0x0001c190   0x00000074   Code   RO         3130    i.app_timer_init    app_timer.o
    0x0001c204   0x00000088   Code   RO         3131    i.app_timer_start   app_timer.o
    0x0001c28c   0x00000028   Code   RO         3132    i.app_timer_stop    app_timer.o
    0x0001c2b4   0x0000003c   Code   RO         3269    i.app_util_critical_region_enter  app_util_platform.o
    0x0001c2f0   0x0000002c   Code   RO         3270    i.app_util_critical_region_exit  app_util_platform.o
    0x0001c31c   0x000000a0   Code   RO         2157    i.auth_status_success_process  security_dispatcher.o
    0x0001c3bc   0x00000068   Code   RO          592    i.ble_advdata_set   ble_advdata.o
    0x0001c424   0x0000015c   Code   RO          668    i.ble_advertising_init  ble_advertising.o
    0x0001c580   0x00000058   Code   RO          669    i.ble_advertising_on_ble_evt  ble_advertising.o
    0x0001c5d8   0x00000030   Code   RO          670    i.ble_advertising_on_sys_evt  ble_advertising.o
    0x0001c608   0x0000003c   Code   RO          672    i.ble_advertising_restart_without_whitelist  ble_advertising.o
    0x0001c644   0x00000108   Code   RO          673    i.ble_advertising_start  ble_advertising.o
    0x0001c74c   0x00000090   Code   RO          756    i.ble_conn_params_on_ble_evt  ble_conn_params.o
    0x0001c7dc   0x00000014   Code   RO          821    i.ble_conn_state_conn_handles  ble_conn_state.o
    0x0001c7f0   0x00000014   Code   RO          822    i.ble_conn_state_encrypted  ble_conn_state.o
    0x0001c804   0x00000014   Code   RO          824    i.ble_conn_state_mitm_protected  ble_conn_state.o
    0x0001c818   0x000000f8   Code   RO          828    i.ble_conn_state_on_ble_evt  ble_conn_state.o
    0x0001c910   0x00000034   Code   RO          830    i.ble_conn_state_role  ble_conn_state.o
    0x0001c944   0x00000030   Code   RO          832    i.ble_conn_state_user_flag_acquire  ble_conn_state.o
    0x0001c974   0x00000018   Code   RO          833    i.ble_conn_state_user_flag_collection  ble_conn_state.o
    0x0001c98c   0x00000024   Code   RO          834    i.ble_conn_state_user_flag_get  ble_conn_state.o
    0x0001c9b0   0x00000028   Code   RO          835    i.ble_conn_state_user_flag_set  ble_conn_state.o
    0x0001c9d8   0x0000005e   Code   RO          593    i.ble_device_addr_encode  ble_advdata.o
    0x0001ca36   0x00000028   Code   RO            7    i.ble_evt_dispatch  main.o
    0x0001ca5e   0x0000000e   Code   RO          950    i.ble_srv_is_notification_enabled  ble_srv_common.o
    0x0001ca6c   0x00000070   Code   RO            8    i.ble_stack_init    main.o
    0x0001cadc   0x00000054   Code   RO          553    i.bsp_btn_ble_init  bsp_btn_ble.o
    0x0001cb30   0x00000078   Code   RO          554    i.bsp_btn_ble_on_ble_evt  bsp_btn_ble.o
    0x0001cba8   0x00000014   Code   RO          555    i.bsp_btn_ble_sleep_mode_prepare  bsp_btn_ble.o
    0x0001cbbc   0x000000a0   Code   RO          444    i.bsp_button_event_handler  bsp.o
    0x0001cc5c   0x0000002c   Code   RO          445    i.bsp_button_is_pressed  bsp.o
    0x0001cc88   0x00000044   Code   RO            9    i.bsp_event_handler  main.o
    0x0001cccc   0x00000048   Code   RO          449    i.bsp_event_to_button_action_assign  bsp.o
    0x0001cd14   0x0000001c   Code   RO          450    i.bsp_indication_set  bsp.o
    0x0001cd30   0x000000a0   Code   RO          452    i.bsp_init          bsp.o
    0x0001cdd0   0x000001f8   Code   RO          453    i.bsp_led_indication  bsp.o
    0x0001cfc8   0x0000003c   Code   RO          454    i.bsp_wakeup_buttons_set  bsp.o
    0x0001d004   0x0000000c   Code   RO          456    i.button_timer_handler  bsp.o
    0x0001d010   0x0000001c   Code   RO         2568    i.channel_free      nrf_drv_gpiote.o
    0x0001d02c   0x00000048   Code   RO         2569    i.channel_port_alloc  nrf_drv_gpiote.o
    0x0001d074   0x00000010   Code   RO         2570    i.channel_port_get  nrf_drv_gpiote.o
    0x0001d084   0x00000020   Code   RO         3633    i.check_config      fstorage.o
    0x0001d0a4   0x00000018   Code   RO         3331    i.chunk_queue_next  fds.o
    0x0001d0bc   0x0000003c   Code   RO         1726    i.claim             peer_id.o
    0x0001d0f8   0x00000028   Code   RO         2391    i.clock_clk_started_notify  nrf_drv_clock.o
    0x0001d120   0x000000a8   Code   RO         3134    i.compare_reg_update  app_timer.o
    0x0001d1c8   0x0000002c   Code   RO          374    i.configure_next_event_earliest  timeslot.o
    0x0001d1f4   0x0000002c   Code   RO          375    i.configure_next_event_normal  timeslot.o
    0x0001d220   0x00000088   Code   RO          594    i.conn_int_encode   ble_advdata.o
    0x0001d2a8   0x00000068   Code   RO          758    i.conn_params_negotiation  ble_conn_params.o
    0x0001d310   0x000000a4   Code   RO         3332    i.delete_execute    fds.o
    0x0001d3b4   0x00000060   Code   RO         2936    i.detection_delay_timeout_handler  app_button.o
    0x0001d414   0x00000040   Code   RO         3135    i.elapsed_ticks_acquire  app_timer.o
    0x0001d454   0x00000030   Code   RO         2158    i.encryption_failure  security_dispatcher.o
    0x0001d484   0x0000006a   Code   RO         3333    i.event_prepare     fds.o
    0x0001d4ee   0x00000002   PAD
    0x0001d4f0   0x00000020   Code   RO         3334    i.event_send        fds.o
    0x0001d510   0x00000032   Code   RO         2268    i.events_send_from_err_code  security_manager.o
    0x0001d542   0x00000002   PAD
    0x0001d544   0x0000000c   Code   RO         1003    i.evt_send          gatt_cache_manager.o
    0x0001d550   0x0000001c   Code   RO         1192    i.evt_send          id_manager.o
    0x0001d56c   0x00000028   Code   RO         1812    i.evt_send          peer_manager.o
    0x0001d594   0x0000001c   Code   RO         2159    i.evt_send          security_dispatcher.o
    0x0001d5b0   0x0000000c   Code   RO         2269    i.evt_send          security_manager.o
    0x0001d5bc   0x0000011c   Code   RO         1412    i.fds_evt_handler   peer_data_storage.o
    0x0001d6d8   0x0000004c   Code   RO         3336    i.fds_file_delete   fds.o
    0x0001d724   0x00000048   Code   RO         3337    i.fds_gc            fds.o
    0x0001d76c   0x0000008c   Code   RO         3338    i.fds_init          fds.o
    0x0001d7f8   0x00000040   Code   RO         3339    i.fds_record_close  fds.o
    0x0001d838   0x0000000e   Code   RO         3341    i.fds_record_find   fds.o
    0x0001d846   0x00000010   Code   RO         3342    i.fds_record_find_by_key  fds.o
    0x0001d856   0x00000010   Code   RO         3343    i.fds_record_find_in_file  fds.o
    0x0001d866   0x00000014   Code   RO         3344    i.fds_record_id_from_desc  fds.o
    0x0001d87a   0x00000002   PAD
    0x0001d87c   0x00000044   Code   RO         3346    i.fds_record_open   fds.o
    0x0001d8c0   0x00000014   Code   RO         3347    i.fds_record_update  fds.o
    0x0001d8d4   0x0000000c   Code   RO         3348    i.fds_record_write  fds.o
    0x0001d8e0   0x00000012   Code   RO         3349    i.fds_record_write_reserved  fds.o
    0x0001d8f2   0x00000002   PAD
    0x0001d8f4   0x00000024   Code   RO         3350    i.fds_register      fds.o
    0x0001d918   0x00000034   Code   RO         3351    i.fds_reserve       fds.o
    0x0001d94c   0x00000048   Code   RO         3352    i.fds_reserve_cancel  fds.o
    0x0001d994   0x0000000a   Code   RO         1413    i.file_id_to_peer_id  peer_data_storage.o
    0x0001d99e   0x00000002   PAD
    0x0001d9a0   0x00000018   Code   RO         1414    i.file_id_within_pm_range  peer_data_storage.o
    0x0001d9b8   0x00000010   Code   RO         3354    i.flag_clear        fds.o
    0x0001d9c8   0x00000012   Code   RO         2160    i.flag_id_init      security_dispatcher.o
    0x0001d9da   0x00000012   Code   RO         2270    i.flag_id_init      security_manager.o
    0x0001d9ec   0x00000010   Code   RO         3355    i.flag_set          fds.o
    0x0001d9fc   0x0000005c   Code   RO         2271    i.flags_set_from_err_code  security_manager.o
    0x0001da58   0x00000054   Code   RO         4313    i.free              mc_p.l(malloc.o)
    0x0001daac   0x0000007c   Code   RO         3634    i.fs_erase          fstorage.o
    0x0001db28   0x0000000a   Code   RO         3356    i.fs_event_handler  fds.o
    0x0001db32   0x00000002   PAD
    0x0001db34   0x000000ac   Code   RO         3636    i.fs_init           fstorage.o
    0x0001dbe0   0x00000018   Code   RO         3637    i.fs_queued_op_count_get  fstorage.o
    0x0001dbf8   0x00000084   Code   RO         3638    i.fs_store          fstorage.o
    0x0001dc7c   0x00000068   Code   RO         3639    i.fs_sys_event_handler  fstorage.o
    0x0001dce4   0x00000068   Code   RO         3357    i.gc_execute        fds.o
    0x0001dd4c   0x0000004c   Code   RO         3358    i.gc_next_page      fds.o
    0x0001dd98   0x0000004c   Code   RO         3359    i.gc_page_erase     fds.o
    0x0001dde4   0x00000034   Code   RO         3360    i.gc_record_copy    fds.o
    0x0001de18   0x00000020   Code   RO         3361    i.gc_record_find_next  fds.o
    0x0001de38   0x00000080   Code   RO         3362    i.gc_state_advance  fds.o
    0x0001deb8   0x000000f0   Code   RO         1004    i.gcm_ble_evt_handler  gatt_cache_manager.o
    0x0001dfa8   0x00000068   Code   RO         1005    i.gcm_gscm_evt_handler  gatt_cache_manager.o
    0x0001e010   0x0000002c   Code   RO         1006    i.gcm_im_evt_handler  gatt_cache_manager.o
    0x0001e03c   0x00000048   Code   RO         1007    i.gcm_init          gatt_cache_manager.o
    0x0001e084   0x0000004c   Code   RO         1008    i.gcm_local_database_has_changed  gatt_cache_manager.o
    0x0001e0d0   0x00000010   Code   RO         1011    i.gcm_smd_evt_handler  gatt_cache_manager.o
    0x0001e0e0   0x0000004e   Code   RO           10    i.generate_hash     main.o
    0x0001e12e   0x00000002   PAD
    0x0001e130   0x00000038   Code   RO         1193    i.get_connection_by_conn_handle  id_manager.o
    0x0001e168   0x00000030   Code   RO         1194    i.get_free_connection  id_manager.o
    0x0001e198   0x00000050   Code   RO         2937    i.gpiote_event_handler  app_button.o
    0x0001e1e8   0x0000001c   Code   RO         1108    i.gscm_db_change_notification_done  gatts_cache_manager.o
    0x0001e204   0x00000014   Code   RO         1109    i.gscm_init         gatts_cache_manager.o
    0x0001e218   0x0000001c   Code   RO         1110    i.gscm_local_database_has_changed  gatts_cache_manager.o
    0x0001e234   0x0000006c   Code   RO         1111    i.gscm_local_db_cache_apply  gatts_cache_manager.o
    0x0001e2a0   0x00000084   Code   RO         1113    i.gscm_local_db_cache_update  gatts_cache_manager.o
    0x0001e324   0x0000004c   Code   RO         1114    i.gscm_pdb_evt_handler  gatts_cache_manager.o
    0x0001e370   0x0000001c   Code   RO         1115    i.gscm_service_changed_ind_needed  gatts_cache_manager.o
    0x0001e38c   0x0000002c   Code   RO         1116    i.gscm_service_changed_ind_send  gatts_cache_manager.o
    0x0001e3b8   0x0000001c   Code   RO         3363    i.header_is_valid   fds.o
    0x0001e3d4   0x00000040   Code   RO         1195    i.im_address_resolve  id_manager.o
    0x0001e414   0x0000002c   Code   RO         1196    i.im_ble_addr_get   id_manager.o
    0x0001e440   0x000000a8   Code   RO         1197    i.im_ble_evt_handler  id_manager.o
    0x0001e4e8   0x0000002c   Code   RO         1198    i.im_conn_handle_get  id_manager.o
    0x0001e514   0x00000048   Code   RO         1202    i.im_init           id_manager.o
    0x0001e55c   0x00000038   Code   RO         1203    i.im_is_duplicate_bonding_data  id_manager.o
    0x0001e594   0x0000001c   Code   RO         1204    i.im_master_id_is_valid  id_manager.o
    0x0001e5b0   0x0000002c   Code   RO         1205    i.im_master_ids_compare  id_manager.o
    0x0001e5dc   0x00000008   Code   RO         1206    i.im_new_peer_id    id_manager.o
    0x0001e5e4   0x0000006e   Code   RO         1207    i.im_pdb_evt_handler  id_manager.o
    0x0001e652   0x00000002   PAD
    0x0001e654   0x0000002c   Code   RO         1208    i.im_peer_free      id_manager.o
    0x0001e680   0x00000020   Code   RO         1209    i.im_peer_id_get_by_conn_handle  id_manager.o
    0x0001e6a0   0x00000044   Code   RO         1210    i.im_peer_id_get_by_master_id  id_manager.o
    0x0001e6e4   0x000000c0   Code   RO         3364    i.init_execute      fds.o
    0x0001e7a4   0x00000080   Code   RO         4118    i.intern_softdevice_events_execute  softdevice_handler.o
    0x0001e824   0x0000001c   Code   RO          759    i.is_conn_params_ok  ble_conn_params.o
    0x0001e840   0x00000048   Code   RO         4252    i.is_manual_peripheral_setup_needed  system_nrf51.o
    0x0001e888   0x00000016   Code   RO         1215    i.is_valid_irk      id_manager.o
    0x0001e89e   0x0000000c   Code   RO         3365    i.is_word_aligned   fds.o
    0x0001e8aa   0x00000002   PAD
    0x0001e8ac   0x00000018   Code   RO          457    i.leds_timer_handler  bsp.o
    0x0001e8c4   0x0000009c   Code   RO         2272    i.link_secure       security_manager.o
    0x0001e960   0x00000088   Code   RO         2161    i.link_secure_central  security_dispatcher.o
    0x0001e9e8   0x000000c6   Code   RO         2162    i.link_secure_central_existing_peer  security_dispatcher.o
    0x0001eaae   0x00000002   PAD
    0x0001eab0   0x00000074   Code   RO         2163    i.link_secure_central_new_peer  security_dispatcher.o
    0x0001eb24   0x00000050   Code   RO         2164    i.link_secure_failure  security_dispatcher.o
    0x0001eb74   0x0000005c   Code   RO         2273    i.link_secure_pending_process  security_manager.o
    0x0001ebd0   0x000000ac   Code   RO         3136    i.list_deletions_handler  app_timer.o
    0x0001ec7c   0x000000bc   Code   RO         3137    i.list_insertions_handler  app_timer.o
    0x0001ed38   0x00000078   Code   RO         1012    i.local_db_apply_in_evt  gatt_cache_manager.o
    0x0001edb0   0x00000078   Code   RO         1013    i.local_db_update_in_evt  gatt_cache_manager.o
    0x0001ee28   0x00000032   Code   RO         2108    i.lock_by_mask      pm_mutex.o
    0x0001ee5a   0x00000002   PAD
    0x0001ee5c   0x00000118   Code   RO           11    i.main              main.o
    0x0001ef74   0x0000006c   Code   RO         4314    i.malloc            mc_p.l(malloc.o)
    0x0001efe0   0x00000050   Code   RO           12    i.manu_data_set     main.o
    0x0001f030   0x00000068   Code   RO          595    i.manuf_specific_data_encode  ble_advdata.o
    0x0001f098   0x0000009e   Code   RO          596    i.name_encode       ble_advdata.o
    0x0001f136   0x00000002   PAD
    0x0001f138   0x0000005c   Code   RO         1216    i.new_connection    id_manager.o
    0x0001f194   0x00000034   Code   RO         1727    i.next_id_get       peer_id.o
    0x0001f1c8   0x00000010   Code   RO         2395    i.nrf_clock_event_check  nrf_drv_clock.o
    0x0001f1d8   0x00000030   Code   RO         3138    i.nrf_delay_us      app_timer.o
    0x0001f208   0x0000003c   Code   RO         2402    i.nrf_drv_clock_init  nrf_drv_clock.o
    0x0001f244   0x00000034   Code   RO         2408    i.nrf_drv_clock_on_sd_enable  nrf_drv_clock.o
    0x0001f278   0x0000000c   Code   RO         2409    i.nrf_drv_clock_on_soc_event  nrf_drv_clock.o
    0x0001f284   0x00000060   Code   RO         2541    i.nrf_drv_common_irq_enable  nrf_drv_common.o
    0x0001f2e4   0x00000098   Code   RO         2573    i.nrf_drv_gpiote_in_event_enable  nrf_drv_gpiote.o
    0x0001f37c   0x000000a4   Code   RO         2574    i.nrf_drv_gpiote_in_init  nrf_drv_gpiote.o
    0x0001f420   0x00000014   Code   RO         2575    i.nrf_drv_gpiote_in_is_set  nrf_drv_gpiote.o
    0x0001f434   0x0000005c   Code   RO         2577    i.nrf_drv_gpiote_init  nrf_drv_gpiote.o
    0x0001f490   0x00000010   Code   RO         2578    i.nrf_drv_gpiote_is_init  nrf_drv_gpiote.o
    0x0001f4a0   0x00000016   Code   RO          376    i.nrf_evt_signal_handler  timeslot.o
    0x0001f4b6   0x00000002   PAD
    0x0001f4b8   0x00000024   Code   RO         2590    i.nrf_gpio_cfg      nrf_drv_gpiote.o
    0x0001f4dc   0x00000020   Code   RO         2592    i.nrf_gpio_cfg_sense_set  nrf_drv_gpiote.o
    0x0001f4fc   0x00000010   Code   RO         2593    i.nrf_gpiote_event_clear  nrf_drv_gpiote.o
    0x0001f50c   0x00000014   Code   RO         2594    i.nrf_gpiote_event_is_set  nrf_drv_gpiote.o
    0x0001f520   0x0000000a   Code   RO         2785    i.nrf_uart_event_check  nrf_drv_uart.o
    0x0001f52a   0x00000010   Code   RO         2786    i.nrf_uart_int_enable_check  nrf_drv_uart.o
    0x0001f53a   0x00000020   Code   RO           13    i.on_adv_evt        main.o
    0x0001f55a   0x00000002   PAD
    0x0001f55c   0x000000a4   Code   RO           14    i.on_ble_evt        main.o
    0x0001f600   0x00000054   Code   RO         3640    i.on_operation_success  fstorage.o
    0x0001f654   0x00000078   Code   RO         3366    i.op_enqueue        fds.o
    0x0001f6cc   0x00000012   Code   RO         3367    i.page_offsets_update  fds.o
    0x0001f6de   0x00000002   PAD
    0x0001f6e0   0x00000058   Code   RO         3368    i.page_scan         fds.o
    0x0001f738   0x0000001c   Code   RO         3369    i.page_tag_write_data  fds.o
    0x0001f754   0x00000024   Code   RO         3370    i.page_tag_write_swap  fds.o
    0x0001f778   0x000000f0   Code   RO         3371    i.pages_init        fds.o
    0x0001f868   0x0000006c   Code   RO         2165    i.pairing_failure   security_dispatcher.o
    0x0001f8d4   0x0000003c   Code   RO         2274    i.params_reply_pending_process  security_manager.o
    0x0001f910   0x0000001c   Code   RO         1567    i.pdb_evt_send      peer_database.o
    0x0001f92c   0x0000004c   Code   RO         1568    i.pdb_init          peer_database.o
    0x0001f978   0x00000008   Code   RO         1570    i.pdb_next_deleted_peer_id_get  peer_database.o
    0x0001f980   0x00000008   Code   RO         1571    i.pdb_next_peer_id_get  peer_database.o
    0x0001f988   0x00000134   Code   RO         1572    i.pdb_pds_evt_handler  peer_database.o
    0x0001fabc   0x00000008   Code   RO         1573    i.pdb_peer_allocate  peer_database.o
    0x0001fac4   0x00000010   Code   RO         1574    i.pdb_peer_data_load  peer_database.o
    0x0001fad4   0x0000000a   Code   RO         1575    i.pdb_peer_data_ptr_get  peer_database.o
    0x0001fade   0x0000004a   Code   RO         1576    i.pdb_peer_free     peer_database.o
    0x0001fb28   0x0000000c   Code   RO         1577    i.pdb_raw_store     peer_database.o
    0x0001fb34   0x00000108   Code   RO         1578    i.pdb_write_buf_get  peer_database.o
    0x0001fc3c   0x0000002a   Code   RO         1579    i.pdb_write_buf_release  peer_database.o
    0x0001fc66   0x00000002   PAD
    0x0001fc68   0x000000c8   Code   RO         1580    i.pdb_write_buf_store  peer_database.o
    0x0001fd30   0x00000068   Code   RO         1581    i.pdb_write_buf_store_prepare  peer_database.o
    0x0001fd98   0x0000000c   Code   RO         1415    i.pds_evt_send      peer_data_storage.o
    0x0001fda4   0x00000070   Code   RO         1416    i.pds_init          peer_data_storage.o
    0x0001fe14   0x00000008   Code   RO         1417    i.pds_next_deleted_peer_id_get  peer_data_storage.o
    0x0001fe1c   0x00000008   Code   RO         1418    i.pds_next_peer_id_get  peer_data_storage.o
    0x0001fe24   0x00000054   Code   RO         1421    i.pds_peer_data_iterate  peer_data_storage.o
    0x0001fe78   0x00000010   Code   RO         1422    i.pds_peer_data_iterate_prepare  peer_data_storage.o
    0x0001fe88   0x00000070   Code   RO         1423    i.pds_peer_data_read  peer_data_storage.o
    0x0001fef8   0x000000aa   Code   RO         1424    i.pds_peer_data_store  peer_data_storage.o
    0x0001ffa2   0x00000002   PAD
    0x0001ffa4   0x00000010   Code   RO         1425    i.pds_peer_id_allocate  peer_data_storage.o
    0x0001ffb4   0x00000016   Code   RO         1426    i.pds_peer_id_free  peer_data_storage.o
    0x0001ffca   0x00000008   Code   RO         1427    i.pds_peer_id_is_allocated  peer_data_storage.o
    0x0001ffd2   0x00000030   Code   RO         1428    i.pds_space_reserve  peer_data_storage.o
    0x00020002   0x00000010   Code   RO         1429    i.pds_space_reserve_cancel  peer_data_storage.o
    0x00020012   0x0000000a   Code   RO         1582    i.peer_data_const_point_to_buffer  peer_database.o
    0x0002001c   0x00000080   Code   RO         1430    i.peer_data_delete  peer_data_storage.o
    0x0002009c   0x00000030   Code   RO         1431    i.peer_data_find    peer_data_storage.o
    0x000200cc   0x00000020   Code   RO         1432    i.peer_data_id_is_valid  peer_data_storage.o
    0x000200ec   0x00000014   Code   RO         1583    i.peer_data_point_to_buffer  peer_database.o
    0x00020100   0x00000010   Code   RO         1728    i.peer_id_allocate  peer_id.o
    0x00020110   0x00000028   Code   RO         1729    i.peer_id_delete    peer_id.o
    0x00020138   0x0000001c   Code   RO         1730    i.peer_id_free      peer_id.o
    0x00020154   0x00000010   Code   RO         1731    i.peer_id_get_next_deleted  peer_id.o
    0x00020164   0x00000034   Code   RO         1732    i.peer_id_get_next_used  peer_id.o
    0x00020198   0x00000028   Code   RO         1733    i.peer_id_init      peer_id.o
    0x000201c0   0x00000018   Code   RO         1734    i.peer_id_is_allocated  peer_id.o
    0x000201d8   0x00000018   Code   RO         1735    i.peer_id_is_deleted  peer_id.o
    0x000201f0   0x0000001c   Code   RO         1217    i.peer_id_set       id_manager.o
    0x0002020c   0x0000000a   Code   RO         1433    i.peer_id_to_file_id  peer_data_storage.o
    0x00020216   0x00000002   PAD
    0x00020218   0x00000078   Code   RO           15    i.peer_manager_init  main.o
    0x00020290   0x00000018   Code   RO         2595    i.pin_in_use_by_port  nrf_drv_gpiote.o
    0x000202a8   0x00000018   Code   RO         2596    i.pin_in_use_by_te  nrf_drv_gpiote.o
    0x000202c0   0x0000005e   Code   RO         2076    i.pm_buffer_block_acquire  pm_buffer.o
    0x0002031e   0x00000042   Code   RO         2077    i.pm_buffer_init    pm_buffer.o
    0x00020360   0x0000002e   Code   RO         2078    i.pm_buffer_ptr_get  pm_buffer.o
    0x0002038e   0x0000002a   Code   RO         2079    i.pm_buffer_release  pm_buffer.o
    0x000203b8   0x00000008   Code   RO         1814    i.pm_conn_sec_config_reply  peer_manager.o
    0x000203c0   0x00000018   Code   RO         1816    i.pm_conn_secure    peer_manager.o
    0x000203d8   0x0000007c   Code   RO           16    i.pm_evt_handler    main.o
    0x00020454   0x00000080   Code   RO         1818    i.pm_gcm_evt_handler  peer_manager.o
    0x000204d4   0x00000050   Code   RO         1821    i.pm_im_evt_handler  peer_manager.o
    0x00020524   0x00000070   Code   RO         1822    i.pm_init           peer_manager.o
    0x00020594   0x00000014   Code   RO         1824    i.pm_local_database_has_changed  peer_manager.o
    0x000205a8   0x00000010   Code   RO         2109    i.pm_mutex_init     pm_mutex.o
    0x000205b8   0x0000001c   Code   RO         2110    i.pm_mutex_lock     pm_mutex.o
    0x000205d4   0x00000034   Code   RO         2111    i.pm_mutex_lock_first_available  pm_mutex.o
    0x00020608   0x00000018   Code   RO         2112    i.pm_mutex_lock_status_get  pm_mutex.o
    0x00020620   0x00000036   Code   RO         2113    i.pm_mutex_unlock   pm_mutex.o
    0x00020656   0x00000002   PAD
    0x00020658   0x00000024   Code   RO         1826    i.pm_on_ble_evt     peer_manager.o
    0x0002067c   0x0000013c   Code   RO         1827    i.pm_pdb_evt_handler  peer_manager.o
    0x000207b8   0x00000018   Code   RO         1838    i.pm_peer_delete    peer_manager.o
    0x000207d0   0x000000c0   Code   RO         1841    i.pm_peer_rank_highest  peer_manager.o
    0x00020890   0x000000b0   Code   RO         1842    i.pm_peer_ranks_get  peer_manager.o
    0x00020940   0x0000003c   Code   RO         1843    i.pm_peers_delete   peer_manager.o
    0x0002097c   0x00000030   Code   RO         1846    i.pm_register       peer_manager.o
    0x000209ac   0x00000018   Code   RO         1848    i.pm_sec_params_set  peer_manager.o
    0x000209c4   0x0000014c   Code   RO         1849    i.pm_sm_evt_handler  peer_manager.o
    0x00020b10   0x00000040   Code   RO           17    i.print_uint8_arr_hex  main.o
    0x00020b50   0x00000038   Code   RO           18    i.print_uint8_arr_str  main.o
    0x00020b88   0x0000002c   Code   RO         3641    i.queue_advance     fstorage.o
    0x00020bb4   0x00000038   Code   RO         3642    i.queue_get_next_free  fstorage.o
    0x00020bec   0x000000b8   Code   RO         3372    i.queue_process     fds.o
    0x00020ca4   0x0000006c   Code   RO         3643    i.queue_process     fstorage.o
    0x00020d10   0x0000001c   Code   RO         3373    i.queue_start       fds.o
    0x00020d2c   0x0000001c   Code   RO         3644    i.queue_start       fstorage.o
    0x00020d48   0x0000007c   Code   RO          377    i.radio_callback    timeslot.o
    0x00020dc4   0x00000084   Code   RO         3374    i.record_find       fds.o
    0x00020e48   0x000000a0   Code   RO         3375    i.record_find_by_desc  fds.o
    0x00020ee8   0x00000054   Code   RO         3376    i.record_find_next  fds.o
    0x00020f3c   0x00000024   Code   RO         3377    i.record_header_flag_dirty  fds.o
    0x00020f60   0x0000000a   Code   RO         1434    i.record_key_to_peer_data_id  peer_data_storage.o
    0x00020f6a   0x00000002   PAD
    0x00020f6c   0x00000018   Code   RO         1435    i.record_key_within_pm_range  peer_data_storage.o
    0x00020f84   0x0000005c   Code   RO         3378    i.record_write_chunk  fds.o
    0x00020fe0   0x00000012   Code   RO         1737    i.release           peer_id.o
    0x00020ff2   0x00000002   PAD
    0x00020ff4   0x0000002c   Code   RO          378    i.request_next_event_earliest  timeslot.o
    0x00021020   0x00000044   Code   RO         3139    i.rtc1_stop         app_timer.o
    0x00021064   0x00000026   Code   RO         2787    i.rx_byte           nrf_drv_uart.o
    0x0002108a   0x00000014   Code   RO         2788    i.rx_done_event     nrf_drv_uart.o
    0x0002109e   0x00000002   PAD
    0x000210a0   0x00000084   Code   RO         4120    i.sd_nvic_EnableIRQ  softdevice_handler.o
    0x00021124   0x00000046   Code   RO         3754    i.sdk_mapped_flags_bulk_update_by_key  sdk_mapped_flags.o
    0x0002116a   0x00000002   PAD
    0x0002116c   0x00000028   Code   RO         3755    i.sdk_mapped_flags_first_key_index_get  sdk_mapped_flags.o
    0x00021194   0x00000010   Code   RO         3756    i.sdk_mapped_flags_get_by_index  sdk_mapped_flags.o
    0x000211a4   0x00000026   Code   RO         3757    i.sdk_mapped_flags_get_by_key  sdk_mapped_flags.o
    0x000211ca   0x00000046   Code   RO         3758    i.sdk_mapped_flags_key_list_get  sdk_mapped_flags.o
    0x00021210   0x0000000e   Code   RO         3760    i.sdk_mapped_flags_update_by_key  sdk_mapped_flags.o
    0x0002121e   0x00000002   PAD
    0x00021220   0x000000b4   Code   RO         2166    i.sec_info_request_process  security_dispatcher.o
    0x000212d4   0x00000076   Code   RO         2275    i.sec_params_verify  security_manager.o
    0x0002134a   0x00000002   PAD
    0x0002134c   0x0000004c   Code   RO         2167    i.sec_proc_start    security_dispatcher.o
    0x00021398   0x0000001c   Code   RO         2168    i.sec_start_send    security_dispatcher.o
    0x000213b4   0x00000048   Code   RO         3645    i.send_event        fstorage.o
    0x000213fc   0x00000058   Code   RO         1014    i.service_changed_pending_flags_check  gatt_cache_manager.o
    0x00021454   0x00000044   Code   RO         1117    i.service_changed_pending_set  gatts_cache_manager.o
    0x00021498   0x00000098   Code   RO         1015    i.service_changed_send_in_evt  gatt_cache_manager.o
    0x00021530   0x0000008e   Code   RO          597    i.service_data_encode  ble_advdata.o
    0x000215be   0x00000002   PAD
    0x000215c0   0x00000058   Code   RO          675    i.set_adv_mode_fast  ble_advertising.o
    0x00021618   0x00000054   Code   RO          676    i.set_adv_mode_slow  ble_advertising.o
    0x0002166c   0x00000028   Code   RO           19    i.sleep_mode_enter  main.o
    0x00021694   0x00000014   Code   RO         2276    i.sm_ble_evt_handler  security_manager.o
    0x000216a8   0x0000001c   Code   RO         2277    i.sm_conn_sec_config_reply  security_manager.o
    0x000216c4   0x00000050   Code   RO         2278    i.sm_init           security_manager.o
    0x00021714   0x0000000e   Code   RO         2280    i.sm_link_secure    security_manager.o
    0x00021722   0x00000002   PAD
    0x00021724   0x00000034   Code   RO         2281    i.sm_pdb_evt_handler  security_manager.o
    0x00021758   0x00000030   Code   RO         2283    i.sm_sec_params_set  security_manager.o
    0x00021788   0x0000007c   Code   RO         2284    i.sm_smd_evt_handler  security_manager.o
    0x00021804   0x000000e4   Code   RO         2169    i.smd_ble_evt_handler  security_dispatcher.o
    0x000218e8   0x0000003c   Code   RO         2170    i.smd_init          security_dispatcher.o
    0x00021924   0x00000030   Code   RO         2171    i.smd_link_secure   security_dispatcher.o
    0x00021954   0x00000110   Code   RO         2172    i.smd_params_reply  security_dispatcher.o
    0x00021a64   0x00000088   Code   RO         2285    i.smd_params_reply_perform  security_manager.o
    0x00021aec   0x00000034   Code   RO         2173    i.smd_pdb_evt_handler  security_dispatcher.o
    0x00021b20   0x00000014   Code   RO         4121    i.softdevice_ble_evt_handler_set  softdevice_handler.o
    0x00021b34   0x00000014   Code   RO         4122    i.softdevice_enable  softdevice_handler.o
    0x00021b48   0x00000028   Code   RO         4123    i.softdevice_enable_get_default_config  softdevice_handler.o
    0x00021b70   0x00000008   Code   RO         4124    i.softdevice_fault_handler  softdevice_handler.o
    0x00021b78   0x00000058   Code   RO         4125    i.softdevice_handler_init  softdevice_handler.o
    0x00021bd0   0x0000000c   Code   RO         4126    i.softdevice_handler_is_enabled  softdevice_handler.o
    0x00021bdc   0x00000014   Code   RO         4131    i.softdevice_sys_evt_handler_set  softdevice_handler.o
    0x00021bf0   0x00000016   Code   RO           20    i.sys_evt_dispatch  main.o
    0x00021c06   0x00000002   PAD
    0x00021c08   0x00000084   Code   RO         3140    i.timer_list_handler  app_timer.o
    0x00021c8c   0x00000010   Code   RO         3141    i.timer_list_handler_sched  app_timer.o
    0x00021c9c   0x00000040   Code   RO         3142    i.timer_list_insert  app_timer.o
    0x00021cdc   0x00000048   Code   RO         3143    i.timer_stop_op_schedule  app_timer.o
    0x00021d24   0x00000080   Code   RO         3144    i.timer_timeouts_check  app_timer.o
    0x00021da4   0x0000001c   Code   RO          379    i.timeslot_sd_init  timeslot.o
    0x00021dc0   0x0000001e   Code   RO         2790    i.tx_byte           nrf_drv_uart.o
    0x00021dde   0x00000018   Code   RO         2791    i.tx_done_event     nrf_drv_uart.o
    0x00021df6   0x00000128   Code   RO         2792    i.uart_irq_handler  nrf_drv_uart.o
    0x00021f1e   0x0000000a   Code   RO          598    i.uint16_encode     ble_advdata.o
    0x00021f28   0x00000018   Code   RO          837    i.user_flag_is_acquired  ble_conn_state.o
    0x00021f40   0x0000002c   Code   RO         3145    i.user_op_alloc     app_timer.o
    0x00021f6c   0x00000030   Code   RO          599    i.uuid_list_encode  ble_advdata.o
    0x00021f9c   0x000000ae   Code   RO          600    i.uuid_list_sized_encode  ble_advdata.o
    0x0002204a   0x00000002   PAD
    0x0002204c   0x00000018   Code   RO          677    i.whitelist_has_entries  ble_advertising.o
    0x00022064   0x00000024   Code   RO         1584    i.write_buf_length_words_set  peer_database.o
    0x00022088   0x00000024   Code   RO         1585    i.write_buffer_record_find  peer_database.o
    0x000220ac   0x00000028   Code   RO         1586    i.write_buffer_record_find_next  peer_database.o
    0x000220d4   0x00000022   Code   RO         1587    i.write_buffer_record_invalidate  peer_database.o
    0x000220f6   0x00000002   PAD
    0x000220f8   0x00000028   Code   RO         1588    i.write_buffer_record_release  peer_database.o
    0x00022120   0x00000118   Code   RO         3379    i.write_enqueue     fds.o
    0x00022238   0x000000ec   Code   RO         3380    i.write_execute     fds.o
    0x00022324   0x00000014   Code   RO         3381    i.write_space_free  fds.o
    0x00022338   0x0000004c   Code   RO         3382    i.write_space_reserve  fds.o
    0x00022384   0x00000098   Data   RO           22    .constdata          main.o
    0x0002241c   0x0000003c   Data   RO          462    .constdata          bsp.o
    0x00022458   0x00000004   Data   RO          763    .constdata          ble_conn_params.o
    0x0002245c   0x00000004   Data   RO         1118    .constdata          gatts_cache_manager.o
    0x00022460   0x00000010   Data   RO         1119    .constdata          gatts_cache_manager.o
    0x00022470   0x00000004   Data   RO         1120    .constdata          gatts_cache_manager.o
    0x00022474   0x00000008   Data   RO         1220    .constdata          id_manager.o
    0x0002247c   0x00000004   Data   RO         1436    .constdata          peer_data_storage.o
    0x00022480   0x00000014   Data   RO         1590    .constdata          peer_database.o
    0x00022494   0x00000010   Data   RO         1853    .constdata          peer_manager.o
    0x000224a4   0x00000044   Data   RO         2175    .constdata          security_dispatcher.o
    0x000224e8   0x00000004   Data   RO         2286    .constdata          security_manager.o
    0x000224ec   0x00000008   Data   RO         2939    .constdata          app_button.o
    0x000224f4   0x00000014   Data   RO         3384    .constdata          fds.o
    0x00022508   0x00000010   Data   RO         4082    .constdata          segger_rtt_printf.o
    0x00022518   0x00000050   Data   RO           23    .conststring        main.o
    0x00022568   0x00000020   Data   RO         4361    Region$$Table       anon$$obj.o


    Execution Region RW_IRAM1 (Base: 0x20001fe8, Size: 0x00001f88, Max: 0x00006018, ABSOLUTE, COMPRESSED[0x0000002c])

    Base Addr    Size         Type   Attr      Idx    E Section Name        Object

    0x20001fe8   0x00000002   Data   RW           24    .data               main.o
    0x20001fea   0x00000002   PAD
    0x20001fec   0x0000000c   Data   RW          381    .data               timeslot.o
    0x20001ff8   0x00000018   Data   RW          463    .data               bsp.o
    0x20002010   0x00000008   Data   RW          556    .data               bsp_btn_ble.o
    0x20002018   0x00000030   Data   RW          681    .data               ble_advertising.o
    0x20002048   0x00000014   Data   RW          764    .data               ble_conn_params.o
    0x2000205c   0x0000000c   Data   RW         1016    .data               gatt_cache_manager.o
    0x20002068   0x0000000c   Data   RW         1121    .data               gatts_cache_manager.o
    0x20002074   0x0000000a   Data   RW         1221    .data               id_manager.o
    0x2000207e   0x00000002   PAD
    0x20002080   0x0000000c   Data   RW         1437    .data               peer_data_storage.o
    0x2000208c   0x00000008   Data   RW         1591    .data               peer_database.o
    0x20002094   0x00000010   Data   RW         1854    .data               peer_manager.o
    0x200020a4   0x00000004   Data   RW         2176    .data               security_dispatcher.o
    0x200020a8   0x00000015   Data   RW         2287    .data               security_manager.o
    0x200020bd   0x00000003   PAD
    0x200020c0   0x00000014   Data   RW         2940    .data               app_button.o
    0x200020d4   0x00000020   Data   RW         3146    .data               app_timer.o
    0x200020f4   0x0000000c   Data   RW         3273    .data               app_util_platform.o
    0x20002100   0x00000018   Data   RW         3385    .data               fds.o
    0x20002118   0x00000002   Data   RW         3647    .data               fstorage.o
    0x2000211a   0x00000002   PAD
    0x2000211c   0x00000014   Data   RW         4132    .data               softdevice_handler.o
    0x20002130   0x00000004   Data   RW         4253    .data               system_nrf51.o
    0x20002134   0x00000004   Data   RW         4356    .data               mc_p.l(mvars.o)
    0x20002138   0x00000004   Data   RW         4357    .data               mc_p.l(mvars.o)
    0x2000213c   0x00000010   Data   RW         3386    fs_data             fds.o
    0x2000214c   0x000000c0   Zero   RW           21    .bss                main.o
    0x2000220c   0x00000010   Zero   RW          380    .bss                timeslot.o
    0x2000221c   0x00000020   Zero   RW          458    .bss                bsp.o
    0x2000223c   0x00000020   Zero   RW          459    .bss                bsp.o
    0x2000225c   0x0000000c   Zero   RW          460    .bss                bsp.o
    0x20002268   0x00000020   Zero   RW          461    .bss                bsp.o
    0x20002288   0x00000167   Zero   RW          678    .bss                ble_advertising.o
    0x200023ef   0x00000001   PAD
    0x200023f0   0x00000020   Zero   RW          679    .bss                ble_advertising.o
    0x20002410   0x00000020   Zero   RW          680    .bss                ble_advertising.o
    0x20002430   0x00000020   Zero   RW          761    .bss                ble_conn_params.o
    0x20002450   0x0000001c   Zero   RW          762    .bss                ble_conn_params.o
    0x2000246c   0x00000034   Zero   RW          838    .bss                ble_conn_state.o
    0x200024a0   0x00000070   Zero   RW         1219    .bss                id_manager.o
    0x20002510   0x00000330   Zero   RW         1589    .bss                peer_database.o
    0x20002840   0x00000040   Zero   RW         1738    .bss                peer_id.o
    0x20002880   0x0000000c   Zero   RW         1852    .bss                peer_manager.o
    0x2000288c   0x00000040   Zero   RW         2174    .bss                security_dispatcher.o
    0x200028cc   0x00000014   Zero   RW         2411    .bss                nrf_drv_clock.o
    0x200028e0   0x00000048   Zero   RW         2597    .bss                nrf_drv_gpiote.o
    0x20002928   0x0000001c   Zero   RW         2793    .bss                nrf_drv_uart.o
    0x20002944   0x00000020   Zero   RW         2938    .bss                app_button.o
    0x20002964   0x0000011c   Zero   RW         3383    .bss                fds.o
    0x20002a80   0x00000068   Zero   RW         3646    .bss                fstorage.o
    0x20002ae8   0x00000488   Zero   RW         3961    .bss                segger_rtt.o
    0x20002f70   0x00000800   Zero   RW         4242    HEAP                arm_startup_nrf51.o
    0x20003770   0x00000800   Zero   RW         4241    STACK               arm_startup_nrf51.o


==============================================================================

Image component sizes


      Code (inc. data)   RO Data    RW Data    ZI Data      Debug   Object Name

       328         34          8         20         32       8774   app_button.o
        24          4          0          0          0       2157   app_error.o
        28         10          0          0          0       7070   app_error_weak.o
      1608        158          0         32          0      30695   app_timer.o
       104         20          0         12          0       6274   app_util_platform.o
        56         18        192          0       4096        688   arm_startup_nrf51.o
      1368          6          0          0          0      18388   ble_advdata.o
      1108         78          0         48        423      10405   ble_advertising.o
       276         30          4         20         60       3909   ble_conn_params.o
       532         52          0          0         52       9221   ble_conn_state.o
        14          0          0          0          0       1362   ble_srv_common.o
      1088        118         60         24        108       9653   bsp.o
       284         10          0          8          0       4521   bsp_btn_ble.o
      3622        376         20         40        284      43650   fds.o
       980         82          0          2        104      12219   fstorage.o
      1044         80          0         12          0      14384   gatt_cache_manager.o
       532         66         24         12          0       8863   gatts_cache_manager.o
      1174         92          8         10        112      19601   id_manager.o
      2082        462        232          2        192     121933   main.o
       264         36          0          0         20       9608   nrf_drv_clock.o
        96         18          0          0          0       8632   nrf_drv_common.o
      1048        120          0          0         72      22436   nrf_drv_gpiote.o
       454          8          0          0         28      15157   nrf_drv_uart.o
      1202         64          4         12          0      17940   peer_data_storage.o
      1374         72         20          8        816      23308   peer_database.o
       370         60          0          0         64       8479   peer_id.o
      1620        138         16         16         12      17884   peer_manager.o
       248          0          0          0          0       4151   pm_buffer.o
       224          0          0          0          0       5017   pm_mutex.o
       248          6          0          0          0       5928   sdk_mapped_flags.o
      1836        104         68          4         64      19644   security_dispatcher.o
      1100         82          4         21          0      16537   security_manager.o
       414         44          0          0       1160       8448   segger_rtt.o
       906          6         16          0          0       7205   segger_rtt_printf.o
       528         70          0         20          0      20084   softdevice_handler.o
       232         36          0          4          0       2255   system_nrf51.o
       306         88          0         12         16      13873   timeslot.o

    ----------------------------------------------------------------------
     28788       2648        708        348       7716     560353   Object Totals
         0          0         32          0          0          0   (incl. Generated)
        66          0          0          9          1          0   (incl. Padding)

    ----------------------------------------------------------------------

      Code (inc. data)   RO Data    RW Data    ZI Data      Debug   Library Member Name

        86          0          0          0          0          0   __dczerorl2.o
         0          0          0          0          0          0   entry.o
         0          0          0          0          0          0   entry10a.o
         0          0          0          0          0          0   entry11a.o
         8          4          0          0          0          0   entry2.o
         4          0          0          0          0          0   entry5.o
         0          0          0          0          0          0   entry7b.o
         0          0          0          0          0          0   entry8b.o
         8          4          0          0          0          0   entry9a.o
        30          0          0          0          0          0   handlers.o
        40          0          0          0          0         72   idiv.o
        36          8          0          0          0         68   init.o
       192         20          0          0          0        144   malloc.o
        26          0          0          0          0         72   memcmp.o
        36          0          0          0          0         60   memcpya.o
        36          0          0          0          0        100   memseta.o
         0          0          0          8          0          0   mvars.o
        24          0          0          0          0         60   strcat.o
        18          0          0          0          0         60   strcpy.o
        44          0          0          0          0         72   uidiv.o

    ----------------------------------------------------------------------
       592         36          0          8          0        708   Library Totals
         4          0          0          0          0          0   (incl. Padding)

    ----------------------------------------------------------------------

      Code (inc. data)   RO Data    RW Data    ZI Data      Debug   Library Name

       588         36          0          8          0        708   mc_p.l

    ----------------------------------------------------------------------
       592         36          0          8          0        708   Library Totals

    ----------------------------------------------------------------------

==============================================================================


      Code (inc. data)   RO Data    RW Data    ZI Data      Debug   

     29380       2684        708        356       7716     544741   Grand Totals
     29380       2684        708         44       7716     544741   ELF Image Totals (compressed)
     29380       2684        708         44          0          0   ROM Totals

==============================================================================

    Total RO  Size (Code + RO Data)                30088 (  29.38kB)
    Total RW  Size (RW Data + ZI Data)              8072 (   7.88kB)
    Total ROM Size (Code + RO Data + RW Data)      30132 (  29.43kB)

==============================================================================

